Archive member included to satisfy reference by file (symbol)

/usr/local/m68k-elf/lib/libc.a(libc_a-exit.o)
                              crt0.o (exit)
/usr/local/m68k-elf/lib/libc.a(libc_a-findfp.o)
                              /usr/local/m68k-elf/lib/libc.a(libc_a-exit.o) (__stdio_exit_handler)
/usr/local/m68k-elf/lib/libc.a(libc_a-fputc.o)
                              test3.o (fputc)
/usr/local/m68k-elf/lib/libc.a(libc_a-fscanf.o)
                              test3.o (fscanf)
/usr/local/m68k-elf/lib/libc.a(libc_a-fwalk.o)
                              /usr/local/m68k-elf/lib/libc.a(libc_a-findfp.o) (_fwalk_sglue)
/usr/local/m68k-elf/lib/libc.a(libc_a-fwrite.o)
                              test3.o (fwrite)
/usr/local/m68k-elf/lib/libc.a(libc_a-putc.o)
                              /usr/local/m68k-elf/lib/libc.a(libc_a-fputc.o) (_putc_r)
/usr/local/m68k-elf/lib/libc.a(libc_a-stdio.o)
                              /usr/local/m68k-elf/lib/libc.a(libc_a-findfp.o) (__sread)
/usr/local/m68k-elf/lib/libc.a(libc_a-wbuf.o)
                              /usr/local/m68k-elf/lib/libc.a(libc_a-putc.o) (__swbuf_r)
/usr/local/m68k-elf/lib/libc.a(libc_a-wsetup.o)
                              /usr/local/m68k-elf/lib/libc.a(libc_a-wbuf.o) (__swsetup_r)
/usr/local/m68k-elf/lib/libc.a(libc_a-closer.o)
                              /usr/local/m68k-elf/lib/libc.a(libc_a-stdio.o) (_close_r)
/usr/local/m68k-elf/lib/libc.a(libc_a-reent.o)
                              /usr/local/m68k-elf/lib/libc.a(libc_a-closer.o) (errno)
/usr/local/m68k-elf/lib/libc.a(libc_a-impure.o)
                              /usr/local/m68k-elf/lib/libc.a(libc_a-fputc.o) (_impure_ptr)
/usr/local/m68k-elf/lib/libc.a(libc_a-lseekr.o)
                              /usr/local/m68k-elf/lib/libc.a(libc_a-stdio.o) (_lseek_r)
/usr/local/m68k-elf/lib/libc.a(libc_a-readr.o)
                              /usr/local/m68k-elf/lib/libc.a(libc_a-stdio.o) (_read_r)
/usr/local/m68k-elf/lib/libc.a(libc_a-writer.o)
                              /usr/local/m68k-elf/lib/libc.a(libc_a-stdio.o) (_write_r)
/usr/local/m68k-elf/lib/libc.a(libc_a-memset.o)
                              /usr/local/m68k-elf/lib/libc.a(libc_a-findfp.o) (memset)
/usr/local/m68k-elf/lib/libc.a(libc_a-__call_atexit.o)
                              /usr/local/m68k-elf/lib/libc.a(libc_a-exit.o) (__call_exitprocs)
/usr/local/m68k-elf/lib/libc.a(libc_a-freer.o)
                              /usr/local/m68k-elf/lib/libc.a(libc_a-wsetup.o) (_free_r)
/usr/local/m68k-elf/lib/libc.a(libc_a-mallocr.o)
                              /usr/local/m68k-elf/lib/libc.a(libc_a-findfp.o) (_malloc_r)
/usr/local/m68k-elf/lib/libc.a(libc_a-mlock.o)
                              /usr/local/m68k-elf/lib/libc.a(libc_a-freer.o) (__malloc_lock)
/usr/local/m68k-elf/lib/libc.a(libc_a-vfscanf.o)
                              /usr/local/m68k-elf/lib/libc.a(libc_a-fscanf.o) (_vfscanf_r)
/usr/local/m68k-elf/lib/libc.a(libc_a-fclose.o)
                              /usr/local/m68k-elf/lib/libc.a(libc_a-findfp.o) (_fclose_r)
/usr/local/m68k-elf/lib/libc.a(libc_a-fflush.o)
                              /usr/local/m68k-elf/lib/libc.a(libc_a-fclose.o) (__sflush_r)
/usr/local/m68k-elf/lib/libc.a(libc_a-fread.o)
                              /usr/local/m68k-elf/lib/libc.a(libc_a-vfscanf.o) (_fread_r)
/usr/local/m68k-elf/lib/libc.a(libc_a-fvwrite.o)
                              /usr/local/m68k-elf/lib/libc.a(libc_a-fwrite.o) (__sfvwrite_r)
/usr/local/m68k-elf/lib/libc.a(libc_a-makebuf.o)
                              /usr/local/m68k-elf/lib/libc.a(libc_a-wsetup.o) (__smakebuf_r)
/usr/local/m68k-elf/lib/libc.a(libc_a-refill.o)
                              /usr/local/m68k-elf/lib/libc.a(libc_a-vfscanf.o) (__srefill_r)
/usr/local/m68k-elf/lib/libc.a(libc_a-sccl.o)
                              /usr/local/m68k-elf/lib/libc.a(libc_a-vfscanf.o) (__sccl)
/usr/local/m68k-elf/lib/libc.a(libc_a-sprintf.o)
                              /usr/local/m68k-elf/lib/libc.a(libc_a-vfscanf.o) (sprintf)
/usr/local/m68k-elf/lib/libc.a(libc_a-ungetc.o)
                              /usr/local/m68k-elf/lib/libc.a(libc_a-vfscanf.o) (_ungetc_r)
/usr/local/m68k-elf/lib/libc.a(libc_a-memchr.o)
                              /usr/local/m68k-elf/lib/libc.a(libc_a-fvwrite.o) (memchr)
/usr/local/m68k-elf/lib/libc.a(libc_a-memmove.o)
                              /usr/local/m68k-elf/lib/libc.a(libc_a-fvwrite.o) (memmove)
/usr/local/m68k-elf/lib/libc.a(libc_a-locale.o)
                              /usr/local/m68k-elf/lib/libc.a(libc_a-vfscanf.o) (__locale_mb_cur_max)
/usr/local/m68k-elf/lib/libc.a(libc_a-localeconv.o)
                              /usr/local/m68k-elf/lib/libc.a(libc_a-vfscanf.o) (_localeconv_r)
/usr/local/m68k-elf/lib/libc.a(libc_a-fstatr.o)
                              /usr/local/m68k-elf/lib/libc.a(libc_a-makebuf.o) (_fstat_r)
/usr/local/m68k-elf/lib/libc.a(libc_a-isattyr.o)
[...]
Memory Configuration

Name             Origin             Length             Attributes
ram              0x0000000000000000 0x0000000000040000 xrw
rom0             0x0000000000c00000 0x0000000000080000
device           0x0000000000fff000 0x0000000000001000
*default*        0x0000000000000000 0xffffffffffffffff

Linker script and memory map

LOAD crt0.o
LOAD mon.o
LOAD csys68k.o
LOAD inchrw.o
LOAD mtk_asm.o
LOAD mtk_c.o
LOAD outchr.o
LOAD test3.o
START GROUP
LOAD /usr/local/m68k-elf/lib/libidp.a
LOAD /usr/local/m68k-elf/lib/libc.a
LOAD /usr/local/lib/gcc/m68k-elf/11/libgcc.a
END GROUP
                0x0000000000000000                __DYNAMIC = 0x0
                0x000000000003fff0                PROVIDE (__stack = 0x3fff0)
                0x0000000000000000                PROVIDE (hardware_init_hook = 0x0)
                [!provide]                        PROVIDE (_hardware_init_hook = 0x0)
                0x0000000000000000                PROVIDE (software_init_hook = 0x0)
                [!provide]                        PROVIDE (_software_init_hook = 0x0)

.vector
 *(.vector)

.text           0x0000000000000400    0x11b3c
                0x0000000000000400                __text_start = .
 *(.text)
 .text          0x0000000000000400       0x90 crt0.o
                0x000000000000043c                start
 .text          0x0000000000000490      0x498 mon.o
                0x0000000000000490                monitor_begin
 .text          0x0000000000000928      0x100 csys68k.o
                0x0000000000000928                read
                0x00000000000009cc                write
 .text          0x0000000000000a28       0x60 inchrw.o
                0x0000000000000a28                inbyte
 .text          0x0000000000000a88      0x12a mtk_asm.o
                0x0000000000000a88                swtch
                0x0000000000000ad4                first_task
                0x0000000000000afa                hard_clock
                0x0000000000000b38                init_timer
                0x0000000000000b54                P
                0x0000000000000b66                V
                0x0000000000000b78                pv_handler
 *fill*         0x0000000000000bb2        0x2 
 .text          0x0000000000000bb4      0x47c mtk_c.o
                0x0000000000000bb4                init_kernel
                0x0000000000000c10                set_task
                0x0000000000000cce                init_stack
                0x0000000000000d10                begin_sch
                0x0000000000000d44                addq
                0x0000000000000d8e                removeq
                0x0000000000000dae                sched
                0x0000000000000dda                sleep
                0x0000000000000e6e                wakeup
                0x0000000000000eee                p_body
                0x0000000000000f90                v_body
 .text          0x0000000000001030       0x26 outchr.o
                0x0000000000001030                outbyte
 *fill*         0x0000000000001056        0x2 
 .text          0x0000000000001058       0x40 test3.o
                0x0000000000001058                task1
                0x000000000000105a                task2
                0x000000000000105c                init_ports
 .text          0x0000000000001098       0x28 /usr/local/m68k-elf/lib/libc.a(libc_a-exit.o)
                0x0000000000001098                exit
 .text          0x00000000000010c0      0x362 /usr/local/m68k-elf/lib/libc.a(libc_a-findfp.o)
                0x00000000000012c0                __sfp
                0x00000000000013ce                __sinit
                0x00000000000013ee                __sfp_lock_acquire
                0x00000000000013f0                __sfp_lock_release
                0x00000000000013f2                __fp_lock_all
                0x000000000000140a                __fp_unlock_all
 *fill*         0x0000000000001422        0x2 
 .text          0x0000000000001424       0xa0 /usr/local/m68k-elf/lib/libc.a(libc_a-fputc.o)
                0x0000000000001424                _fputc_r
                0x0000000000001476                fputc
 .text          0x00000000000014c4       0x46 /usr/local/m68k-elf/lib/libc.a(libc_a-fscanf.o)
                0x00000000000014c4                fscanf
                0x00000000000014e8                _fscanf_r
 *fill*         0x000000000000150a        0x2 
 .text          0x000000000000150c       0x56 /usr/local/m68k-elf/lib/libc.a(libc_a-fwalk.o)
                0x000000000000150c                _fwalk_sglue
 *fill*         0x0000000000001562        0x2 
 .text          0x0000000000001564      0x15e /usr/local/m68k-elf/lib/libc.a(libc_a-fwrite.o)
                0x0000000000001564                _fwrite_r
                0x0000000000001612                fwrite
 *fill*         0x00000000000016c2        0x2 
 .text          0x00000000000016c4       0xec /usr/local/m68k-elf/lib/libc.a(libc_a-putc.o)
                0x00000000000016c4                _putc_r
                0x000000000000173c                putc
 .text          0x00000000000017b0      0x114 /usr/local/m68k-elf/lib/libc.a(libc_a-stdio.o)
                0x00000000000017b0                __sread
                0x00000000000017e8                __seofread
                0x00000000000017ec                __swrite
                0x0000000000001872                __sseek
                0x00000000000018b2                __sclose
 .text          0x00000000000018c4      0x12a /usr/local/m68k-elf/lib/libc.a(libc_a-wbuf.o)
                0x00000000000018c4                __swbuf_r
                0x00000000000019d6                __swbuf
 *fill*         0x00000000000019ee        0x2 
 .text          0x00000000000019f0      0x12a /usr/local/m68k-elf/lib/libc.a(libc_a-wsetup.o)
                0x00000000000019f0                __swsetup_r
 *fill*         0x0000000000001b1a        0x2 
 .text          0x0000000000001b1c       0x2a /usr/local/m68k-elf/lib/libc.a(libc_a-closer.o)
                0x0000000000001b1c                _close_r
 *fill*         0x0000000000001b46        0x2 
 .text          0x0000000000001b48       0x92 /usr/local/m68k-elf/lib/libc.a(libc_a-reent.o)
                0x0000000000001b48                _reclaim_reent
 *fill*         0x0000000000001bda        0x2 
 .text          0x0000000000001bdc        0x0 /usr/local/m68k-elf/lib/libc.a(libc_a-impure.o)
 .text          0x0000000000001bdc       0x34 /usr/local/m68k-elf/lib/libc.a(libc_a-lseekr.o)
                0x0000000000001bdc                _lseek_r
 .text          0x0000000000001c10       0x34 /usr/local/m68k-elf/lib/libc.a(libc_a-readr.o)
                0x0000000000001c10                _read_r
 .text          0x0000000000001c44       0x34 /usr/local/m68k-elf/lib/libc.a(libc_a-writer.o)
                0x0000000000001c44                _write_r
 .text          0x0000000000001c78       0x72 /usr/local/m68k-elf/lib/libc.a(libc_a-memset.o)
                0x0000000000001c78                memset
 *fill*         0x0000000000001cea        0x2 
 .text          0x0000000000001cec       0xaa /usr/local/m68k-elf/lib/libc.a(libc_a-__call_atexit.o)
                0x0000000000001cec                __call_exitprocs
 *fill*         0x0000000000001d96        0x2 
 .text          0x0000000000001d98      0x424 /usr/local/m68k-elf/lib/libc.a(libc_a-freer.o)
                0x0000000000001d98                _malloc_trim_r
                0x0000000000001e72                _free_r
 .text          0x00000000000021bc      0x85a /usr/local/m68k-elf/lib/libc.a(libc_a-mallocr.o)
                0x00000000000021bc                _malloc_r
 *fill*         0x0000000000002a16        0x2 
 .text          0x0000000000002a18        0x4 /usr/local/m68k-elf/lib/libc.a(libc_a-mlock.o)
                0x0000000000002a18                __malloc_lock
                0x0000000000002a1a                __malloc_unlock
 .text          0x0000000000002a1c     0x188c /usr/local/m68k-elf/lib/libc.a(libc_a-vfscanf.o)
                0x0000000000002a1c                __svfscanf_r
                0x00000000000041e0                vfscanf
                0x0000000000004232                __svfscanf
                0x000000000000424e                _vfscanf_r
 .text          0x00000000000042a8       0xea /usr/local/m68k-elf/lib/libc.a(libc_a-fclose.o)
                0x00000000000042a8                _fclose_r
                0x0000000000004380                fclose
 *fill*         0x0000000000004392        0x2 
 .text          0x0000000000004394      0x296 /usr/local/m68k-elf/lib/libc.a(libc_a-fflush.o)
                0x0000000000004394                __sflush_r
                0x0000000000004578                _fflush_r
                0x00000000000045ba                fflush
 *fill*         0x000000000000462a        0x2 
 .text          0x000000000000462c      0x1ee /usr/local/m68k-elf/lib/libc.a(libc_a-fread.o)
                0x000000000000462c                _fread_r
                0x00000000000047fa                fread
 *fill*         0x000000000000481a        0x2 
 .text          0x000000000000481c      0x3cc /usr/local/m68k-elf/lib/libc.a(libc_a-fvwrite.o)
                0x000000000000481c                __sfvwrite_r
 .text          0x0000000000004be8      0x1d2 /usr/local/m68k-elf/lib/libc.a(libc_a-makebuf.o)
                0x0000000000004be8                __smakebuf_r
                0x0000000000004d1e                __swhatbuf_r
 *fill*         0x0000000000004dba        0x2 
 .text          0x0000000000004dbc      0x1fc /usr/local/m68k-elf/lib/libc.a(libc_a-refill.o)
                0x0000000000004de4                __srefill_r
 .text          0x0000000000004fb8       0xce /usr/local/m68k-elf/lib/libc.a(libc_a-sccl.o)
                0x0000000000004fb8                __sccl
 *fill*         0x0000000000005086        0x2 
 .text          0x0000000000005088       0xa2 /usr/local/m68k-elf/lib/libc.a(libc_a-sprintf.o)
                0x0000000000005088                _sprintf_r
                0x00000000000050d8                sprintf
 *fill*         0x000000000000512a        0x2 
 .text          0x000000000000512c      0x1fe /usr/local/m68k-elf/lib/libc.a(libc_a-ungetc.o)
                0x000000000000512c                __submore
                0x00000000000051ce                _ungetc_r
                0x0000000000005312                ungetc
 *fill*         0x000000000000532a        0x2 
 .text          0x000000000000532c       0x9c /usr/local/m68k-elf/lib/libc.a(libc_a-memchr.o)
                0x000000000000532c                memchr
 .text          0x00000000000053c8       0xfa /usr/local/m68k-elf/lib/libc.a(libc_a-memmove.o)
                0x00000000000053c8                memmove
 *fill*         0x00000000000054c2        0x2 
 .text          0x00000000000054c4       0xb4 /usr/local/m68k-elf/lib/libc.a(libc_a-locale.o)
                0x00000000000054c4                _setlocale_r
                0x0000000000005518                __locale_mb_cur_max
                0x0000000000005524                setlocale
 .text          0x0000000000005578       0x1c /usr/local/m68k-elf/lib/libc.a(libc_a-localeconv.o)
                0x0000000000005578                __localeconv_l
                0x0000000000005584                _localeconv_r
                0x000000000000558c                localeconv
 .text          0x0000000000005594       0x2e /usr/local/m68k-elf/lib/libc.a(libc_a-fstatr.o)
                0x0000000000005594                _fstat_r
 *fill*         0x00000000000055c2        0x2 
 .text          0x00000000000055c4       0x2a /usr/local/m68k-elf/lib/libc.a(libc_a-isattyr.o)
                0x00000000000055c4                _isatty_r
 *fill*         0x00000000000055ee        0x2 
 .text          0x00000000000055f0       0x2a /usr/local/m68k-elf/lib/libc.a(libc_a-sbrkr.o)
                0x00000000000055f0                _sbrk_r
 *fill*         0x000000000000561a        0x2 
 .text          0x000000000000561c       0x6e /usr/local/m68k-elf/lib/libc.a(libc_a-memcpy.o)
                0x000000000000561c                memcpy
 *fill*         0x000000000000568a        0x2 
 .text          0x000000000000568c        0x8 /usr/local/m68k-elf/lib/libc.a(libm_a-sf_nan.o)
                0x000000000000568c                nanf
 .text          0x0000000000005694       0x4c /usr/local/m68k-elf/lib/libc.a(libc_a-mbtowc_r.o)
                0x0000000000005694                _mbtowc_r
                0x000000000000569c                __ascii_mbtowc
 .text          0x00000000000056e0      0x61a /usr/local/m68k-elf/lib/libc.a(libc_a-reallocr.o)
                0x00000000000056e0                _realloc_r
 *fill*         0x0000000000005cfa        0x2 
 .text          0x0000000000005cfc     0x1980 /usr/local/m68k-elf/lib/libc.a(libc_a-strtod.o)
                0x0000000000005cfc                _strtod_l
                0x0000000000007422                _strtod_r
                0x000000000000743e                strtod_l
                0x000000000000745a                strtod
                0x0000000000007478                strtof_l
                0x0000000000007574                strtof
 .text          0x000000000000767c      0x2ba /usr/local/m68k-elf/lib/libc.a(libc_a-strtol.o)
                0x00000000000078f8                _strtol_r
                0x00000000000078fc                strtol_l
                0x000000000000791a                strtol
 *fill*         0x0000000000007936        0x2 
 .text          0x0000000000007938      0x240 /usr/local/m68k-elf/lib/libc.a(libc_a-strtoul.o)
                0x0000000000007b3a                _strtoul_r
                0x0000000000007b3e                strtoul_l
                0x0000000000007b5c                strtoul
 .text          0x0000000000007b78       0x36 /usr/local/m68k-elf/lib/libc.a(libc_a-wctomb_r.o)
                0x0000000000007b78                _wctomb_r
                0x0000000000007b80                __ascii_wctomb
 *fill*         0x0000000000007bae        0x2 
 .text          0x0000000000007bb0       0xc8 /usr/local/m68k-elf/lib/libc.a(libc_a-mbrtowc.o)
                0x0000000000007bb0                _mbrtowc_r
                0x0000000000007c12                mbrtowc
 .text          0x0000000000007c78        0x0 /usr/local/m68k-elf/lib/libc.a(libc_a-ctype_.o)
 .text          0x0000000000007c78       0x10 /usr/local/m68k-elf/lib/libc.a(libc_a-iswspace.o)
                0x0000000000007c78                iswspace
 .text          0x0000000000007c88       0x26 /usr/local/m68k-elf/lib/libc.a(libc_a-iswspace_l.o)
                0x0000000000007c88                iswspace_l
 *fill*         0x0000000000007cae        0x2 
 .text          0x0000000000007cb0     0x1db0 /usr/local/m68k-elf/lib/libc.a(libc_a-svfprintf.o)
                0x0000000000007cb0                _svfprintf_r
 .text          0x0000000000009a60       0x6e /usr/local/m68k-elf/lib/libc.a(libc_a-strcmp.o)
                0x0000000000009a60                strcmp
 *fill*         0x0000000000009ace        0x2 
 .text          0x0000000000009ad0       0xa4 /usr/local/m68k-elf/lib/libc.a(libc_a-strncmp.o)
                0x0000000000009ad0                strncmp
 .text          0x0000000000009b74        0x8 /usr/local/m68k-elf/lib/libc.a(libc_a-errno.o)
                0x0000000000009b74                __errno
 .text          0x0000000000009b7c       0x14 /usr/local/m68k-elf/lib/libc.a(libc_a-strlen.o)
                0x0000000000009b7c                strlen
 .text          0x0000000000009b90        0xa /usr/local/m68k-elf/lib/libc.a(libm_a-s_nan.o)
                0x0000000000009b90                nan
 *fill*         0x0000000000009b9a        0x2 
 .text          0x0000000000009b9c     0x1ae0 /usr/local/m68k-elf/lib/libc.a(libc_a-dtoa.o)
                0x0000000000009d24                _dtoa_r
 .text          0x000000000000b67c      0x8d0 /usr/local/m68k-elf/lib/libc.a(libc_a-gdtoa-gethex.o)
                0x000000000000b74a                __gethex
 .text          0x000000000000bf4c      0x268 /usr/local/m68k-elf/lib/libc.a(libc_a-gdtoa-hexnan.o)
                0x000000000000bf4c                __match
                0x000000000000bf92                __hexnan
 .text          0x000000000000c1b4      0xe1a /usr/local/m68k-elf/lib/libc.a(libc_a-mprec.o)
                0x000000000000c1b4                _Balloc
                0x000000000000c244                _Bfree
                0x000000000000c268                __multadd
                0x000000000000c362                __s2b
                0x000000000000c43e                __hi0bits
                0x000000000000c498                __lo0bits
                0x000000000000c50e                __i2b
                0x000000000000c5b2                __multiply
                0x000000000000c7c2                __pow5mult
                0x000000000000c8ba                __lshift
                0x000000000000c9aa                __mcmp
                0x000000000000c9f8                __mdiff
                0x000000000000cbce                __ulp
                0x000000000000cc20                __b2d
                0x000000000000cd12                __d2b
                0x000000000000ce2c                __ratio
                0x000000000000cec4                _mprec_log10
                0x000000000000cf1e                __copybits
                0x000000000000cf74                __any_on
 *fill*         0x000000000000cfce        0x2 
 .text          0x000000000000cfd0      0xe32 /usr/local/m68k-elf/lib/libc.a(libc_a-svfiprintf.o)
                0x000000000000cfd0                __ssprint_r
                0x000000000000d130                _svfiprintf_r
 *fill*         0x000000000000de02        0x2 
 .text          0x000000000000de04       0x80 /usr/local/m68k-elf/lib/libc.a(libc_a-assert.o)
                0x000000000000de04                __assert_func
                0x000000000000de72                __assert
 .text          0x000000000000de84      0x122 /usr/local/m68k-elf/lib/libc.a(libc_a-callocr.o)
                0x000000000000de84                _calloc_r
 *fill*         0x000000000000dfa6        0x2 
 .text          0x000000000000dfa8       0x46 /usr/local/m68k-elf/lib/libc.a(libc_a-fiprintf.o)
                0x000000000000dfa8                _fiprintf_r
                0x000000000000dfca                fiprintf
 *fill*         0x000000000000dfee        0x2 
 .text          0x000000000000dff0     0x11c4 /usr/local/m68k-elf/lib/libc.a(libc_a-vfiprintf.o)
                0x000000000000e08c                __sprint_r
                0x000000000000e0b6                _vfiprintf_r
                0x000000000000f0f6                vfiprintf
 .text          0x000000000000f1b4      0x166 /usr/local/m68k-elf/lib/libc.a(libc_a-fputwc.o)
                0x000000000000f1b4                __fputwc
                0x000000000000f292                _fputwc_r
                0x000000000000f2c6                fputwc
 *fill*         0x000000000000f31a        0x2 
 .text          0x000000000000f31c       0x14 /usr/local/m68k-elf/lib/libc.a(libc_a-abort.o)
                0x000000000000f31c                abort
 .text          0x000000000000f330       0xc8 /usr/local/m68k-elf/lib/libc.a(libc_a-wcrtomb.o)
                0x000000000000f330                _wcrtomb_r
                0x000000000000f390                wcrtomb
 .text          0x000000000000f3f8      0x390 /usr/local/m68k-elf/lib/libc.a(libc_a-signal.o)
                0x000000000000f3f8                _init_signal_r
                0x000000000000f43a                _signal_r
                0x000000000000f4a6                _raise_r
                0x000000000000f52a                __sigtramp_r
                0x000000000000f5bc                raise
                0x000000000000f642                signal
                0x000000000000f6b0                _init_signal
                0x000000000000f6f4                __sigtramp
 .text          0x000000000000f788       0x34 /usr/local/m68k-elf/lib/libc.a(libc_a-signalr.o)
                0x000000000000f788                _kill_r
                0x000000000000f7b6                _getpid_r
 .text          0x000000000000f7bc       0x22 /usr/local/lib/gcc/m68k-elf/11/libgcc.a(_mulsi3.o)
                0x000000000000f7bc                __mulsi3
 *fill*         0x000000000000f7de        0x2 
 .text          0x000000000000f7e0       0x5c /usr/local/lib/gcc/m68k-elf/11/libgcc.a(_udivsi3.o)
                0x000000000000f7e0                __udivsi3
 .text          0x000000000000f83c       0x2e /usr/local/lib/gcc/m68k-elf/11/libgcc.a(_divsi3.o)
                0x000000000000f83c                __divsi3
 *fill*         0x000000000000f86a        0x2 
 .text          0x000000000000f86c       0x2e /usr/local/lib/gcc/m68k-elf/11/libgcc.a(_umodsi3.o)
                0x000000000000f86c                __umodsi3
 *fill*         0x000000000000f89a        0x2 
 .text          0x000000000000f89c       0x2e /usr/local/lib/gcc/m68k-elf/11/libgcc.a(_modsi3.o)
                0x000000000000f89c                __modsi3
 *fill*         0x000000000000f8ca        0x2 
 .text          0x000000000000f8cc      0x9cc /usr/local/lib/gcc/m68k-elf/11/libgcc.a(_double.o)
                0x000000000000f926                __subdf3
                0x000000000000f92c                __adddf3
                0x000000000000fcc2                __muldf3
                0x000000000000fe70                __divdf3
                0x00000000000100e4                __negdf2
                0x0000000000010142                __cmpdf2_internal
                0x0000000000010212                __cmpdf2
 .text          0x0000000000010298       0x6a /usr/local/lib/gcc/m68k-elf/11/libgcc.a(_floatex.o)
                0x0000000000010298                __clear_sticky_bit
                0x00000000000102a6                $_exception_handler
 *fill*         0x0000000000010302        0x2 
 .text          0x0000000000010304       0x22 /usr/local/lib/gcc/m68k-elf/11/libgcc.a(_eqdf2.o)
                0x0000000000010304                __eqdf2
 *fill*         0x0000000000010326        0x2 
 .text          0x0000000000010328       0x22 /usr/local/lib/gcc/m68k-elf/11/libgcc.a(_nedf2.o)
                0x0000000000010328                __nedf2
 *fill*         0x000000000001034a        0x2 
 .text          0x000000000001034c       0x22 /usr/local/lib/gcc/m68k-elf/11/libgcc.a(_gtdf2.o)
                0x000000000001034c                __gtdf2
 *fill*         0x000000000001036e        0x2 
 .text          0x0000000000010370       0x22 /usr/local/lib/gcc/m68k-elf/11/libgcc.a(_ltdf2.o)
                0x0000000000010370                __ltdf2
 *fill*         0x0000000000010392        0x2 
 .text          0x0000000000010394       0x22 /usr/local/lib/gcc/m68k-elf/11/libgcc.a(_ledf2.o)
                0x0000000000010394                __ledf2
 *fill*         0x00000000000103b6        0x2 
 .text          0x00000000000103b8       0x1a /usr/local/lib/gcc/m68k-elf/11/libgcc.a(_lesf2.o)
                0x00000000000103b8                __lesf2
 *fill*         0x00000000000103d2        0x2 
 .text          0x00000000000103d4       0x66 /usr/local/lib/gcc/m68k-elf/11/libgcc.a(_fixunsdfsi.o)
                0x00000000000103d4                __fixunsdfsi
 *fill*         0x000000000001043a        0x2 
 .text          0x000000000001043c       0x52 /usr/local/lib/gcc/m68k-elf/11/libgcc.a(_fixdfdi.o)
                0x000000000001043c                __fixdfdi
 *fill*         0x000000000001048e        0x2 
 .text          0x0000000000010490       0x72 /usr/local/lib/gcc/m68k-elf/11/libgcc.a(_fixunsdfdi.o)
                0x0000000000010490                __fixunsdfdi
 *fill*         0x0000000000010502        0x2 
 .text          0x0000000000010504       0x4a /usr/local/lib/gcc/m68k-elf/11/libgcc.a(_floatdidf.o)
                0x0000000000010504                __floatdidf
 *fill*         0x000000000001054e        0x2 
 .text          0x0000000000010550      0x53a /usr/local/lib/gcc/m68k-elf/11/libgcc.a(fpgnulib.o)
                0x00000000000105fe                __unordsf2
                0x0000000000010654                __unorddf2
                0x00000000000106c4                __floatunsidf
                0x000000000001073a                __floatsidf
                0x000000000001074e                __floatunsisf
                0x00000000000107c8                __floatsisf
                0x00000000000107e4                __extendsfdf2
                0x0000000000010858                __truncdfsf2
                0x0000000000010966                __fixdfsi
                0x00000000000109f6                __fixsfsi
 *fill*         0x0000000000010a8a        0x2 
 .text          0x0000000000010a8c      0x8c0 /usr/local/lib/gcc/m68k-elf/11/libgcc.a(xfgnulib.o)
                0x0000000000010a8c                __unordxf2
                0x0000000000010b2c                __extenddfxf2
                0x0000000000010be0                __truncxfdf2
                0x0000000000010ca8                __extendsfxf2
                0x0000000000010d62                __truncxfsf2
                0x0000000000010e5c                __floatsixf
                0x0000000000010ea2                __floatunsixf
                0x0000000000010ee8                __fixxfsi
                0x0000000000010f0a                __addxf3
                0x0000000000010f80                __subxf3
                0x0000000000010ff6                __mulxf3
                0x000000000001106c                __divxf3
                0x00000000000110e2                __negxf2
                0x0000000000011138                __cmpxf2
                0x0000000000011184                __eqxf2
                0x00000000000111d0                __nexf2
                0x000000000001121c                __ltxf2
                0x0000000000011268                __lexf2
                0x00000000000112b4                __gtxf2
                0x0000000000011300                __gexf2
 .text          0x000000000001134c      0x72a /usr/local/lib/gcc/m68k-elf/11/libgcc.a(_float.o)
                0x0000000000011394                __subsf3
                0x000000000001139a                __addsf3
                0x0000000000011628                __mulsf3
                0x0000000000011754                __divsf3
                0x000000000001191a                __negsf2
                0x000000000001196c                __cmpsf2_internal
                0x0000000000011a08                __cmpsf2
 *fill*         0x0000000000011a76        0x2 
 .text          0x0000000000011a78       0x22 /usr/local/lib/gcc/m68k-elf/11/libgcc.a(_gedf2.o)
                0x0000000000011a78                __gedf2
 *fill*         0x0000000000011a9a        0x2 
 .text          0x0000000000011a9c        0x4 /usr/local/m68k-elf/lib/libidp.a(close.o)
                0x0000000000011a9c                close
 .text          0x0000000000011aa0       0x14 /usr/local/m68k-elf/lib/libidp.a(fstat.o)
                0x0000000000011aa0                fstat
 .text          0x0000000000011ab4        0x4 /usr/local/m68k-elf/lib/libidp.a(getpid.o)
                0x0000000000011ab4                getpid
 .text          0x0000000000011ab8        0x4 /usr/local/m68k-elf/lib/libidp.a(isatty.o)
                0x0000000000011ab8                isatty
 .text          0x0000000000011abc       0x16 /usr/local/m68k-elf/lib/libidp.a(kill.o)
                0x0000000000011abc                kill
 *fill*         0x0000000000011ad2        0x2 
 .text          0x0000000000011ad4       0x10 /usr/local/m68k-elf/lib/libidp.a(lseek.o)
                0x0000000000011ad4                lseek
 .text          0x0000000000011ae4       0x2a /usr/local/m68k-elf/lib/libidp.a(sbrk.o)
                0x0000000000011ae4                sbrk
 *fill*         0x0000000000011b0e        0x2 
 .text          0x0000000000011b10       0x12 /usr/local/m68k-elf/lib/libidp.a(mc68ec.o)
                0x0000000000011b10                _exit
                0x0000000000011b14                delay
                0x0000000000011b24                . = ALIGN (0x4)
 *fill*         0x0000000000011b22        0x2 
                0x0000000000011b24                __CTOR_LIST__ = .
                0x0000000000011b24                ___CTOR_LIST__ = .
                0x0000000000011b24        0x4 LONG 0x0 (((__CTOR_END__ - __CTOR_LIST__) / 0x4) - 0x2)
 *(.ctors)
                0x0000000000011b28        0x4 LONG 0x0
                0x0000000000011b2c                __CTOR_END__ = .
                0x0000000000011b2c                __DTOR_LIST__ = .
                0x0000000000011b2c                ___DTOR_LIST__ = .
                0x0000000000011b2c        0x4 LONG 0x0 (((__DTOR_END__ - __DTOR_LIST__) / 0x4) - 0x2)
 *(.dtors)
                0x0000000000011b30        0x4 LONG 0x0
                0x0000000000011b34                __DTOR_END__ = .
 *(.rodata)
 .rodata        0x0000000000011b34       0x22 /usr/local/m68k-elf/lib/libc.a(libc_a-vfscanf.o)
 .rodata        0x0000000000011b56       0x50 /usr/local/m68k-elf/lib/libc.a(libc_a-strtod.o)
 .rodata        0x0000000000011ba6      0x101 /usr/local/m68k-elf/lib/libc.a(libc_a-ctype_.o)
                0x0000000000011ba6                _ctype_
 .rodata        0x0000000000011ca7       0x20 /usr/local/m68k-elf/lib/libc.a(libc_a-svfprintf.o)
 .rodata        0x0000000000011cc7      0x100 /usr/local/m68k-elf/lib/libc.a(libc_a-gdtoa-gethex.o)
                0x0000000000011cc7                __hexdig
 *fill*         0x0000000000011dc7        0x1 
 .rodata        0x0000000000011dc8      0x124 /usr/local/m68k-elf/lib/libc.a(libc_a-mprec.o)
                0x0000000000011dd4                __mprec_tinytens
                0x0000000000011dfc                __mprec_bigtens
                0x0000000000011e24                __mprec_tens
 .rodata        0x0000000000011eec       0x20 /usr/local/m68k-elf/lib/libc.a(libc_a-svfiprintf.o)
 .rodata        0x0000000000011f0c       0x20 /usr/local/m68k-elf/lib/libc.a(libc_a-vfiprintf.o)
 *(.gcc_except_table)
                0x0000000000011f2c                __INIT_SECTION__ = .
                0x0000000000011f2c        0x4 LONG 0x4e560000
 *(.init)
                0x0000000000011f30        0x2 SHORT 0x4e5e
                0x0000000000011f32        0x2 SHORT 0x4e75
                0x0000000000011f34                __FINI_SECTION__ = .
                0x0000000000011f34        0x4 LONG 0x4e560000
 *(.fini)
                0x0000000000011f38        0x2 SHORT 0x4e5e
                0x0000000000011f3a        0x2 SHORT 0x4e75
                0x0000000000011f3c                _etext = .
 *(.lit)

.text.startup   0x0000000000011f3c       0x68
 .text.startup  0x0000000000011f3c       0x68 test3.o
                0x0000000000011f3c                main

.rodata.str1.1  0x0000000000011fa4      0x1fb
 .rodata.str1.1
                0x0000000000011fa4       0x18 test3.o
 .rodata.str1.1
                0x0000000000011fbc        0x6 /usr/local/m68k-elf/lib/libc.a(libc_a-vfscanf.o)
 .rodata.str1.1
                0x0000000000011fc2        0xb /usr/local/m68k-elf/lib/libc.a(libc_a-locale.o)
 .rodata.str1.1
                0x0000000000011fcd        0xf /usr/local/m68k-elf/lib/libc.a(libc_a-strtod.o)
 .rodata.str1.1
                0x0000000000011fdc        0x1 /usr/local/m68k-elf/lib/libc.a(libc_a-mbrtowc.o)
 .rodata.str1.1
                0x0000000000011fdd       0x3b /usr/local/m68k-elf/lib/libc.a(libc_a-svfprintf.o)
 .rodata.str1.1
                0x0000000000012018       0x59 /usr/local/m68k-elf/lib/libc.a(libc_a-dtoa.o)
 .rodata.str1.1
                0x0000000000012071       0x54 /usr/local/m68k-elf/lib/libc.a(libc_a-gdtoa-gethex.o)
 .rodata.str1.1
                0x00000000000120c5       0x4b /usr/local/m68k-elf/lib/libc.a(libc_a-mprec.o)
 .rodata.str1.1
                0x0000000000012110       0x29 /usr/local/m68k-elf/lib/libc.a(libc_a-svfiprintf.o)
 .rodata.str1.1
                0x0000000000012139       0x3d /usr/local/m68k-elf/lib/libc.a(libc_a-assert.o)
 .rodata.str1.1
                0x0000000000012176       0x29 /usr/local/m68k-elf/lib/libc.a(libc_a-vfiprintf.o)

.data           0x00000000000121a0      0xb1c
 *(.shdata)
 *(.data)
 .data          0x00000000000121a0        0x4 crt0.o
 .data          0x00000000000121a4      0x45a mon.o
 *fill*         0x00000000000125fe        0x2 
 .data          0x0000000000012600        0x0 csys68k.o
 .data          0x0000000000012600        0x0 inchrw.o
 .data          0x0000000000012600        0x0 mtk_asm.o
 .data          0x0000000000012600        0x0 mtk_c.o
 .data          0x0000000000012600        0x0 outchr.o
 .data          0x0000000000012600        0x0 test3.o
 .data          0x0000000000012600        0x0 /usr/local/m68k-elf/lib/libc.a(libc_a-exit.o)
 .data          0x0000000000012600        0xc /usr/local/m68k-elf/lib/libc.a(libc_a-findfp.o)
                0x0000000000012600                __sglue
 .data          0x000000000001260c        0x0 /usr/local/m68k-elf/lib/libc.a(libc_a-fputc.o)
 .data          0x000000000001260c        0x0 /usr/local/m68k-elf/lib/libc.a(libc_a-fscanf.o)
 .data          0x000000000001260c        0x0 /usr/local/m68k-elf/lib/libc.a(libc_a-fwalk.o)
 .data          0x000000000001260c        0x0 /usr/local/m68k-elf/lib/libc.a(libc_a-fwrite.o)
 .data          0x000000000001260c        0x0 /usr/local/m68k-elf/lib/libc.a(libc_a-putc.o)
 .data          0x000000000001260c        0x0 /usr/local/m68k-elf/lib/libc.a(libc_a-stdio.o)
 .data          0x000000000001260c        0x0 /usr/local/m68k-elf/lib/libc.a(libc_a-wbuf.o)
 .data          0x000000000001260c        0x0 /usr/local/m68k-elf/lib/libc.a(libc_a-wsetup.o)
 .data          0x000000000001260c        0x0 /usr/local/m68k-elf/lib/libc.a(libc_a-closer.o)
 .data          0x000000000001260c        0x0 /usr/local/m68k-elf/lib/libc.a(libc_a-reent.o)
 .data          0x000000000001260c      0x11a /usr/local/m68k-elf/lib/libc.a(libc_a-impure.o)
                0x000000000001260c                _impure_ptr
                0x0000000000012610                _impure_data
 *fill*         0x0000000000012726        0x2 
 .data          0x0000000000012728        0x0 /usr/local/m68k-elf/lib/libc.a(libc_a-lseekr.o)
 .data          0x0000000000012728        0x0 /usr/local/m68k-elf/lib/libc.a(libc_a-readr.o)
 .data          0x0000000000012728        0x0 /usr/local/m68k-elf/lib/libc.a(libc_a-writer.o)
 .data          0x0000000000012728        0x0 /usr/local/m68k-elf/lib/libc.a(libc_a-memset.o)
 .data          0x0000000000012728        0x0 /usr/local/m68k-elf/lib/libc.a(libc_a-__call_atexit.o)
 .data          0x0000000000012728        0x0 /usr/local/m68k-elf/lib/libc.a(libc_a-freer.o)
 .data          0x0000000000012728      0x410 /usr/local/m68k-elf/lib/libc.a(libc_a-mallocr.o)
                0x0000000000012728                __malloc_sbrk_base
                0x000000000001272c                __malloc_trim_threshold
                0x0000000000012730                __malloc_av_
 .data          0x0000000000012b38        0x0 /usr/local/m68k-elf/lib/libc.a(libc_a-mlock.o)
 .data          0x0000000000012b38        0x0 /usr/local/m68k-elf/lib/libc.a(libc_a-vfscanf.o)
 .data          0x0000000000012b38        0x0 /usr/local/m68k-elf/lib/libc.a(libc_a-fclose.o)
 .data          0x0000000000012b38        0x0 /usr/local/m68k-elf/lib/libc.a(libc_a-fflush.o)
 .data          0x0000000000012b38        0x0 /usr/local/m68k-elf/lib/libc.a(libc_a-fread.o)
 .data          0x0000000000012b38        0x0 /usr/local/m68k-elf/lib/libc.a(libc_a-fvwrite.o)
 .data          0x0000000000012b38        0x0 /usr/local/m68k-elf/lib/libc.a(libc_a-makebuf.o)
 .data          0x0000000000012b38        0x0 /usr/local/m68k-elf/lib/libc.a(libc_a-refill.o)
 .data          0x0000000000012b38        0x0 /usr/local/m68k-elf/lib/libc.a(libc_a-sccl.o)
 .data          0x0000000000012b38        0x0 /usr/local/m68k-elf/lib/libc.a(libc_a-sprintf.o)
 .data          0x0000000000012b38        0x0 /usr/local/m68k-elf/lib/libc.a(libc_a-ungetc.o)
 .data          0x0000000000012b38        0x0 /usr/local/m68k-elf/lib/libc.a(libc_a-memchr.o)
 .data          0x0000000000012b38        0x0 /usr/local/m68k-elf/lib/libc.a(libc_a-memmove.o)
 .data          0x0000000000012b38      0x168 /usr/local/m68k-elf/lib/libc.a(libc_a-locale.o)
                0x0000000000012b38                __global_locale
 .data          0x0000000000012ca0        0x0 /usr/local/m68k-elf/lib/libc.a(libc_a-localeconv.o)
 .data          0x0000000000012ca0        0x0 /usr/local/m68k-elf/lib/libc.a(libc_a-fstatr.o)
 .data          0x0000000000012ca0        0x0 /usr/local/m68k-elf/lib/libc.a(libc_a-isattyr.o)
 .data          0x0000000000012ca0        0x0 /usr/local/m68k-elf/lib/libc.a(libc_a-sbrkr.o)
 .data          0x0000000000012ca0        0x0 /usr/local/m68k-elf/lib/libc.a(libc_a-memcpy.o)
 .data          0x0000000000012ca0        0x0 /usr/local/m68k-elf/lib/libc.a(libm_a-sf_nan.o)
 .data          0x0000000000012ca0        0x0 /usr/local/m68k-elf/lib/libc.a(libc_a-mbtowc_r.o)
 .data          0x0000000000012ca0        0x0 /usr/local/m68k-elf/lib/libc.a(libc_a-reallocr.o)
 .data          0x0000000000012ca0        0x0 /usr/local/m68k-elf/lib/libc.a(libc_a-strtod.o)
 .data          0x0000000000012ca0        0x0 /usr/local/m68k-elf/lib/libc.a(libc_a-strtol.o)
 .data          0x0000000000012ca0        0x0 /usr/local/m68k-elf/lib/libc.a(libc_a-strtoul.o)
 .data          0x0000000000012ca0        0x0 /usr/local/m68k-elf/lib/libc.a(libc_a-wctomb_r.o)
 .data          0x0000000000012ca0        0x0 /usr/local/m68k-elf/lib/libc.a(libc_a-mbrtowc.o)
 .data          0x0000000000012ca0        0x0 /usr/local/m68k-elf/lib/libc.a(libc_a-ctype_.o)
 .data          0x0000000000012ca0        0x0 /usr/local/m68k-elf/lib/libc.a(libc_a-iswspace.o)
 .data          0x0000000000012ca0        0x0 /usr/local/m68k-elf/lib/libc.a(libc_a-iswspace_l.o)
 .data          0x0000000000012ca0        0x0 /usr/local/m68k-elf/lib/libc.a(libc_a-svfprintf.o)
 .data          0x0000000000012ca0        0x0 /usr/local/m68k-elf/lib/libc.a(libc_a-strcmp.o)
 .data          0x0000000000012ca0        0x0 /usr/local/m68k-elf/lib/libc.a(libc_a-strncmp.o)
 .data          0x0000000000012ca0        0x0 /usr/local/m68k-elf/lib/libc.a(libc_a-errno.o)
 .data          0x0000000000012ca0        0x0 /usr/local/m68k-elf/lib/libc.a(libc_a-strlen.o)
 .data          0x0000000000012ca0        0x0 /usr/local/m68k-elf/lib/libc.a(libm_a-s_nan.o)
 .data          0x0000000000012ca0        0x0 /usr/local/m68k-elf/lib/libc.a(libc_a-dtoa.o)
 .data          0x0000000000012ca0        0x0 /usr/local/m68k-elf/lib/libc.a(libc_a-gdtoa-gethex.o)
 .data          0x0000000000012ca0        0x0 /usr/local/m68k-elf/lib/libc.a(libc_a-gdtoa-hexnan.o)
 .data          0x0000000000012ca0        0x0 /usr/local/m68k-elf/lib/libc.a(libc_a-mprec.o)
 .data          0x0000000000012ca0        0x0 /usr/local/m68k-elf/lib/libc.a(libc_a-svfiprintf.o)
 .data          0x0000000000012ca0        0x0 /usr/local/m68k-elf/lib/libc.a(libc_a-assert.o)
 .data          0x0000000000012ca0        0x0 /usr/local/m68k-elf/lib/libc.a(libc_a-callocr.o)
 .data          0x0000000000012ca0        0x0 /usr/local/m68k-elf/lib/libc.a(libc_a-fiprintf.o)
 .data          0x0000000000012ca0        0x0 /usr/local/m68k-elf/lib/libc.a(libc_a-vfiprintf.o)
 .data          0x0000000000012ca0        0x0 /usr/local/m68k-elf/lib/libc.a(libc_a-fputwc.o)
 .data          0x0000000000012ca0        0x0 /usr/local/m68k-elf/lib/libc.a(libc_a-abort.o)
 .data          0x0000000000012ca0        0x0 /usr/local/m68k-elf/lib/libc.a(libc_a-wcrtomb.o)
 .data          0x0000000000012ca0        0x0 /usr/local/m68k-elf/lib/libc.a(libc_a-signal.o)
 .data          0x0000000000012ca0        0x0 /usr/local/m68k-elf/lib/libc.a(libc_a-signalr.o)
 .data          0x0000000000012ca0        0x0 /usr/local/lib/gcc/m68k-elf/11/libgcc.a(_mulsi3.o)
 .data          0x0000000000012ca0        0x0 /usr/local/lib/gcc/m68k-elf/11/libgcc.a(_udivsi3.o)
 .data          0x0000000000012ca0        0x0 /usr/local/lib/gcc/m68k-elf/11/libgcc.a(_divsi3.o)
 .data          0x0000000000012ca0        0x0 /usr/local/lib/gcc/m68k-elf/11/libgcc.a(_umodsi3.o)
 .data          0x0000000000012ca0        0x0 /usr/local/lib/gcc/m68k-elf/11/libgcc.a(_modsi3.o)
 .data          0x0000000000012ca0        0x0 /usr/local/lib/gcc/m68k-elf/11/libgcc.a(_double.o)
 .data          0x0000000000012ca0       0x1c /usr/local/lib/gcc/m68k-elf/11/libgcc.a(_floatex.o)
                0x0000000000012ca0                _fpCCR
 .data          0x0000000000012cbc        0x0 /usr/local/lib/gcc/m68k-elf/11/libgcc.a(_eqdf2.o)
 .data          0x0000000000012cbc        0x0 /usr/local/lib/gcc/m68k-elf/11/libgcc.a(_nedf2.o)
 .data          0x0000000000012cbc        0x0 /usr/local/lib/gcc/m68k-elf/11/libgcc.a(_gtdf2.o)
 .data          0x0000000000012cbc        0x0 /usr/local/lib/gcc/m68k-elf/11/libgcc.a(_ltdf2.o)
 .data          0x0000000000012cbc        0x0 /usr/local/lib/gcc/m68k-elf/11/libgcc.a(_ledf2.o)
 .data          0x0000000000012cbc        0x0 /usr/local/lib/gcc/m68k-elf/11/libgcc.a(_lesf2.o)
 .data          0x0000000000012cbc        0x0 /usr/local/lib/gcc/m68k-elf/11/libgcc.a(_fixunsdfsi.o)
 .data          0x0000000000012cbc        0x0 /usr/local/lib/gcc/m68k-elf/11/libgcc.a(_fixdfdi.o)
 .data          0x0000000000012cbc        0x0 /usr/local/lib/gcc/m68k-elf/11/libgcc.a(_fixunsdfdi.o)
 .data          0x0000000000012cbc        0x0 /usr/local/lib/gcc/m68k-elf/11/libgcc.a(_floatdidf.o)
 .data          0x0000000000012cbc        0x0 /usr/local/lib/gcc/m68k-elf/11/libgcc.a(fpgnulib.o)
 .data          0x0000000000012cbc        0x0 /usr/local/lib/gcc/m68k-elf/11/libgcc.a(xfgnulib.o)
 .data          0x0000000000012cbc        0x0 /usr/local/lib/gcc/m68k-elf/11/libgcc.a(_float.o)
 .data          0x0000000000012cbc        0x0 /usr/local/lib/gcc/m68k-elf/11/libgcc.a(_gedf2.o)
 .data          0x0000000000012cbc        0x0 /usr/local/m68k-elf/lib/libidp.a(close.o)
 .data          0x0000000000012cbc        0x0 /usr/local/m68k-elf/lib/libidp.a(fstat.o)
 .data          0x0000000000012cbc        0x0 /usr/local/m68k-elf/lib/libidp.a(getpid.o)
 .data          0x0000000000012cbc        0x0 /usr/local/m68k-elf/lib/libidp.a(isatty.o)
 .data          0x0000000000012cbc        0x0 /usr/local/m68k-elf/lib/libidp.a(kill.o)
 .data          0x0000000000012cbc        0x0 /usr/local/m68k-elf/lib/libidp.a(lseek.o)
 .data          0x0000000000012cbc        0x0 /usr/local/m68k-elf/lib/libidp.a(sbrk.o)
 .data          0x0000000000012cbc        0x0 /usr/local/m68k-elf/lib/libidp.a(mc68ec.o)
                0x0000000000012cbc                _edata = .

.bss            0x0000000000012cbc     0xab44
                0x0000000000012cbc                . = ALIGN (0x4)
                0x0000000000012cbc                __bss_start = .
 *(.shbss)
 *(.bss)
 .bss           0x0000000000012cbc        0x0 crt0.o
 .bss           0x0000000000012cbc     0x8104 mon.o
 .bss           0x000000000001adc0        0x0 csys68k.o
 .bss           0x000000000001adc0        0x2 inchrw.o
 *fill*         0x000000000001adc2        0x2 
 .bss           0x000000000001adc4        0x0 mtk_asm.o
 .bss           0x000000000001adc4     0x28ac mtk_c.o
                0x000000000001adc4                stacks
                0x000000000001d5c4                task_tab
                0x000000000001d63c                semaphore
                0x000000000001d660                ready
                0x000000000001d664                next_task
                0x000000000001d668                new_task
                0x000000000001d66c                curr_task
 .bss           0x000000000001d670        0x0 outchr.o
 .bss           0x000000000001d670       0x10 test3.o
                0x000000000001d670                com1out
                0x000000000001d674                com1in
                0x000000000001d678                com0out
                0x000000000001d67c                com0in
 .bss           0x000000000001d680        0x0 /usr/local/m68k-elf/lib/libc.a(libc_a-exit.o)
 .bss           0x000000000001d680      0x13c /usr/local/m68k-elf/lib/libc.a(libc_a-findfp.o)
                0x000000000001d680                __sf
                0x000000000001d7b8                __stdio_exit_handler
 .bss           0x000000000001d7bc        0x0 /usr/local/m68k-elf/lib/libc.a(libc_a-fputc.o)
 .bss           0x000000000001d7bc        0x0 /usr/local/m68k-elf/lib/libc.a(libc_a-fscanf.o)
 .bss           0x000000000001d7bc        0x0 /usr/local/m68k-elf/lib/libc.a(libc_a-fwalk.o)
 .bss           0x000000000001d7bc        0x0 /usr/local/m68k-elf/lib/libc.a(libc_a-fwrite.o)
 .bss           0x000000000001d7bc        0x0 /usr/local/m68k-elf/lib/libc.a(libc_a-putc.o)
 .bss           0x000000000001d7bc        0x0 /usr/local/m68k-elf/lib/libc.a(libc_a-stdio.o)
 .bss           0x000000000001d7bc        0x0 /usr/local/m68k-elf/lib/libc.a(libc_a-wbuf.o)
 .bss           0x000000000001d7bc        0x0 /usr/local/m68k-elf/lib/libc.a(libc_a-wsetup.o)
 .bss           0x000000000001d7bc        0x0 /usr/local/m68k-elf/lib/libc.a(libc_a-closer.o)
 .bss           0x000000000001d7bc        0x4 /usr/local/m68k-elf/lib/libc.a(libc_a-reent.o)
                0x000000000001d7bc                errno
 .bss           0x000000000001d7c0        0x0 /usr/local/m68k-elf/lib/libc.a(libc_a-impure.o)
 .bss           0x000000000001d7c0        0x0 /usr/local/m68k-elf/lib/libc.a(libc_a-lseekr.o)
 .bss           0x000000000001d7c0        0x0 /usr/local/m68k-elf/lib/libc.a(libc_a-readr.o)
 .bss           0x000000000001d7c0        0x0 /usr/local/m68k-elf/lib/libc.a(libc_a-writer.o)
 .bss           0x000000000001d7c0        0x0 /usr/local/m68k-elf/lib/libc.a(libc_a-memset.o)
 .bss           0x000000000001d7c0        0x4 /usr/local/m68k-elf/lib/libc.a(libc_a-__call_atexit.o)
                0x000000000001d7c0                __atexit
 .bss           0x000000000001d7c4        0x0 /usr/local/m68k-elf/lib/libc.a(libc_a-freer.o)
 .bss           0x000000000001d7c4       0x34 /usr/local/m68k-elf/lib/libc.a(libc_a-mallocr.o)
                0x000000000001d7c4                __malloc_current_mallinfo
                0x000000000001d7ec                __malloc_max_total_mem
                0x000000000001d7f0                __malloc_max_sbrked_mem
                0x000000000001d7f4                __malloc_top_pad
 .bss           0x000000000001d7f8        0x0 /usr/local/m68k-elf/lib/libc.a(libc_a-mlock.o)
 .bss           0x000000000001d7f8        0x0 /usr/local/m68k-elf/lib/libc.a(libc_a-vfscanf.o)
 .bss           0x000000000001d7f8        0x0 /usr/local/m68k-elf/lib/libc.a(libc_a-fclose.o)
 .bss           0x000000000001d7f8        0x0 /usr/local/m68k-elf/lib/libc.a(libc_a-fflush.o)
 .bss           0x000000000001d7f8        0x0 /usr/local/m68k-elf/lib/libc.a(libc_a-fread.o)
 .bss           0x000000000001d7f8        0x0 /usr/local/m68k-elf/lib/libc.a(libc_a-fvwrite.o)
 .bss           0x000000000001d7f8        0x0 /usr/local/m68k-elf/lib/libc.a(libc_a-makebuf.o)
 .bss           0x000000000001d7f8        0x0 /usr/local/m68k-elf/lib/libc.a(libc_a-refill.o)
 .bss           0x000000000001d7f8        0x0 /usr/local/m68k-elf/lib/libc.a(libc_a-sccl.o)
 .bss           0x000000000001d7f8        0x0 /usr/local/m68k-elf/lib/libc.a(libc_a-sprintf.o)
 .bss           0x000000000001d7f8        0x0 /usr/local/m68k-elf/lib/libc.a(libc_a-ungetc.o)
 .bss           0x000000000001d7f8        0x0 /usr/local/m68k-elf/lib/libc.a(libc_a-memchr.o)
 .bss           0x000000000001d7f8        0x0 /usr/local/m68k-elf/lib/libc.a(libc_a-memmove.o)
 .bss           0x000000000001d7f8        0x4 /usr/local/m68k-elf/lib/libc.a(libc_a-locale.o)
                0x000000000001d7f8                _PathLocale
 .bss           0x000000000001d7fc        0x0 /usr/local/m68k-elf/lib/libc.a(libc_a-localeconv.o)
 .bss           0x000000000001d7fc        0x0 /usr/local/m68k-elf/lib/libc.a(libc_a-fstatr.o)
 .bss           0x000000000001d7fc        0x0 /usr/local/m68k-elf/lib/libc.a(libc_a-isattyr.o)
 .bss           0x000000000001d7fc        0x0 /usr/local/m68k-elf/lib/libc.a(libc_a-sbrkr.o)
 .bss           0x000000000001d7fc        0x0 /usr/local/m68k-elf/lib/libc.a(libc_a-memcpy.o)
 .bss           0x000000000001d7fc        0x0 /usr/local/m68k-elf/lib/libc.a(libm_a-sf_nan.o)
 .bss           0x000000000001d7fc        0x0 /usr/local/m68k-elf/lib/libc.a(libc_a-mbtowc_r.o)
 .bss           0x000000000001d7fc        0x0 /usr/local/m68k-elf/lib/libc.a(libc_a-reallocr.o)
 .bss           0x000000000001d7fc        0x0 /usr/local/m68k-elf/lib/libc.a(libc_a-strtod.o)
 .bss           0x000000000001d7fc        0x0 /usr/local/m68k-elf/lib/libc.a(libc_a-strtol.o)
 .bss           0x000000000001d7fc        0x0 /usr/local/m68k-elf/lib/libc.a(libc_a-strtoul.o)
 .bss           0x000000000001d7fc        0x0 /usr/local/m68k-elf/lib/libc.a(libc_a-wctomb_r.o)
 .bss           0x000000000001d7fc        0x0 /usr/local/m68k-elf/lib/libc.a(libc_a-mbrtowc.o)
 .bss           0x000000000001d7fc        0x0 /usr/local/m68k-elf/lib/libc.a(libc_a-ctype_.o)
 .bss           0x000000000001d7fc        0x0 /usr/local/m68k-elf/lib/libc.a(libc_a-iswspace.o)
 .bss           0x000000000001d7fc        0x0 /usr/local/m68k-elf/lib/libc.a(libc_a-iswspace_l.o)
 .bss           0x000000000001d7fc        0x0 /usr/local/m68k-elf/lib/libc.a(libc_a-svfprintf.o)
 .bss           0x000000000001d7fc        0x0 /usr/local/m68k-elf/lib/libc.a(libc_a-strcmp.o)
 .bss           0x000000000001d7fc        0x0 /usr/local/m68k-elf/lib/libc.a(libc_a-strncmp.o)
 .bss           0x000000000001d7fc        0x0 /usr/local/m68k-elf/lib/libc.a(libc_a-errno.o)
 .bss           0x000000000001d7fc        0x0 /usr/local/m68k-elf/lib/libc.a(libc_a-strlen.o)
 .bss           0x000000000001d7fc        0x0 /usr/local/m68k-elf/lib/libc.a(libm_a-s_nan.o)
 .bss           0x000000000001d7fc        0x0 /usr/local/m68k-elf/lib/libc.a(libc_a-dtoa.o)
 .bss           0x000000000001d7fc        0x0 /usr/local/m68k-elf/lib/libc.a(libc_a-gdtoa-gethex.o)
 .bss           0x000000000001d7fc        0x0 /usr/local/m68k-elf/lib/libc.a(libc_a-gdtoa-hexnan.o)
 .bss           0x000000000001d7fc        0x0 /usr/local/m68k-elf/lib/libc.a(libc_a-mprec.o)
 .bss           0x000000000001d7fc        0x0 /usr/local/m68k-elf/lib/libc.a(libc_a-svfiprintf.o)
 .bss           0x000000000001d7fc        0x0 /usr/local/m68k-elf/lib/libc.a(libc_a-assert.o)
 .bss           0x000000000001d7fc        0x0 /usr/local/m68k-elf/lib/libc.a(libc_a-callocr.o)
 .bss           0x000000000001d7fc        0x0 /usr/local/m68k-elf/lib/libc.a(libc_a-fiprintf.o)
 .bss           0x000000000001d7fc        0x0 /usr/local/m68k-elf/lib/libc.a(libc_a-vfiprintf.o)
 .bss           0x000000000001d7fc        0x0 /usr/local/m68k-elf/lib/libc.a(libc_a-fputwc.o)
 .bss           0x000000000001d7fc        0x0 /usr/local/m68k-elf/lib/libc.a(libc_a-abort.o)
 .bss           0x000000000001d7fc        0x0 /usr/local/m68k-elf/lib/libc.a(libc_a-wcrtomb.o)
 .bss           0x000000000001d7fc        0x0 /usr/local/m68k-elf/lib/libc.a(libc_a-signal.o)
 .bss           0x000000000001d7fc        0x0 /usr/local/m68k-elf/lib/libc.a(libc_a-signalr.o)
 .bss           0x000000000001d7fc        0x0 /usr/local/lib/gcc/m68k-elf/11/libgcc.a(_mulsi3.o)
 .bss           0x000000000001d7fc        0x0 /usr/local/lib/gcc/m68k-elf/11/libgcc.a(_udivsi3.o)
 .bss           0x000000000001d7fc        0x0 /usr/local/lib/gcc/m68k-elf/11/libgcc.a(_divsi3.o)
 .bss           0x000000000001d7fc        0x0 /usr/local/lib/gcc/m68k-elf/11/libgcc.a(_umodsi3.o)
 .bss           0x000000000001d7fc        0x0 /usr/local/lib/gcc/m68k-elf/11/libgcc.a(_modsi3.o)
 .bss           0x000000000001d7fc        0x0 /usr/local/lib/gcc/m68k-elf/11/libgcc.a(_double.o)
 .bss           0x000000000001d7fc        0x0 /usr/local/lib/gcc/m68k-elf/11/libgcc.a(_floatex.o)
 .bss           0x000000000001d7fc        0x0 /usr/local/lib/gcc/m68k-elf/11/libgcc.a(_eqdf2.o)
 .bss           0x000000000001d7fc        0x0 /usr/local/lib/gcc/m68k-elf/11/libgcc.a(_nedf2.o)
 .bss           0x000000000001d7fc        0x0 /usr/local/lib/gcc/m68k-elf/11/libgcc.a(_gtdf2.o)
 .bss           0x000000000001d7fc        0x0 /usr/local/lib/gcc/m68k-elf/11/libgcc.a(_ltdf2.o)
 .bss           0x000000000001d7fc        0x0 /usr/local/lib/gcc/m68k-elf/11/libgcc.a(_ledf2.o)
 .bss           0x000000000001d7fc        0x0 /usr/local/lib/gcc/m68k-elf/11/libgcc.a(_lesf2.o)
 .bss           0x000000000001d7fc        0x0 /usr/local/lib/gcc/m68k-elf/11/libgcc.a(_fixunsdfsi.o)
 .bss           0x000000000001d7fc        0x0 /usr/local/lib/gcc/m68k-elf/11/libgcc.a(_fixdfdi.o)
 .bss           0x000000000001d7fc        0x0 /usr/local/lib/gcc/m68k-elf/11/libgcc.a(_fixunsdfdi.o)
 .bss           0x000000000001d7fc        0x0 /usr/local/lib/gcc/m68k-elf/11/libgcc.a(_floatdidf.o)
 .bss           0x000000000001d7fc        0x0 /usr/local/lib/gcc/m68k-elf/11/libgcc.a(fpgnulib.o)
 .bss           0x000000000001d7fc        0x0 /usr/local/lib/gcc/m68k-elf/11/libgcc.a(xfgnulib.o)
 .bss           0x000000000001d7fc        0x0 /usr/local/lib/gcc/m68k-elf/11/libgcc.a(_float.o)
 .bss           0x000000000001d7fc        0x0 /usr/local/lib/gcc/m68k-elf/11/libgcc.a(_gedf2.o)
 .bss           0x000000000001d7fc        0x0 /usr/local/m68k-elf/lib/libidp.a(close.o)
 .bss           0x000000000001d7fc        0x0 /usr/local/m68k-elf/lib/libidp.a(fstat.o)
 .bss           0x000000000001d7fc        0x0 /usr/local/m68k-elf/lib/libidp.a(getpid.o)
 .bss           0x000000000001d7fc        0x0 /usr/local/m68k-elf/lib/libidp.a(isatty.o)
 .bss           0x000000000001d7fc        0x0 /usr/local/m68k-elf/lib/libidp.a(kill.o)
 .bss           0x000000000001d7fc        0x0 /usr/local/m68k-elf/lib/libidp.a(lseek.o)
 .bss           0x000000000001d7fc        0x4 /usr/local/m68k-elf/lib/libidp.a(sbrk.o)
                0x000000000001d7fc                heap_ptr
 .bss           0x000000000001d800        0x0 /usr/local/m68k-elf/lib/libidp.a(mc68ec.o)
 *(COMMON)
                0x000000000001d800                _end = ALIGN (0x8)
                0x000000000001d800                __end = _end

.stab
 *(.stab)

.stabstr
 *(.stabstr)
OUTPUT(test3.hex srec)

.debug_info     0x0000000000000000    0x29d73
 .debug_info    0x0000000000000000      0x1dd csys68k.o
 .debug_info    0x00000000000001dd      0x8c0 mtk_c.o
 .debug_info    0x0000000000000a9d      0x894 test3.o
 .debug_info    0x0000000000001331       0xee /usr/local/m68k-elf/lib/libc.a(libc_a-exit.o)
 .debug_info    0x000000000000141f      0xdee /usr/local/m68k-elf/lib/libc.a(libc_a-findfp.o)
 .debug_info    0x000000000000220d      0x85b /usr/local/m68k-elf/lib/libc.a(libc_a-fputc.o)
 .debug_info    0x0000000000002a68      0x839 /usr/local/m68k-elf/lib/libc.a(libc_a-fscanf.o)
 .debug_info    0x00000000000032a1      0x7d6 /usr/local/m68k-elf/lib/libc.a(libc_a-fwalk.o)
 .debug_info    0x0000000000003a77      0xa10 /usr/local/m68k-elf/lib/libc.a(libc_a-fwrite.o)
 .debug_info    0x0000000000004487      0x8e7 /usr/local/m68k-elf/lib/libc.a(libc_a-putc.o)
 .debug_info    0x0000000000004d6e      0x9ff /usr/local/m68k-elf/lib/libc.a(libc_a-stdio.o)
 .debug_info    0x000000000000576d      0x830 /usr/local/m68k-elf/lib/libc.a(libc_a-wbuf.o)
 .debug_info    0x0000000000005f9d      0x7b9 /usr/local/m68k-elf/lib/libc.a(libc_a-wsetup.o)
 .debug_info    0x0000000000006756      0x764 /usr/local/m68k-elf/lib/libc.a(libc_a-closer.o)
 .debug_info    0x0000000000006eba      0x7bb /usr/local/m68k-elf/lib/libc.a(libc_a-reent.o)
 .debug_info    0x0000000000007675      0x735 /usr/local/m68k-elf/lib/libc.a(libc_a-impure.o)
 .debug_info    0x0000000000007daa      0x7a3 /usr/local/m68k-elf/lib/libc.a(libc_a-lseekr.o)
 .debug_info    0x000000000000854d      0x796 /usr/local/m68k-elf/lib/libc.a(libc_a-readr.o)
 .debug_info    0x0000000000008ce3      0x79c /usr/local/m68k-elf/lib/libc.a(libc_a-writer.o)
 .debug_info    0x000000000000947f       0x24 /usr/local/m68k-elf/lib/libc.a(libc_a-memset.o)
 .debug_info    0x00000000000094a3      0x21b /usr/local/m68k-elf/lib/libc.a(libc_a-__call_atexit.o)
 .debug_info    0x00000000000096be      0xac7 /usr/local/m68k-elf/lib/libc.a(libc_a-freer.o)
 .debug_info    0x000000000000a185      0xc29 /usr/local/m68k-elf/lib/libc.a(libc_a-mallocr.o)
 .debug_info    0x000000000000adae      0x747 /usr/local/m68k-elf/lib/libc.a(libc_a-mlock.o)
 .debug_info    0x000000000000b4f5     0x149c /usr/local/m68k-elf/lib/libc.a(libc_a-vfscanf.o)
 .debug_info    0x000000000000c991      0x897 /usr/local/m68k-elf/lib/libc.a(libc_a-fclose.o)
 .debug_info    0x000000000000d228      0x9ca /usr/local/m68k-elf/lib/libc.a(libc_a-fflush.o)
 .debug_info    0x000000000000dbf2      0x99f /usr/local/m68k-elf/lib/libc.a(libc_a-fread.o)
 .debug_info    0x000000000000e591      0xa3c /usr/local/m68k-elf/lib/libc.a(libc_a-fvwrite.o)
 .debug_info    0x000000000000efcd      0xbcc /usr/local/m68k-elf/lib/libc.a(libc_a-makebuf.o)
 .debug_info    0x000000000000fb99      0x931 /usr/local/m68k-elf/lib/libc.a(libc_a-refill.o)
 .debug_info    0x00000000000104ca      0x10b /usr/local/m68k-elf/lib/libc.a(libc_a-sccl.o)
 .debug_info    0x00000000000105d5      0x85d /usr/local/m68k-elf/lib/libc.a(libc_a-sprintf.o)
 .debug_info    0x0000000000010e32      0x8e4 /usr/local/m68k-elf/lib/libc.a(libc_a-ungetc.o)
 .debug_info    0x0000000000011716      0x142 /usr/local/m68k-elf/lib/libc.a(libc_a-memchr.o)
 .debug_info    0x0000000000011858      0x144 /usr/local/m68k-elf/lib/libc.a(libc_a-memmove.o)
 .debug_info    0x000000000001199c      0xbc8 /usr/local/m68k-elf/lib/libc.a(libc_a-locale.o)
 .debug_info    0x0000000000012564      0xa2e /usr/local/m68k-elf/lib/libc.a(libc_a-localeconv.o)
 .debug_info    0x0000000000012f92      0x977 /usr/local/m68k-elf/lib/libc.a(libc_a-fstatr.o)
 .debug_info    0x0000000000013909      0x764 /usr/local/m68k-elf/lib/libc.a(libc_a-isattyr.o)
 .debug_info    0x000000000001406d      0x783 /usr/local/m68k-elf/lib/libc.a(libc_a-sbrkr.o)
 .debug_info    0x00000000000147f0       0x24 /usr/local/m68k-elf/lib/libc.a(libc_a-memcpy.o)
 .debug_info    0x0000000000014814       0xca /usr/local/m68k-elf/lib/libc.a(libm_a-sf_nan.o)
 .debug_info    0x00000000000148de      0xaa2 /usr/local/m68k-elf/lib/libc.a(libc_a-mbtowc_r.o)
 .debug_info    0x0000000000015380      0xb69 /usr/local/m68k-elf/lib/libc.a(libc_a-reallocr.o)
 .debug_info    0x0000000000015ee9     0x1b8f /usr/local/m68k-elf/lib/libc.a(libc_a-strtod.o)
 .debug_info    0x0000000000017a78      0xd78 /usr/local/m68k-elf/lib/libc.a(libc_a-strtol.o)
 .debug_info    0x00000000000187f0      0xcc1 /usr/local/m68k-elf/lib/libc.a(libc_a-strtoul.o)
 .debug_info    0x00000000000194b1      0xa63 /usr/local/m68k-elf/lib/libc.a(libc_a-wctomb_r.o)
 .debug_info    0x0000000000019f14      0xa8a /usr/local/m68k-elf/lib/libc.a(libc_a-mbrtowc.o)
 .debug_info    0x000000000001a99e       0xb9 /usr/local/m68k-elf/lib/libc.a(libc_a-ctype_.o)
 .debug_info    0x000000000001aa57       0xd9 /usr/local/m68k-elf/lib/libc.a(libc_a-iswspace.o)
 .debug_info    0x000000000001ab30      0x9b7 /usr/local/m68k-elf/lib/libc.a(libc_a-iswspace_l.o)
 .debug_info    0x000000000001b4e7     0x1402 /usr/local/m68k-elf/lib/libc.a(libc_a-svfprintf.o)
 .debug_info    0x000000000001c8e9       0xeb /usr/local/m68k-elf/lib/libc.a(libc_a-strcmp.o)
 .debug_info    0x000000000001c9d4      0x108 /usr/local/m68k-elf/lib/libc.a(libc_a-strncmp.o)
 .debug_info    0x000000000001cadc      0x71b /usr/local/m68k-elf/lib/libc.a(libc_a-errno.o)
 .debug_info    0x000000000001d1f7       0xdb /usr/local/m68k-elf/lib/libc.a(libc_a-strlen.o)
 .debug_info    0x000000000001d2d2       0xce /usr/local/m68k-elf/lib/libc.a(libm_a-s_nan.o)
 .debug_info    0x000000000001d3a0     0x156f /usr/local/m68k-elf/lib/libc.a(libc_a-dtoa.o)
 .debug_info    0x000000000001e90f     0x10ec /usr/local/m68k-elf/lib/libc.a(libc_a-gdtoa-gethex.o)
 .debug_info    0x000000000001f9fb      0x3c1 /usr/local/m68k-elf/lib/libc.a(libc_a-gdtoa-hexnan.o)
 .debug_info    0x000000000001fdbc     0x1b9d /usr/local/m68k-elf/lib/libc.a(libc_a-mprec.o)
 .debug_info    0x0000000000021959      0xfd3 /usr/local/m68k-elf/lib/libc.a(libc_a-svfiprintf.o)
 .debug_info    0x000000000002292c      0x7ef /usr/local/m68k-elf/lib/libc.a(libc_a-assert.o)
 .debug_info    0x000000000002311b      0x8a6 /usr/local/m68k-elf/lib/libc.a(libc_a-callocr.o)
 .debug_info    0x00000000000239c1      0x830 /usr/local/m68k-elf/lib/libc.a(libc_a-fiprintf.o)
 .debug_info    0x00000000000241f1     0x164c /usr/local/m68k-elf/lib/libc.a(libc_a-vfiprintf.o)
 .debug_info    0x000000000002583d      0x9e8 /usr/local/m68k-elf/lib/libc.a(libc_a-fputwc.o)
 .debug_info    0x0000000000026225       0xc8 /usr/local/m68k-elf/lib/libc.a(libc_a-abort.o)
 .debug_info    0x00000000000262ed      0xab8 /usr/local/m68k-elf/lib/libc.a(libc_a-wcrtomb.o)
 .debug_info    0x0000000000026da5      0xc54 /usr/local/m68k-elf/lib/libc.a(libc_a-signal.o)
 .debug_info    0x00000000000279f9      0x7da /usr/local/m68k-elf/lib/libc.a(libc_a-signalr.o)
 .debug_info    0x00000000000281d3       0x24 /usr/local/lib/gcc/m68k-elf/11/libgcc.a(_mulsi3.o)
 .debug_info    0x00000000000281f7       0x24 /usr/local/lib/gcc/m68k-elf/11/libgcc.a(_udivsi3.o)
 .debug_info    0x000000000002821b       0x24 /usr/local/lib/gcc/m68k-elf/11/libgcc.a(_divsi3.o)
 .debug_info    0x000000000002823f       0x24 /usr/local/lib/gcc/m68k-elf/11/libgcc.a(_umodsi3.o)
 .debug_info    0x0000000000028263       0x24 /usr/local/lib/gcc/m68k-elf/11/libgcc.a(_modsi3.o)
 .debug_info    0x0000000000028287       0x25 /usr/local/lib/gcc/m68k-elf/11/libgcc.a(_double.o)
 .debug_info    0x00000000000282ac       0x24 /usr/local/lib/gcc/m68k-elf/11/libgcc.a(_floatex.o)
 .debug_info    0x00000000000282d0       0x24 /usr/local/lib/gcc/m68k-elf/11/libgcc.a(_eqdf2.o)
 .debug_info    0x00000000000282f4       0x24 /usr/local/lib/gcc/m68k-elf/11/libgcc.a(_nedf2.o)
 .debug_info    0x0000000000028318       0x24 /usr/local/lib/gcc/m68k-elf/11/libgcc.a(_gtdf2.o)
 .debug_info    0x000000000002833c       0x24 /usr/local/lib/gcc/m68k-elf/11/libgcc.a(_ltdf2.o)
 .debug_info    0x0000000000028360       0x24 /usr/local/lib/gcc/m68k-elf/11/libgcc.a(_ledf2.o)
 .debug_info    0x0000000000028384       0x24 /usr/local/lib/gcc/m68k-elf/11/libgcc.a(_lesf2.o)
 .debug_info    0x00000000000283a8      0x128 /usr/local/lib/gcc/m68k-elf/11/libgcc.a(_fixunsdfsi.o)
 .debug_info    0x00000000000284d0      0x124 /usr/local/lib/gcc/m68k-elf/11/libgcc.a(_fixdfdi.o)
 .debug_info    0x00000000000285f4      0x156 /usr/local/lib/gcc/m68k-elf/11/libgcc.a(_fixunsdfdi.o)
 .debug_info    0x000000000002874a      0x14f /usr/local/lib/gcc/m68k-elf/11/libgcc.a(_floatdidf.o)
 .debug_info    0x0000000000028899      0x5bf /usr/local/lib/gcc/m68k-elf/11/libgcc.a(fpgnulib.o)
 .debug_info    0x0000000000028e58      0x7d0 /usr/local/lib/gcc/m68k-elf/11/libgcc.a(xfgnulib.o)
 .debug_info    0x0000000000029628       0x25 /usr/local/lib/gcc/m68k-elf/11/libgcc.a(_float.o)
 .debug_info    0x000000000002964d       0x24 /usr/local/lib/gcc/m68k-elf/11/libgcc.a(_gedf2.o)
 .debug_info    0x0000000000029671       0x5e /usr/local/m68k-elf/lib/libidp.a(close.o)
 .debug_info    0x00000000000296cf      0x2b9 /usr/local/m68k-elf/lib/libidp.a(fstat.o)
 .debug_info    0x0000000000029988       0x4b /usr/local/m68k-elf/lib/libidp.a(getpid.o)
 .debug_info    0x00000000000299d3       0x5e /usr/local/m68k-elf/lib/libidp.a(isatty.o)
 .debug_info    0x0000000000029a31       0x9b /usr/local/m68k-elf/lib/libidp.a(kill.o)
 .debug_info    0x0000000000029acc       0xfb /usr/local/m68k-elf/lib/libidp.a(lseek.o)
 .debug_info    0x0000000000029bc7       0xe4 /usr/local/m68k-elf/lib/libidp.a(sbrk.o)
 .debug_info    0x0000000000029cab       0xc8 /usr/local/m68k-elf/lib/libidp.a(mc68ec.o)

.debug_abbrev   0x0000000000000000     0xa98d
 .debug_abbrev  0x0000000000000000      0x102 csys68k.o
 .debug_abbrev  0x0000000000000102      0x2bf mtk_c.o
 .debug_abbrev  0x00000000000003c1      0x277 test3.o
 .debug_abbrev  0x0000000000000638       0xbe /usr/local/m68k-elf/lib/libc.a(libc_a-exit.o)
 .debug_abbrev  0x00000000000006f6      0x425 /usr/local/m68k-elf/lib/libc.a(libc_a-findfp.o)
 .debug_abbrev  0x0000000000000b1b      0x24a /usr/local/m68k-elf/lib/libc.a(libc_a-fputc.o)
 .debug_abbrev  0x0000000000000d65      0x228 /usr/local/m68k-elf/lib/libc.a(libc_a-fscanf.o)
 .debug_abbrev  0x0000000000000f8d      0x1d6 /usr/local/m68k-elf/lib/libc.a(libc_a-fwalk.o)
 .debug_abbrev  0x0000000000001163      0x2cf /usr/local/m68k-elf/lib/libc.a(libc_a-fwrite.o)
 .debug_abbrev  0x0000000000001432      0x28f /usr/local/m68k-elf/lib/libc.a(libc_a-putc.o)
 .debug_abbrev  0x00000000000016c1      0x243 /usr/local/m68k-elf/lib/libc.a(libc_a-stdio.o)
 .debug_abbrev  0x0000000000001904      0x25a /usr/local/m68k-elf/lib/libc.a(libc_a-wbuf.o)
 .debug_abbrev  0x0000000000001b5e      0x1fe /usr/local/m68k-elf/lib/libc.a(libc_a-wsetup.o)
 .debug_abbrev  0x0000000000001d5c      0x1e0 /usr/local/m68k-elf/lib/libc.a(libc_a-closer.o)
 .debug_abbrev  0x0000000000001f3c      0x208 /usr/local/m68k-elf/lib/libc.a(libc_a-reent.o)
 .debug_abbrev  0x0000000000002144      0x185 /usr/local/m68k-elf/lib/libc.a(libc_a-impure.o)
 .debug_abbrev  0x00000000000022c9      0x1f1 /usr/local/m68k-elf/lib/libc.a(libc_a-lseekr.o)
 .debug_abbrev  0x00000000000024ba      0x1e0 /usr/local/m68k-elf/lib/libc.a(libc_a-readr.o)
 .debug_abbrev  0x000000000000269a      0x1e5 /usr/local/m68k-elf/lib/libc.a(libc_a-writer.o)
 .debug_abbrev  0x000000000000287f       0x14 /usr/local/m68k-elf/lib/libc.a(libc_a-memset.o)
 .debug_abbrev  0x0000000000002893      0x154 /usr/local/m68k-elf/lib/libc.a(libc_a-__call_atexit.o)
 .debug_abbrev  0x00000000000029e7      0x274 /usr/local/m68k-elf/lib/libc.a(libc_a-freer.o)
 .debug_abbrev  0x0000000000002c5b      0x2b7 /usr/local/m68k-elf/lib/libc.a(libc_a-mallocr.o)
 .debug_abbrev  0x0000000000002f12      0x1ce /usr/local/m68k-elf/lib/libc.a(libc_a-mlock.o)
 .debug_abbrev  0x00000000000030e0      0x44c /usr/local/m68k-elf/lib/libc.a(libc_a-vfscanf.o)
 .debug_abbrev  0x000000000000352c      0x2c1 /usr/local/m68k-elf/lib/libc.a(libc_a-fclose.o)
 .debug_abbrev  0x00000000000037ed      0x311 /usr/local/m68k-elf/lib/libc.a(libc_a-fflush.o)
 .debug_abbrev  0x0000000000003afe      0x299 /usr/local/m68k-elf/lib/libc.a(libc_a-fread.o)
 .debug_abbrev  0x0000000000003d97      0x241 /usr/local/m68k-elf/lib/libc.a(libc_a-fvwrite.o)
 .debug_abbrev  0x0000000000003fd8      0x2ad /usr/local/m68k-elf/lib/libc.a(libc_a-makebuf.o)
 .debug_abbrev  0x0000000000004285      0x2a7 /usr/local/m68k-elf/lib/libc.a(libc_a-refill.o)
 .debug_abbrev  0x000000000000452c       0xaa /usr/local/m68k-elf/lib/libc.a(libc_a-sccl.o)
 .debug_abbrev  0x00000000000045d6      0x23b /usr/local/m68k-elf/lib/libc.a(libc_a-sprintf.o)
 .debug_abbrev  0x0000000000004811      0x297 /usr/local/m68k-elf/lib/libc.a(libc_a-ungetc.o)
 .debug_abbrev  0x0000000000004aa8       0xd4 /usr/local/m68k-elf/lib/libc.a(libc_a-memchr.o)
 .debug_abbrev  0x0000000000004b7c       0xc3 /usr/local/m68k-elf/lib/libc.a(libc_a-memmove.o)
 .debug_abbrev  0x0000000000004c3f      0x2e5 /usr/local/m68k-elf/lib/libc.a(libc_a-locale.o)
 .debug_abbrev  0x0000000000004f24      0x264 /usr/local/m68k-elf/lib/libc.a(libc_a-localeconv.o)
 .debug_abbrev  0x0000000000005188      0x1f0 /usr/local/m68k-elf/lib/libc.a(libc_a-fstatr.o)
 .debug_abbrev  0x0000000000005378      0x1e0 /usr/local/m68k-elf/lib/libc.a(libc_a-isattyr.o)
 .debug_abbrev  0x0000000000005558      0x1f3 /usr/local/m68k-elf/lib/libc.a(libc_a-sbrkr.o)
 .debug_abbrev  0x000000000000574b       0x14 /usr/local/m68k-elf/lib/libc.a(libc_a-memcpy.o)
 .debug_abbrev  0x000000000000575f       0x77 /usr/local/m68k-elf/lib/libc.a(libm_a-sf_nan.o)
 .debug_abbrev  0x00000000000057d6      0x252 /usr/local/m68k-elf/lib/libc.a(libc_a-mbtowc_r.o)
 .debug_abbrev  0x0000000000005a28      0x256 /usr/local/m68k-elf/lib/libc.a(libc_a-reallocr.o)
 .debug_abbrev  0x0000000000005c7e      0x52e /usr/local/m68k-elf/lib/libc.a(libc_a-strtod.o)
 .debug_abbrev  0x00000000000061ac      0x330 /usr/local/m68k-elf/lib/libc.a(libc_a-strtol.o)
 .debug_abbrev  0x00000000000064dc      0x2f3 /usr/local/m68k-elf/lib/libc.a(libc_a-strtoul.o)
 .debug_abbrev  0x00000000000067cf      0x226 /usr/local/m68k-elf/lib/libc.a(libc_a-wctomb_r.o)
 .debug_abbrev  0x00000000000069f5      0x21d /usr/local/m68k-elf/lib/libc.a(libc_a-mbrtowc.o)
 .debug_abbrev  0x0000000000006c12       0x62 /usr/local/m68k-elf/lib/libc.a(libc_a-ctype_.o)
 .debug_abbrev  0x0000000000006c74       0xad /usr/local/m68k-elf/lib/libc.a(libc_a-iswspace.o)
 .debug_abbrev  0x0000000000006d21      0x1db /usr/local/m68k-elf/lib/libc.a(libc_a-iswspace_l.o)
 .debug_abbrev  0x0000000000006efc      0x3de /usr/local/m68k-elf/lib/libc.a(libc_a-svfprintf.o)
 .debug_abbrev  0x00000000000072da       0x83 /usr/local/m68k-elf/lib/libc.a(libc_a-strcmp.o)
 .debug_abbrev  0x000000000000735d       0x92 /usr/local/m68k-elf/lib/libc.a(libc_a-strncmp.o)
 .debug_abbrev  0x00000000000073ef      0x19a /usr/local/m68k-elf/lib/libc.a(libc_a-errno.o)
 .debug_abbrev  0x0000000000007589       0x8a /usr/local/m68k-elf/lib/libc.a(libc_a-strlen.o)
 .debug_abbrev  0x0000000000007613       0x77 /usr/local/m68k-elf/lib/libc.a(libm_a-s_nan.o)
 .debug_abbrev  0x000000000000768a      0x365 /usr/local/m68k-elf/lib/libc.a(libc_a-dtoa.o)
 .debug_abbrev  0x00000000000079ef      0x3e8 /usr/local/m68k-elf/lib/libc.a(libc_a-gdtoa-gethex.o)
 .debug_abbrev  0x0000000000007dd7      0x1c8 /usr/local/m68k-elf/lib/libc.a(libc_a-gdtoa-hexnan.o)
 .debug_abbrev  0x0000000000007f9f      0x527 /usr/local/m68k-elf/lib/libc.a(libc_a-mprec.o)
 .debug_abbrev  0x00000000000084c6      0x311 /usr/local/m68k-elf/lib/libc.a(libc_a-svfiprintf.o)
 .debug_abbrev  0x00000000000087d7      0x206 /usr/local/m68k-elf/lib/libc.a(libc_a-assert.o)
 .debug_abbrev  0x00000000000089dd      0x238 /usr/local/m68k-elf/lib/libc.a(libc_a-callocr.o)
 .debug_abbrev  0x0000000000008c15      0x221 /usr/local/m68k-elf/lib/libc.a(libc_a-fiprintf.o)
 .debug_abbrev  0x0000000000008e36      0x46c /usr/local/m68k-elf/lib/libc.a(libc_a-vfiprintf.o)
 .debug_abbrev  0x00000000000092a2      0x34a /usr/local/m68k-elf/lib/libc.a(libc_a-fputwc.o)
 .debug_abbrev  0x00000000000095ec       0x85 /usr/local/m68k-elf/lib/libc.a(libc_a-abort.o)
 .debug_abbrev  0x0000000000009671      0x233 /usr/local/m68k-elf/lib/libc.a(libc_a-wcrtomb.o)
 .debug_abbrev  0x00000000000098a4      0x2f9 /usr/local/m68k-elf/lib/libc.a(libc_a-signal.o)
 .debug_abbrev  0x0000000000009b9d      0x22d /usr/local/m68k-elf/lib/libc.a(libc_a-signalr.o)
 .debug_abbrev  0x0000000000009dca       0x14 /usr/local/lib/gcc/m68k-elf/11/libgcc.a(_mulsi3.o)
 .debug_abbrev  0x0000000000009dde       0x14 /usr/local/lib/gcc/m68k-elf/11/libgcc.a(_udivsi3.o)
 .debug_abbrev  0x0000000000009df2       0x14 /usr/local/lib/gcc/m68k-elf/11/libgcc.a(_divsi3.o)
 .debug_abbrev  0x0000000000009e06       0x14 /usr/local/lib/gcc/m68k-elf/11/libgcc.a(_umodsi3.o)
 .debug_abbrev  0x0000000000009e1a       0x14 /usr/local/lib/gcc/m68k-elf/11/libgcc.a(_modsi3.o)
 .debug_abbrev  0x0000000000009e2e       0x14 /usr/local/lib/gcc/m68k-elf/11/libgcc.a(_double.o)
 .debug_abbrev  0x0000000000009e42       0x14 /usr/local/lib/gcc/m68k-elf/11/libgcc.a(_floatex.o)
 .debug_abbrev  0x0000000000009e56       0x14 /usr/local/lib/gcc/m68k-elf/11/libgcc.a(_eqdf2.o)
 .debug_abbrev  0x0000000000009e6a       0x14 /usr/local/lib/gcc/m68k-elf/11/libgcc.a(_nedf2.o)
 .debug_abbrev  0x0000000000009e7e       0x14 /usr/local/lib/gcc/m68k-elf/11/libgcc.a(_gtdf2.o)
 .debug_abbrev  0x0000000000009e92       0x14 /usr/local/lib/gcc/m68k-elf/11/libgcc.a(_ltdf2.o)
 .debug_abbrev  0x0000000000009ea6       0x14 /usr/local/lib/gcc/m68k-elf/11/libgcc.a(_ledf2.o)
 .debug_abbrev  0x0000000000009eba       0x14 /usr/local/lib/gcc/m68k-elf/11/libgcc.a(_lesf2.o)
 .debug_abbrev  0x0000000000009ece       0x7e /usr/local/lib/gcc/m68k-elf/11/libgcc.a(_fixunsdfsi.o)
 .debug_abbrev  0x0000000000009f4c       0xa8 /usr/local/lib/gcc/m68k-elf/11/libgcc.a(_fixdfdi.o)
 .debug_abbrev  0x0000000000009ff4       0xa5 /usr/local/lib/gcc/m68k-elf/11/libgcc.a(_fixunsdfdi.o)
 .debug_abbrev  0x000000000000a099       0x92 /usr/local/lib/gcc/m68k-elf/11/libgcc.a(_floatdidf.o)
 .debug_abbrev  0x000000000000a12b      0x25f /usr/local/lib/gcc/m68k-elf/11/libgcc.a(fpgnulib.o)
 .debug_abbrev  0x000000000000a38a      0x1e3 /usr/local/lib/gcc/m68k-elf/11/libgcc.a(xfgnulib.o)
 .debug_abbrev  0x000000000000a56d       0x14 /usr/local/lib/gcc/m68k-elf/11/libgcc.a(_float.o)
 .debug_abbrev  0x000000000000a581       0x14 /usr/local/lib/gcc/m68k-elf/11/libgcc.a(_gedf2.o)
 .debug_abbrev  0x000000000000a595       0x58 /usr/local/m68k-elf/lib/libidp.a(close.o)
 .debug_abbrev  0x000000000000a5ed       0xa6 /usr/local/m68k-elf/lib/libidp.a(fstat.o)
 .debug_abbrev  0x000000000000a693       0x45 /usr/local/m68k-elf/lib/libidp.a(getpid.o)
 .debug_abbrev  0x000000000000a6d8       0x58 /usr/local/m68k-elf/lib/libidp.a(isatty.o)
 .debug_abbrev  0x000000000000a730       0x99 /usr/local/m68k-elf/lib/libidp.a(kill.o)
 .debug_abbrev  0x000000000000a7c9       0x9e /usr/local/m68k-elf/lib/libidp.a(lseek.o)
 .debug_abbrev  0x000000000000a867       0xa5 /usr/local/m68k-elf/lib/libidp.a(sbrk.o)
 .debug_abbrev  0x000000000000a90c       0x81 /usr/local/m68k-elf/lib/libidp.a(mc68ec.o)

.debug_loclists
                0x0000000000000000    0x146f5
 .debug_loclists
                0x0000000000000000       0xeb csys68k.o
 .debug_loclists
                0x00000000000000eb      0x723 mtk_c.o
 .debug_loclists
                0x000000000000080e      0x19a /usr/local/m68k-elf/lib/libc.a(libc_a-findfp.o)
 .debug_loclists
                0x00000000000009a8       0x5c /usr/local/m68k-elf/lib/libc.a(libc_a-fputc.o)
 .debug_loclists
                0x0000000000000a04       0xc1 /usr/local/m68k-elf/lib/libc.a(libc_a-fscanf.o)
 .debug_loclists
                0x0000000000000ac5       0x62 /usr/local/m68k-elf/lib/libc.a(libc_a-fwalk.o)
 .debug_loclists
                0x0000000000000b27      0x374 /usr/local/m68k-elf/lib/libc.a(libc_a-fwrite.o)
 .debug_loclists
                0x0000000000000e9b      0x10c /usr/local/m68k-elf/lib/libc.a(libc_a-putc.o)
 .debug_loclists
                0x0000000000000fa7       0x92 /usr/local/m68k-elf/lib/libc.a(libc_a-stdio.o)
 .debug_loclists
                0x0000000000001039       0x7b /usr/local/m68k-elf/lib/libc.a(libc_a-wbuf.o)
 .debug_loclists
                0x00000000000010b4       0x1d /usr/local/m68k-elf/lib/libc.a(libc_a-wsetup.o)
 .debug_loclists
                0x00000000000010d1       0x14 /usr/local/m68k-elf/lib/libc.a(libc_a-closer.o)
 .debug_loclists
                0x00000000000010e5       0x23 /usr/local/m68k-elf/lib/libc.a(libc_a-reent.o)
 .debug_loclists
                0x0000000000001108       0x14 /usr/local/m68k-elf/lib/libc.a(libc_a-lseekr.o)
 .debug_loclists
                0x000000000000111c       0x14 /usr/local/m68k-elf/lib/libc.a(libc_a-readr.o)
 .debug_loclists
                0x0000000000001130       0x14 /usr/local/m68k-elf/lib/libc.a(libc_a-writer.o)
 .debug_loclists
                0x0000000000001144       0xb1 /usr/local/m68k-elf/lib/libc.a(libc_a-__call_atexit.o)
 .debug_loclists
                0x00000000000011f5      0x3eb /usr/local/m68k-elf/lib/libc.a(libc_a-freer.o)
 .debug_loclists
                0x00000000000015e0      0x9b7 /usr/local/m68k-elf/lib/libc.a(libc_a-mallocr.o)
 .debug_loclists
                0x0000000000001f97     0x1ed3 /usr/local/m68k-elf/lib/libc.a(libc_a-vfscanf.o)
 .debug_loclists
                0x0000000000003e6a       0x6c /usr/local/m68k-elf/lib/libc.a(libc_a-fclose.o)
 .debug_loclists
                0x0000000000003ed6      0x17d /usr/local/m68k-elf/lib/libc.a(libc_a-fflush.o)
 .debug_loclists
                0x0000000000004053      0x1b8 /usr/local/m68k-elf/lib/libc.a(libc_a-fread.o)
 .debug_loclists
                0x000000000000420b      0x3e1 /usr/local/m68k-elf/lib/libc.a(libc_a-fvwrite.o)
 .debug_loclists
                0x00000000000045ec      0x32e /usr/local/m68k-elf/lib/libc.a(libc_a-makebuf.o)
 .debug_loclists
                0x000000000000491a       0x90 /usr/local/m68k-elf/lib/libc.a(libc_a-refill.o)
 .debug_loclists
                0x00000000000049aa      0x19e /usr/local/m68k-elf/lib/libc.a(libc_a-sccl.o)
 .debug_loclists
                0x0000000000004b48       0xa1 /usr/local/m68k-elf/lib/libc.a(libc_a-sprintf.o)
 .debug_loclists
                0x0000000000004be9      0x119 /usr/local/m68k-elf/lib/libc.a(libc_a-ungetc.o)
 .debug_loclists
                0x0000000000004d02       0xe3 /usr/local/m68k-elf/lib/libc.a(libc_a-memchr.o)
 .debug_loclists
                0x0000000000004de5      0x2be /usr/local/m68k-elf/lib/libc.a(libc_a-memmove.o)
 .debug_loclists
                0x00000000000050a3       0x56 /usr/local/m68k-elf/lib/libc.a(libc_a-locale.o)
 .debug_loclists
                0x00000000000050f9       0x21 /usr/local/m68k-elf/lib/libc.a(libc_a-localeconv.o)
 .debug_loclists
                0x000000000000511a       0x14 /usr/local/m68k-elf/lib/libc.a(libc_a-fstatr.o)
 .debug_loclists
                0x000000000000512e       0x14 /usr/local/m68k-elf/lib/libc.a(libc_a-isattyr.o)
 .debug_loclists
                0x0000000000005142       0x14 /usr/local/m68k-elf/lib/libc.a(libc_a-sbrkr.o)
 .debug_loclists
                0x0000000000005156       0x33 /usr/local/m68k-elf/lib/libc.a(libc_a-mbtowc_r.o)
 .debug_loclists
                0x0000000000005189     0x131f /usr/local/m68k-elf/lib/libc.a(libc_a-reallocr.o)
 .debug_loclists
                0x00000000000064a8     0x1efd /usr/local/m68k-elf/lib/libc.a(libc_a-strtod.o)
 .debug_loclists
                0x00000000000083a5      0x3d4 /usr/local/m68k-elf/lib/libc.a(libc_a-strtol.o)
 .debug_loclists
                0x0000000000008779      0x375 /usr/local/m68k-elf/lib/libc.a(libc_a-strtoul.o)
 .debug_loclists
                0x0000000000008aee       0x3a /usr/local/m68k-elf/lib/libc.a(libc_a-wctomb_r.o)
 .debug_loclists
                0x0000000000008b28       0x6c /usr/local/m68k-elf/lib/libc.a(libc_a-mbrtowc.o)
 .debug_loclists
                0x0000000000008b94     0x265f /usr/local/m68k-elf/lib/libc.a(libc_a-svfprintf.o)
 .debug_loclists
                0x000000000000b1f3       0x5a /usr/local/m68k-elf/lib/libc.a(libc_a-strcmp.o)
 .debug_loclists
                0x000000000000b24d       0xe9 /usr/local/m68k-elf/lib/libc.a(libc_a-strncmp.o)
 .debug_loclists
                0x000000000000b336       0x25 /usr/local/m68k-elf/lib/libc.a(libc_a-strlen.o)
 .debug_loclists
                0x000000000000b35b     0x270b /usr/local/m68k-elf/lib/libc.a(libc_a-dtoa.o)
 .debug_loclists
                0x000000000000da66      0xece /usr/local/m68k-elf/lib/libc.a(libc_a-gdtoa-gethex.o)
 .debug_loclists
                0x000000000000e934      0x536 /usr/local/m68k-elf/lib/libc.a(libc_a-gdtoa-hexnan.o)
 .debug_loclists
                0x000000000000ee6a     0x18c8 /usr/local/m68k-elf/lib/libc.a(libc_a-mprec.o)
 .debug_loclists
                0x0000000000010732     0x1313 /usr/local/m68k-elf/lib/libc.a(libc_a-svfiprintf.o)
 .debug_loclists
                0x0000000000011a45      0x1c1 /usr/local/m68k-elf/lib/libc.a(libc_a-callocr.o)
 .debug_loclists
                0x0000000000011c06       0xc1 /usr/local/m68k-elf/lib/libc.a(libc_a-fiprintf.o)
 .debug_loclists
                0x0000000000011cc7     0x1c2f /usr/local/m68k-elf/lib/libc.a(libc_a-vfiprintf.o)
 .debug_loclists
                0x00000000000138f6      0x198 /usr/local/m68k-elf/lib/libc.a(libc_a-fputwc.o)
 .debug_loclists
                0x0000000000013a8e      0x1de /usr/local/m68k-elf/lib/libc.a(libc_a-wcrtomb.o)
 .debug_loclists
                0x0000000000013c6c      0x245 /usr/local/m68k-elf/lib/libc.a(libc_a-signal.o)
 .debug_loclists
                0x0000000000013eb1       0x14 /usr/local/m68k-elf/lib/libc.a(libc_a-signalr.o)
 .debug_loclists
                0x0000000000013ec5       0x82 /usr/local/lib/gcc/m68k-elf/11/libgcc.a(_fixunsdfdi.o)
 .debug_loclists
                0x0000000000013f47       0x37 /usr/local/lib/gcc/m68k-elf/11/libgcc.a(_floatdidf.o)
 .debug_loclists
                0x0000000000013f7e      0x536 /usr/local/lib/gcc/m68k-elf/11/libgcc.a(fpgnulib.o)
 .debug_loclists
                0x00000000000144b4      0x1eb /usr/local/lib/gcc/m68k-elf/11/libgcc.a(xfgnulib.o)
 .debug_loclists
                0x000000000001469f       0x1f /usr/local/m68k-elf/lib/libidp.a(sbrk.o)
 .debug_loclists
                0x00000000000146be       0x37 /usr/local/m68k-elf/lib/libidp.a(mc68ec.o)

.debug_aranges  0x0000000000000000      0xcb8
 .debug_aranges
                0x0000000000000000       0x20 csys68k.o
 .debug_aranges
                0x0000000000000020       0x20 mtk_c.o
 .debug_aranges
                0x0000000000000040       0x28 test3.o
 .debug_aranges
                0x0000000000000068       0x20 /usr/local/m68k-elf/lib/libc.a(libc_a-exit.o)
 .debug_aranges
                0x0000000000000088       0x20 /usr/local/m68k-elf/lib/libc.a(libc_a-findfp.o)
 .debug_aranges
                0x00000000000000a8       0x20 /usr/local/m68k-elf/lib/libc.a(libc_a-fputc.o)
 .debug_aranges
                0x00000000000000c8       0x20 /usr/local/m68k-elf/lib/libc.a(libc_a-fscanf.o)
 .debug_aranges
                0x00000000000000e8       0x20 /usr/local/m68k-elf/lib/libc.a(libc_a-fwalk.o)
 .debug_aranges
                0x0000000000000108       0x20 /usr/local/m68k-elf/lib/libc.a(libc_a-fwrite.o)
 .debug_aranges
                0x0000000000000128       0x20 /usr/local/m68k-elf/lib/libc.a(libc_a-putc.o)
 .debug_aranges
                0x0000000000000148       0x20 /usr/local/m68k-elf/lib/libc.a(libc_a-stdio.o)
 .debug_aranges
                0x0000000000000168       0x20 /usr/local/m68k-elf/lib/libc.a(libc_a-wbuf.o)
 .debug_aranges
                0x0000000000000188       0x20 /usr/local/m68k-elf/lib/libc.a(libc_a-wsetup.o)
 .debug_aranges
                0x00000000000001a8       0x20 /usr/local/m68k-elf/lib/libc.a(libc_a-closer.o)
 .debug_aranges
                0x00000000000001c8       0x20 /usr/local/m68k-elf/lib/libc.a(libc_a-reent.o)
 .debug_aranges
                0x00000000000001e8       0x18 /usr/local/m68k-elf/lib/libc.a(libc_a-impure.o)
 .debug_aranges
                0x0000000000000200       0x20 /usr/local/m68k-elf/lib/libc.a(libc_a-lseekr.o)
 .debug_aranges
                0x0000000000000220       0x20 /usr/local/m68k-elf/lib/libc.a(libc_a-readr.o)
 .debug_aranges
                0x0000000000000240       0x20 /usr/local/m68k-elf/lib/libc.a(libc_a-writer.o)
 .debug_aranges
                0x0000000000000260       0x20 /usr/local/m68k-elf/lib/libc.a(libc_a-memset.o)
 .debug_aranges
                0x0000000000000280       0x20 /usr/local/m68k-elf/lib/libc.a(libc_a-__call_atexit.o)
 .debug_aranges
                0x00000000000002a0       0x20 /usr/local/m68k-elf/lib/libc.a(libc_a-freer.o)
 .debug_aranges
                0x00000000000002c0       0x20 /usr/local/m68k-elf/lib/libc.a(libc_a-mallocr.o)
 .debug_aranges
                0x00000000000002e0       0x20 /usr/local/m68k-elf/lib/libc.a(libc_a-mlock.o)
 .debug_aranges
                0x0000000000000300       0x20 /usr/local/m68k-elf/lib/libc.a(libc_a-vfscanf.o)
 .debug_aranges
                0x0000000000000320       0x20 /usr/local/m68k-elf/lib/libc.a(libc_a-fclose.o)
 .debug_aranges
                0x0000000000000340       0x20 /usr/local/m68k-elf/lib/libc.a(libc_a-fflush.o)
 .debug_aranges
                0x0000000000000360       0x20 /usr/local/m68k-elf/lib/libc.a(libc_a-fread.o)
 .debug_aranges
                0x0000000000000380       0x20 /usr/local/m68k-elf/lib/libc.a(libc_a-fvwrite.o)
 .debug_aranges
                0x00000000000003a0       0x20 /usr/local/m68k-elf/lib/libc.a(libc_a-makebuf.o)
 .debug_aranges
                0x00000000000003c0       0x20 /usr/local/m68k-elf/lib/libc.a(libc_a-refill.o)
 .debug_aranges
                0x00000000000003e0       0x20 /usr/local/m68k-elf/lib/libc.a(libc_a-sccl.o)
 .debug_aranges
                0x0000000000000400       0x20 /usr/local/m68k-elf/lib/libc.a(libc_a-sprintf.o)
 .debug_aranges
                0x0000000000000420       0x20 /usr/local/m68k-elf/lib/libc.a(libc_a-ungetc.o)
 .debug_aranges
                0x0000000000000440       0x20 /usr/local/m68k-elf/lib/libc.a(libc_a-memchr.o)
 .debug_aranges
                0x0000000000000460       0x20 /usr/local/m68k-elf/lib/libc.a(libc_a-memmove.o)
 .debug_aranges
                0x0000000000000480       0x20 /usr/local/m68k-elf/lib/libc.a(libc_a-locale.o)
 .debug_aranges
                0x00000000000004a0       0x20 /usr/local/m68k-elf/lib/libc.a(libc_a-localeconv.o)
 .debug_aranges
                0x00000000000004c0       0x20 /usr/local/m68k-elf/lib/libc.a(libc_a-fstatr.o)
 .debug_aranges
                0x00000000000004e0       0x20 /usr/local/m68k-elf/lib/libc.a(libc_a-isattyr.o)
 .debug_aranges
                0x0000000000000500       0x20 /usr/local/m68k-elf/lib/libc.a(libc_a-sbrkr.o)
 .debug_aranges
                0x0000000000000520       0x20 /usr/local/m68k-elf/lib/libc.a(libc_a-memcpy.o)
 .debug_aranges
                0x0000000000000540       0x20 /usr/local/m68k-elf/lib/libc.a(libm_a-sf_nan.o)
 .debug_aranges
                0x0000000000000560       0x20 /usr/local/m68k-elf/lib/libc.a(libc_a-mbtowc_r.o)
 .debug_aranges
                0x0000000000000580       0x20 /usr/local/m68k-elf/lib/libc.a(libc_a-reallocr.o)
 .debug_aranges
                0x00000000000005a0       0x20 /usr/local/m68k-elf/lib/libc.a(libc_a-strtod.o)
 .debug_aranges
                0x00000000000005c0       0x20 /usr/local/m68k-elf/lib/libc.a(libc_a-strtol.o)
 .debug_aranges
                0x00000000000005e0       0x20 /usr/local/m68k-elf/lib/libc.a(libc_a-strtoul.o)
 .debug_aranges
                0x0000000000000600       0x20 /usr/local/m68k-elf/lib/libc.a(libc_a-wctomb_r.o)
 .debug_aranges
                0x0000000000000620       0x20 /usr/local/m68k-elf/lib/libc.a(libc_a-mbrtowc.o)
 .debug_aranges
                0x0000000000000640       0x18 /usr/local/m68k-elf/lib/libc.a(libc_a-ctype_.o)
 .debug_aranges
                0x0000000000000658       0x20 /usr/local/m68k-elf/lib/libc.a(libc_a-iswspace.o)
 .debug_aranges
                0x0000000000000678       0x20 /usr/local/m68k-elf/lib/libc.a(libc_a-iswspace_l.o)
 .debug_aranges
                0x0000000000000698       0x20 /usr/local/m68k-elf/lib/libc.a(libc_a-svfprintf.o)
 .debug_aranges
                0x00000000000006b8       0x20 /usr/local/m68k-elf/lib/libc.a(libc_a-strcmp.o)
 .debug_aranges
                0x00000000000006d8       0x20 /usr/local/m68k-elf/lib/libc.a(libc_a-strncmp.o)
 .debug_aranges
                0x00000000000006f8       0x20 /usr/local/m68k-elf/lib/libc.a(libc_a-errno.o)
 .debug_aranges
                0x0000000000000718       0x20 /usr/local/m68k-elf/lib/libc.a(libc_a-strlen.o)
 .debug_aranges
                0x0000000000000738       0x20 /usr/local/m68k-elf/lib/libc.a(libm_a-s_nan.o)
 .debug_aranges
                0x0000000000000758       0x20 /usr/local/m68k-elf/lib/libc.a(libc_a-dtoa.o)
 .debug_aranges
                0x0000000000000778       0x20 /usr/local/m68k-elf/lib/libc.a(libc_a-gdtoa-gethex.o)
 .debug_aranges
                0x0000000000000798       0x20 /usr/local/m68k-elf/lib/libc.a(libc_a-gdtoa-hexnan.o)
 .debug_aranges
                0x00000000000007b8       0x20 /usr/local/m68k-elf/lib/libc.a(libc_a-mprec.o)
 .debug_aranges
                0x00000000000007d8       0x20 /usr/local/m68k-elf/lib/libc.a(libc_a-svfiprintf.o)
 .debug_aranges
                0x00000000000007f8       0x20 /usr/local/m68k-elf/lib/libc.a(libc_a-assert.o)
 .debug_aranges
                0x0000000000000818       0x20 /usr/local/m68k-elf/lib/libc.a(libc_a-callocr.o)
 .debug_aranges
                0x0000000000000838       0x20 /usr/local/m68k-elf/lib/libc.a(libc_a-fiprintf.o)
 .debug_aranges
                0x0000000000000858       0x20 /usr/local/m68k-elf/lib/libc.a(libc_a-vfiprintf.o)
 .debug_aranges
                0x0000000000000878       0x20 /usr/local/m68k-elf/lib/libc.a(libc_a-fputwc.o)
 .debug_aranges
                0x0000000000000898       0x20 /usr/local/m68k-elf/lib/libc.a(libc_a-abort.o)
 .debug_aranges
                0x00000000000008b8       0x20 /usr/local/m68k-elf/lib/libc.a(libc_a-wcrtomb.o)
 .debug_aranges
                0x00000000000008d8       0x20 /usr/local/m68k-elf/lib/libc.a(libc_a-signal.o)
 .debug_aranges
                0x00000000000008f8       0x20 /usr/local/m68k-elf/lib/libc.a(libc_a-signalr.o)
 .debug_aranges
                0x0000000000000918       0x20 /usr/local/lib/gcc/m68k-elf/11/libgcc.a(_mulsi3.o)
 .debug_aranges
                0x0000000000000938       0x20 /usr/local/lib/gcc/m68k-elf/11/libgcc.a(_udivsi3.o)
 .debug_aranges
                0x0000000000000958       0x20 /usr/local/lib/gcc/m68k-elf/11/libgcc.a(_divsi3.o)
 .debug_aranges
                0x0000000000000978       0x20 /usr/local/lib/gcc/m68k-elf/11/libgcc.a(_umodsi3.o)
 .debug_aranges
                0x0000000000000998       0x20 /usr/local/lib/gcc/m68k-elf/11/libgcc.a(_modsi3.o)
 .debug_aranges
                0x00000000000009b8       0x20 /usr/local/lib/gcc/m68k-elf/11/libgcc.a(_double.o)
 .debug_aranges
                0x00000000000009d8       0x20 /usr/local/lib/gcc/m68k-elf/11/libgcc.a(_floatex.o)
 .debug_aranges
                0x00000000000009f8       0x20 /usr/local/lib/gcc/m68k-elf/11/libgcc.a(_eqdf2.o)
 .debug_aranges
                0x0000000000000a18       0x20 /usr/local/lib/gcc/m68k-elf/11/libgcc.a(_nedf2.o)
 .debug_aranges
                0x0000000000000a38       0x20 /usr/local/lib/gcc/m68k-elf/11/libgcc.a(_gtdf2.o)
 .debug_aranges
                0x0000000000000a58       0x20 /usr/local/lib/gcc/m68k-elf/11/libgcc.a(_ltdf2.o)
 .debug_aranges
                0x0000000000000a78       0x20 /usr/local/lib/gcc/m68k-elf/11/libgcc.a(_ledf2.o)
 .debug_aranges
                0x0000000000000a98       0x20 /usr/local/lib/gcc/m68k-elf/11/libgcc.a(_lesf2.o)
 .debug_aranges
                0x0000000000000ab8       0x20 /usr/local/lib/gcc/m68k-elf/11/libgcc.a(_fixunsdfsi.o)
 .debug_aranges
                0x0000000000000ad8       0x20 /usr/local/lib/gcc/m68k-elf/11/libgcc.a(_fixdfdi.o)
 .debug_aranges
                0x0000000000000af8       0x20 /usr/local/lib/gcc/m68k-elf/11/libgcc.a(_fixunsdfdi.o)
 .debug_aranges
                0x0000000000000b18       0x20 /usr/local/lib/gcc/m68k-elf/11/libgcc.a(_floatdidf.o)
 .debug_aranges
                0x0000000000000b38       0x20 /usr/local/lib/gcc/m68k-elf/11/libgcc.a(fpgnulib.o)
 .debug_aranges
                0x0000000000000b58       0x20 /usr/local/lib/gcc/m68k-elf/11/libgcc.a(xfgnulib.o)
 .debug_aranges
                0x0000000000000b78       0x20 /usr/local/lib/gcc/m68k-elf/11/libgcc.a(_float.o)
 .debug_aranges
                0x0000000000000b98       0x20 /usr/local/lib/gcc/m68k-elf/11/libgcc.a(_gedf2.o)
 .debug_aranges
                0x0000000000000bb8       0x20 /usr/local/m68k-elf/lib/libidp.a(close.o)
 .debug_aranges
                0x0000000000000bd8       0x20 /usr/local/m68k-elf/lib/libidp.a(fstat.o)
 .debug_aranges
                0x0000000000000bf8       0x20 /usr/local/m68k-elf/lib/libidp.a(getpid.o)
 .debug_aranges
                0x0000000000000c18       0x20 /usr/local/m68k-elf/lib/libidp.a(isatty.o)
 .debug_aranges
                0x0000000000000c38       0x20 /usr/local/m68k-elf/lib/libidp.a(kill.o)
 .debug_aranges
                0x0000000000000c58       0x20 /usr/local/m68k-elf/lib/libidp.a(lseek.o)
 .debug_aranges
                0x0000000000000c78       0x20 /usr/local/m68k-elf/lib/libidp.a(sbrk.o)
 .debug_aranges
                0x0000000000000c98       0x20 /usr/local/m68k-elf/lib/libidp.a(mc68ec.o)

.debug_line     0x0000000000000000    0x15c39
 .debug_line    0x0000000000000000      0x124 csys68k.o
 .debug_line    0x0000000000000124      0x684 mtk_c.o
 .debug_line    0x00000000000007a8      0x165 test3.o
 .debug_line    0x000000000000090d      0x11f /usr/local/m68k-elf/lib/libc.a(libc_a-exit.o)
 .debug_line    0x0000000000000a2c      0x52f /usr/local/m68k-elf/lib/libc.a(libc_a-findfp.o)
 .debug_line    0x0000000000000f5b      0x293 /usr/local/m68k-elf/lib/libc.a(libc_a-fputc.o)
 .debug_line    0x00000000000011ee      0x180 /usr/local/m68k-elf/lib/libc.a(libc_a-fscanf.o)
 .debug_line    0x000000000000136e      0x199 /usr/local/m68k-elf/lib/libc.a(libc_a-fwalk.o)
 .debug_line    0x0000000000001507      0x289 /usr/local/m68k-elf/lib/libc.a(libc_a-fwrite.o)
 .debug_line    0x0000000000001790      0x279 /usr/local/m68k-elf/lib/libc.a(libc_a-putc.o)
 .debug_line    0x0000000000001a09      0x21e /usr/local/m68k-elf/lib/libc.a(libc_a-stdio.o)
 .debug_line    0x0000000000001c27      0x29f /usr/local/m68k-elf/lib/libc.a(libc_a-wbuf.o)
 .debug_line    0x0000000000001ec6      0x2db /usr/local/m68k-elf/lib/libc.a(libc_a-wsetup.o)
 .debug_line    0x00000000000021a1      0x178 /usr/local/m68k-elf/lib/libc.a(libc_a-closer.o)
 .debug_line    0x0000000000002319      0x1c1 /usr/local/m68k-elf/lib/libc.a(libc_a-reent.o)
 .debug_line    0x00000000000024da       0xac /usr/local/m68k-elf/lib/libc.a(libc_a-impure.o)
 .debug_line    0x0000000000002586      0x183 /usr/local/m68k-elf/lib/libc.a(libc_a-lseekr.o)
 .debug_line    0x0000000000002709      0x177 /usr/local/m68k-elf/lib/libc.a(libc_a-readr.o)
 .debug_line    0x0000000000002880      0x178 /usr/local/m68k-elf/lib/libc.a(libc_a-writer.o)
 .debug_line    0x00000000000029f8       0x6d /usr/local/m68k-elf/lib/libc.a(libc_a-memset.o)
 .debug_line    0x0000000000002a65      0x1a6 /usr/local/m68k-elf/lib/libc.a(libc_a-__call_atexit.o)
 .debug_line    0x0000000000002c0b      0x500 /usr/local/m68k-elf/lib/libc.a(libc_a-freer.o)
 .debug_line    0x000000000000310b      0x99b /usr/local/m68k-elf/lib/libc.a(libc_a-mallocr.o)
 .debug_line    0x0000000000003aa6      0x140 /usr/local/m68k-elf/lib/libc.a(libc_a-mlock.o)
 .debug_line    0x0000000000003be6     0x1951 /usr/local/m68k-elf/lib/libc.a(libc_a-vfscanf.o)
 .debug_line    0x0000000000005537      0x24c /usr/local/m68k-elf/lib/libc.a(libc_a-fclose.o)
 .debug_line    0x0000000000005783      0x484 /usr/local/m68k-elf/lib/libc.a(libc_a-fflush.o)
 .debug_line    0x0000000000005c07      0x3c5 /usr/local/m68k-elf/lib/libc.a(libc_a-fread.o)
 .debug_line    0x0000000000005fcc      0x610 /usr/local/m68k-elf/lib/libc.a(libc_a-fvwrite.o)
 .debug_line    0x00000000000065dc      0x36d /usr/local/m68k-elf/lib/libc.a(libc_a-makebuf.o)
 .debug_line    0x0000000000006949      0x37f /usr/local/m68k-elf/lib/libc.a(libc_a-refill.o)
 .debug_line    0x0000000000006cc8      0x1b5 /usr/local/m68k-elf/lib/libc.a(libc_a-sccl.o)