Archive member included to satisfy reference by file (symbol)

/usr/local/m68k-elf/lib/libc.a(libc_a-exit.o)
                              crt0.o (exit)
/usr/local/m68k-elf/lib/libc.a(libc_a-fdopen.o)
                              test3.o (fdopen)
/usr/local/m68k-elf/lib/libc.a(libc_a-fflush.o)
                              test3.o (fflush)
/usr/local/m68k-elf/lib/libc.a(libc_a-findfp.o)
                              /usr/local/m68k-elf/lib/libc.a(libc_a-fflush.o) (__sglue)
/usr/local/m68k-elf/lib/libc.a(libc_a-flags.o)
                              /usr/local/m68k-elf/lib/libc.a(libc_a-fdopen.o) (__sflags)
/usr/local/m68k-elf/lib/libc.a(libc_a-fprintf.o)
                              test3.o (fprintf)
/usr/local/m68k-elf/lib/libc.a(libc_a-fputc.o)
                              test3.o (fputc)
/usr/local/m68k-elf/lib/libc.a(libc_a-fscanf.o)
                              test3.o (fscanf)
/usr/local/m68k-elf/lib/libc.a(libc_a-fwalk.o)
                              /usr/local/m68k-elf/lib/libc.a(libc_a-fflush.o) (_fwalk_sglue)
/usr/local/m68k-elf/lib/libc.a(libc_a-fwrite.o)
                              test3.o (fwrite)
/usr/local/m68k-elf/lib/libc.a(libc_a-putc.o)
                              /usr/local/m68k-elf/lib/libc.a(libc_a-fputc.o) (_putc_r)
/usr/local/m68k-elf/lib/libc.a(libc_a-puts.o)
                              mtk_c.o (puts)
/usr/local/m68k-elf/lib/libc.a(libc_a-stdio.o)
                              /usr/local/m68k-elf/lib/libc.a(libc_a-fdopen.o) (__sread)
/usr/local/m68k-elf/lib/libc.a(libc_a-wbuf.o)
                              /usr/local/m68k-elf/lib/libc.a(libc_a-putc.o) (__swbuf_r)
/usr/local/m68k-elf/lib/libc.a(libc_a-wsetup.o)
                              /usr/local/m68k-elf/lib/libc.a(libc_a-wbuf.o) (__swsetup_r)
/usr/local/m68k-elf/lib/libc.a(libc_a-memmove.o)
                              test3.o (memmove)
/usr/local/m68k-elf/lib/libc.a(libc_a-closer.o)
                              /usr/local/m68k-elf/lib/libc.a(libc_a-stdio.o) (_close_r)
/usr/local/m68k-elf/lib/libc.a(libc_a-reent.o)
                              /usr/local/m68k-elf/lib/libc.a(libc_a-closer.o) (errno)
/usr/local/m68k-elf/lib/libc.a(libc_a-impure.o)
                              /usr/local/m68k-elf/lib/libc.a(libc_a-fdopen.o) (_impure_ptr)
/usr/local/m68k-elf/lib/libc.a(libc_a-lseekr.o)
                              /usr/local/m68k-elf/lib/libc.a(libc_a-stdio.o) (_lseek_r)
/usr/local/m68k-elf/lib/libc.a(libc_a-readr.o)
                              /usr/local/m68k-elf/lib/libc.a(libc_a-stdio.o) (_read_r)
/usr/local/m68k-elf/lib/libc.a(libc_a-writer.o)
                              /usr/local/m68k-elf/lib/libc.a(libc_a-stdio.o) (_write_r)
/usr/local/m68k-elf/lib/libc.a(libc_a-strlen.o)
                              /usr/local/m68k-elf/lib/libc.a(libc_a-puts.o) (strlen)
/usr/local/m68k-elf/lib/libc.a(libc_a-memset.o)
                              /usr/local/m68k-elf/lib/libc.a(libc_a-findfp.o) (memset)
/usr/local/m68k-elf/lib/libc.a(libc_a-__call_atexit.o)
                              /usr/local/m68k-elf/lib/libc.a(libc_a-exit.o) (__call_exitprocs)
/usr/local/m68k-elf/lib/libc.a(libc_a-freer.o)
                              /usr/local/m68k-elf/lib/libc.a(libc_a-fflush.o) (_free_r)
/usr/local/m68k-elf/lib/libc.a(libc_a-mallocr.o)
                              /usr/local/m68k-elf/lib/libc.a(libc_a-findfp.o) (_malloc_r)
/usr/local/m68k-elf/lib/libc.a(libc_a-mlock.o)
                              /usr/local/m68k-elf/lib/libc.a(libc_a-freer.o) (__malloc_lock)
/usr/local/m68k-elf/lib/libc.a(libc_a-vfprintf.o)
                              /usr/local/m68k-elf/lib/libc.a(libc_a-fprintf.o) (_vfprintf_r)
/usr/local/m68k-elf/lib/libc.a(libc_a-vfiprintf.o)
                              /usr/local/m68k-elf/lib/libc.a(libc_a-vfprintf.o) (__sprint_r)
/usr/local/m68k-elf/lib/libc.a(libc_a-vfscanf.o)
                              /usr/local/m68k-elf/lib/libc.a(libc_a-fscanf.o) (_vfscanf_r)
/usr/local/m68k-elf/lib/libc.a(libc_a-fclose.o)
                              /usr/local/m68k-elf/lib/libc.a(libc_a-findfp.o) (_fclose_r)
/usr/local/m68k-elf/lib/libc.a(libc_a-fread.o)
                              /usr/local/m68k-elf/lib/libc.a(libc_a-vfscanf.o) (_fread_r)
/usr/local/m68k-elf/lib/libc.a(libc_a-fvwrite.o)
                              /usr/local/m68k-elf/lib/libc.a(libc_a-fwrite.o) (__sfvwrite_r)
/usr/local/m68k-elf/lib/libc.a(libc_a-makebuf.o)
                              /usr/local/m68k-elf/lib/libc.a(libc_a-wsetup.o) (__smakebuf_r)
/usr/local/m68k-elf/lib/libc.a(libc_a-refill.o)
                              /usr/local/m68k-elf/lib/libc.a(libc_a-vfscanf.o) (__srefill_r)
/usr/local/m68k-elf/lib/libc.a(libc_a-sccl.o)
                              /usr/local/m68k-elf/lib/libc.a(libc_a-vfscanf.o) (__sccl)
/usr/local/m68k-elf/lib/libc.a(libc_a-sprintf.o)
                              /usr/local/m68k-elf/lib/libc.a(libc_a-vfscanf.o) (sprintf)
/usr/local/m68k-elf/lib/libc.a(libc_a-ungetc.o)
[...]
Memory Configuration

Name             Origin             Length             Attributes
ram              0x0000000000000000 0x0000000000040000 xrw
rom0             0x0000000000c00000 0x0000000000080000
device           0x0000000000fff000 0x0000000000001000
*default*        0x0000000000000000 0xffffffffffffffff

Linker script and memory map

LOAD crt0.o
LOAD mon.o
LOAD csys68k.o
LOAD inchrw.o
LOAD mtk_asm.o
LOAD mtk_c.o
LOAD outchr.o
LOAD test3.o
START GROUP
LOAD /usr/local/m68k-elf/lib/libidp.a
LOAD /usr/local/m68k-elf/lib/libc.a
LOAD /usr/local/lib/gcc/m68k-elf/11/libgcc.a
END GROUP
                0x0000000000000000                __DYNAMIC = 0x0
                0x000000000003fff0                PROVIDE (__stack = 0x3fff0)
                0x0000000000000000                PROVIDE (hardware_init_hook = 0x0)
                [!provide]                        PROVIDE (_hardware_init_hook = 0x0)
                0x0000000000000000                PROVIDE (software_init_hook = 0x0)
                [!provide]                        PROVIDE (_software_init_hook = 0x0)

.vector
 *(.vector)

.text           0x0000000000000400    0x144bb
                0x0000000000000400                __text_start = .
 *(.text)
 .text          0x0000000000000400       0x90 crt0.o
                0x000000000000043c                start
 .text          0x0000000000000490      0x498 mon.o
                0x0000000000000490                monitor_begin
 .text          0x0000000000000928      0x152 csys68k.o
                0x0000000000000928                read
                0x00000000000009fa                write
 *fill*         0x0000000000000a7a        0x2 
 .text          0x0000000000000a7c       0x32 inchrw.o
                0x0000000000000a7c                inbyte
 *fill*         0x0000000000000aae        0x2 
 .text          0x0000000000000ab0      0x13e mtk_asm.o
                0x0000000000000ab0                P
                0x0000000000000ac6                V
                0x0000000000000adc                pv_handler
                0x0000000000000b1e                swtch
                0x0000000000000b6c                first_task
                0x0000000000000b96                init_timer
 *fill*         0x0000000000000bee        0x2 
 .text          0x0000000000000bf0      0x3da mtk_c.o
                0x0000000000000bf0                init_kernel
                0x0000000000000c3e                set_task
                0x0000000000000d20                init_stack
                0x0000000000000d62                begin_sch
                0x0000000000000da6                addq
                0x0000000000000dfe                removeq
                0x0000000000000e1e                sched
                0x0000000000000e4a                sleep
                0x0000000000000eea                p_body
                0x0000000000000f14                wakeup
                0x0000000000000fa0                v_body
 *fill*         0x0000000000000fca        0x2 
 .text          0x0000000000000fcc       0x3c outchr.o
                0x0000000000000fcc                outbyte
 .text          0x0000000000001008      0x8c2 test3.o
                0x0000000000001008                init_ports
                0x00000000000010b4                is_valid_cell
                0x00000000000010e4                remove_cell
                0x000000000000114e                update_board
                0x000000000000118c                display_board
                0x00000000000012ce                player_maru
                0x00000000000013be                task_player_x
                0x00000000000014f4                hurry_msg
                0x000000000000154a                init_board
                0x00000000000016b8                binary_board
                0x0000000000001716                check_win
 *fill*         0x00000000000018ca        0x2 
 .text          0x00000000000018cc       0x28 /usr/local/m68k-elf/lib/libc.a(libc_a-exit.o)
                0x00000000000018cc                exit
 .text          0x00000000000018f4      0x102 /usr/local/m68k-elf/lib/libc.a(libc_a-fdopen.o)
                0x00000000000018f4                _fdopen_r
                0x0000000000001974                fdopen
 *fill*         0x00000000000019f6        0x2 
 .text          0x00000000000019f8      0x296 /usr/local/m68k-elf/lib/libc.a(libc_a-fflush.o)
                0x00000000000019f8                __sflush_r
                0x0000000000001bdc                _fflush_r
                0x0000000000001c1e                fflush
 *fill*         0x0000000000001c8e        0x2 
 .text          0x0000000000001c90      0x362 /usr/local/m68k-elf/lib/libc.a(libc_a-findfp.o)
                0x0000000000001e90                __sfp
                0x0000000000001f9e                __sinit
                0x0000000000001fbe                __sfp_lock_acquire
                0x0000000000001fc0                __sfp_lock_release
                0x0000000000001fc2                __fp_lock_all
                0x0000000000001fda                __fp_unlock_all
 *fill*         0x0000000000001ff2        0x2 
 .text          0x0000000000001ff4       0xaa /usr/local/m68k-elf/lib/libc.a(libc_a-flags.o)
                0x0000000000001ff4                __sflags
 *fill*         0x000000000000209e        0x2 
 .text          0x00000000000020a0       0x46 /usr/local/m68k-elf/lib/libc.a(libc_a-fprintf.o)
                0x00000000000020a0                _fprintf_r
                0x00000000000020c2                fprintf
 *fill*         0x00000000000020e6        0x2 
 .text          0x00000000000020e8       0xa0 /usr/local/m68k-elf/lib/libc.a(libc_a-fputc.o)
                0x00000000000020e8                _fputc_r
                0x000000000000213a                fputc
 .text          0x0000000000002188       0x46 /usr/local/m68k-elf/lib/libc.a(libc_a-fscanf.o)
                0x0000000000002188                fscanf
                0x00000000000021ac                _fscanf_r
 *fill*         0x00000000000021ce        0x2 
 .text          0x00000000000021d0       0x56 /usr/local/m68k-elf/lib/libc.a(libc_a-fwalk.o)
                0x00000000000021d0                _fwalk_sglue
 *fill*         0x0000000000002226        0x2 
 .text          0x0000000000002228      0x15e /usr/local/m68k-elf/lib/libc.a(libc_a-fwrite.o)
                0x0000000000002228                _fwrite_r
                0x00000000000022d6                fwrite
 *fill*         0x0000000000002386        0x2 
 .text          0x0000000000002388       0xec /usr/local/m68k-elf/lib/libc.a(libc_a-putc.o)
                0x0000000000002388                _putc_r
                0x0000000000002400                putc
 .text          0x0000000000002474       0xb6 /usr/local/m68k-elf/lib/libc.a(libc_a-puts.o)
                0x0000000000002474                _puts_r
                0x0000000000002518                puts
 *fill*         0x000000000000252a        0x2 
 .text          0x000000000000252c      0x114 /usr/local/m68k-elf/lib/libc.a(libc_a-stdio.o)
                0x000000000000252c                __sread
                0x0000000000002564                __seofread
                0x0000000000002568                __swrite
                0x00000000000025ee                __sseek
                0x000000000000262e                __sclose
 .text          0x0000000000002640      0x12a /usr/local/m68k-elf/lib/libc.a(libc_a-wbuf.o)
                0x0000000000002640                __swbuf_r
                0x0000000000002752                __swbuf
 *fill*         0x000000000000276a        0x2 
 .text          0x000000000000276c      0x12a /usr/local/m68k-elf/lib/libc.a(libc_a-wsetup.o)
                0x000000000000276c                __swsetup_r
 *fill*         0x0000000000002896        0x2 
 .text          0x0000000000002898       0xfa /usr/local/m68k-elf/lib/libc.a(libc_a-memmove.o)
                0x0000000000002898                memmove
 *fill*         0x0000000000002992        0x2 
 .text          0x0000000000002994       0x2a /usr/local/m68k-elf/lib/libc.a(libc_a-closer.o)
                0x0000000000002994                _close_r
 *fill*         0x00000000000029be        0x2 
 .text          0x00000000000029c0       0x92 /usr/local/m68k-elf/lib/libc.a(libc_a-reent.o)
                0x00000000000029c0                _reclaim_reent
 *fill*         0x0000000000002a52        0x2 
 .text          0x0000000000002a54        0x0 /usr/local/m68k-elf/lib/libc.a(libc_a-impure.o)
 .text          0x0000000000002a54       0x34 /usr/local/m68k-elf/lib/libc.a(libc_a-lseekr.o)
                0x0000000000002a54                _lseek_r
 .text          0x0000000000002a88       0x34 /usr/local/m68k-elf/lib/libc.a(libc_a-readr.o)
                0x0000000000002a88                _read_r
 .text          0x0000000000002abc       0x34 /usr/local/m68k-elf/lib/libc.a(libc_a-writer.o)
                0x0000000000002abc                _write_r
 .text          0x0000000000002af0       0x14 /usr/local/m68k-elf/lib/libc.a(libc_a-strlen.o)
                0x0000000000002af0                strlen
 .text          0x0000000000002b04       0x72 /usr/local/m68k-elf/lib/libc.a(libc_a-memset.o)
                0x0000000000002b04                memset
 *fill*         0x0000000000002b76        0x2 
 .text          0x0000000000002b78       0xaa /usr/local/m68k-elf/lib/libc.a(libc_a-__call_atexit.o)
                0x0000000000002b78                __call_exitprocs
 *fill*         0x0000000000002c22        0x2 
 .text          0x0000000000002c24      0x424 /usr/local/m68k-elf/lib/libc.a(libc_a-freer.o)
                0x0000000000002c24                _malloc_trim_r
                0x0000000000002cfe                _free_r
 .text          0x0000000000003048      0x85a /usr/local/m68k-elf/lib/libc.a(libc_a-mallocr.o)
                0x0000000000003048                _malloc_r
 *fill*         0x00000000000038a2        0x2 
 .text          0x00000000000038a4        0x4 /usr/local/m68k-elf/lib/libc.a(libc_a-mlock.o)
                0x00000000000038a4                __malloc_lock
                0x00000000000038a6                __malloc_unlock
 .text          0x00000000000038a8     0x1e7c /usr/local/m68k-elf/lib/libc.a(libc_a-vfprintf.o)
                0x00000000000038a8                _vfprintf_r
                0x0000000000005666                vfprintf
 .text          0x0000000000005724     0x11c4 /usr/local/m68k-elf/lib/libc.a(libc_a-vfiprintf.o)
                0x00000000000057c0                __sprint_r
                0x00000000000057ea                _vfiprintf_r
                0x000000000000682a                vfiprintf
 .text          0x00000000000068e8     0x188c /usr/local/m68k-elf/lib/libc.a(libc_a-vfscanf.o)
                0x00000000000068e8                __svfscanf_r
                0x00000000000080ac                vfscanf
                0x00000000000080fe                __svfscanf
                0x000000000000811a                _vfscanf_r
 .text          0x0000000000008174       0xea /usr/local/m68k-elf/lib/libc.a(libc_a-fclose.o)
                0x0000000000008174                _fclose_r
                0x000000000000824c                fclose
 *fill*         0x000000000000825e        0x2 
 .text          0x0000000000008260      0x1ee /usr/local/m68k-elf/lib/libc.a(libc_a-fread.o)
                0x0000000000008260                _fread_r
                0x000000000000842e                fread
 *fill*         0x000000000000844e        0x2 
 .text          0x0000000000008450      0x3cc /usr/local/m68k-elf/lib/libc.a(libc_a-fvwrite.o)
                0x0000000000008450                __sfvwrite_r
 .text          0x000000000000881c      0x1d2 /usr/local/m68k-elf/lib/libc.a(libc_a-makebuf.o)
                0x000000000000881c                __smakebuf_r
                0x0000000000008952                __swhatbuf_r
 *fill*         0x00000000000089ee        0x2 
 .text          0x00000000000089f0      0x1fc /usr/local/m68k-elf/lib/libc.a(libc_a-refill.o)
                0x0000000000008a18                __srefill_r
 .text          0x0000000000008bec       0xce /usr/local/m68k-elf/lib/libc.a(libc_a-sccl.o)
                0x0000000000008bec                __sccl
 *fill*         0x0000000000008cba        0x2 
 .text          0x0000000000008cbc       0xa2 /usr/local/m68k-elf/lib/libc.a(libc_a-sprintf.o)
                0x0000000000008cbc                _sprintf_r
                0x0000000000008d0c                sprintf
 *fill*         0x0000000000008d5e        0x2 
 .text          0x0000000000008d60      0x1fe /usr/local/m68k-elf/lib/libc.a(libc_a-ungetc.o)
                0x0000000000008d60                __submore
                0x0000000000008e02                _ungetc_r
                0x0000000000008f46                ungetc
 *fill*         0x0000000000008f5e        0x2 
 .text          0x0000000000008f60      0x166 /usr/local/m68k-elf/lib/libc.a(libc_a-fputwc.o)
                0x0000000000008f60                __fputwc
                0x000000000000903e                _fputwc_r
                0x0000000000009072                fputwc
 *fill*         0x00000000000090c6        0x2 
 .text          0x00000000000090c8       0x9c /usr/local/m68k-elf/lib/libc.a(libc_a-memchr.o)
                0x00000000000090c8                memchr
 .text          0x0000000000009164       0xb4 /usr/local/m68k-elf/lib/libc.a(libc_a-locale.o)
                0x0000000000009164                _setlocale_r
                0x00000000000091b8                __locale_mb_cur_max
                0x00000000000091c4                setlocale
 .text          0x0000000000009218       0x1c /usr/local/m68k-elf/lib/libc.a(libc_a-localeconv.o)
                0x0000000000009218                __localeconv_l
                0x0000000000009224                _localeconv_r
                0x000000000000922c                localeconv
 .text          0x0000000000009234       0x2e /usr/local/m68k-elf/lib/libc.a(libc_a-fstatr.o)
                0x0000000000009234                _fstat_r
 *fill*         0x0000000000009262        0x2 
 .text          0x0000000000009264       0x2a /usr/local/m68k-elf/lib/libc.a(libc_a-isattyr.o)
                0x0000000000009264                _isatty_r
 *fill*         0x000000000000928e        0x2 
 .text          0x0000000000009290       0x2a /usr/local/m68k-elf/lib/libc.a(libc_a-sbrkr.o)
                0x0000000000009290                _sbrk_r
 *fill*         0x00000000000092ba        0x2 
 .text          0x00000000000092bc       0x6e /usr/local/m68k-elf/lib/libc.a(libc_a-memcpy.o)
                0x00000000000092bc                memcpy
 *fill*         0x000000000000932a        0x2 
 .text          0x000000000000932c        0x8 /usr/local/m68k-elf/lib/libc.a(libm_a-sf_nan.o)
                0x000000000000932c                nanf
 .text          0x0000000000009334     0x1ae0 /usr/local/m68k-elf/lib/libc.a(libc_a-dtoa.o)
                0x00000000000094bc                _dtoa_r
 .text          0x000000000000ae14       0x4c /usr/local/m68k-elf/lib/libc.a(libc_a-mbtowc_r.o)
                0x000000000000ae14                _mbtowc_r
                0x000000000000ae1c                __ascii_mbtowc
 .text          0x000000000000ae60      0xe1a /usr/local/m68k-elf/lib/libc.a(libc_a-mprec.o)
                0x000000000000ae60                _Balloc
                0x000000000000aef0                _Bfree
                0x000000000000af14                __multadd
                0x000000000000b00e                __s2b
                0x000000000000b0ea                __hi0bits
                0x000000000000b144                __lo0bits
                0x000000000000b1ba                __i2b
                0x000000000000b25e                __multiply
                0x000000000000b46e                __pow5mult
                0x000000000000b566                __lshift
                0x000000000000b656                __mcmp
                0x000000000000b6a4                __mdiff
                0x000000000000b87a                __ulp
                0x000000000000b8cc                __b2d
                0x000000000000b9be                __d2b
                0x000000000000bad8                __ratio
                0x000000000000bb70                _mprec_log10
                0x000000000000bbca                __copybits
                0x000000000000bc20                __any_on
 *fill*         0x000000000000bc7a        0x2 
 .text          0x000000000000bc7c      0x61a /usr/local/m68k-elf/lib/libc.a(libc_a-reallocr.o)
                0x000000000000bc7c                _realloc_r
 *fill*         0x000000000000c296        0x2 
 .text          0x000000000000c298     0x1980 /usr/local/m68k-elf/lib/libc.a(libc_a-strtod.o)
                0x000000000000c298                _strtod_l
                0x000000000000d9be                _strtod_r
                0x000000000000d9da                strtod_l
                0x000000000000d9f6                strtod
                0x000000000000da14                strtof_l
                0x000000000000db10                strtof
 .text          0x000000000000dc18      0x2ba /usr/local/m68k-elf/lib/libc.a(libc_a-strtol.o)
                0x000000000000de94                _strtol_r
                0x000000000000de98                strtol_l
                0x000000000000deb6                strtol
 *fill*         0x000000000000ded2        0x2 
 .text          0x000000000000ded4      0x240 /usr/local/m68k-elf/lib/libc.a(libc_a-strtoul.o)
                0x000000000000e0d6                _strtoul_r
                0x000000000000e0da                strtoul_l
                0x000000000000e0f8                strtoul
 .text          0x000000000000e114       0x36 /usr/local/m68k-elf/lib/libc.a(libc_a-wctomb_r.o)
                0x000000000000e114                _wctomb_r
                0x000000000000e11c                __ascii_wctomb
 *fill*         0x000000000000e14a        0x2 
 .text          0x000000000000e14c       0xc8 /usr/local/m68k-elf/lib/libc.a(libc_a-mbrtowc.o)
                0x000000000000e14c                _mbrtowc_r
                0x000000000000e1ae                mbrtowc
 .text          0x000000000000e214       0xc8 /usr/local/m68k-elf/lib/libc.a(libc_a-wcrtomb.o)
                0x000000000000e214                _wcrtomb_r
                0x000000000000e274                wcrtomb
 .text          0x000000000000e2dc        0x0 /usr/local/m68k-elf/lib/libc.a(libc_a-ctype_.o)
 .text          0x000000000000e2dc       0x10 /usr/local/m68k-elf/lib/libc.a(libc_a-iswspace.o)
                0x000000000000e2dc                iswspace
 .text          0x000000000000e2ec       0x26 /usr/local/m68k-elf/lib/libc.a(libc_a-iswspace_l.o)
                0x000000000000e2ec                iswspace_l
 *fill*         0x000000000000e312        0x2 
 .text          0x000000000000e314     0x1db0 /usr/local/m68k-elf/lib/libc.a(libc_a-svfprintf.o)
                0x000000000000e314                _svfprintf_r
 .text          0x00000000000100c4       0x6e /usr/local/m68k-elf/lib/libc.a(libc_a-strcmp.o)
                0x00000000000100c4                strcmp
 *fill*         0x0000000000010132        0x2 
 .text          0x0000000000010134       0xa4 /usr/local/m68k-elf/lib/libc.a(libc_a-strncmp.o)
                0x0000000000010134                strncmp
 .text          0x00000000000101d8        0x8 /usr/local/m68k-elf/lib/libc.a(libc_a-errno.o)
                0x00000000000101d8                __errno
 .text          0x00000000000101e0        0xa /usr/local/m68k-elf/lib/libc.a(libm_a-s_nan.o)
                0x00000000000101e0                nan
 *fill*         0x00000000000101ea        0x2 
 .text          0x00000000000101ec       0x80 /usr/local/m68k-elf/lib/libc.a(libc_a-assert.o)
                0x00000000000101ec                __assert_func
                0x000000000001025a                __assert
 .text          0x000000000001026c      0x122 /usr/local/m68k-elf/lib/libc.a(libc_a-callocr.o)
                0x000000000001026c                _calloc_r
 *fill*         0x000000000001038e        0x2 
 .text          0x0000000000010390      0x8d0 /usr/local/m68k-elf/lib/libc.a(libc_a-gdtoa-gethex.o)
                0x000000000001045e                __gethex
 .text          0x0000000000010c60      0x268 /usr/local/m68k-elf/lib/libc.a(libc_a-gdtoa-hexnan.o)
                0x0000000000010c60                __match
                0x0000000000010ca6                __hexnan
 .text          0x0000000000010ec8       0x46 /usr/local/m68k-elf/lib/libc.a(libc_a-fiprintf.o)
                0x0000000000010ec8                _fiprintf_r
                0x0000000000010eea                fiprintf
 *fill*         0x0000000000010f0e        0x2 
 .text          0x0000000000010f10      0xe32 /usr/local/m68k-elf/lib/libc.a(libc_a-svfiprintf.o)
                0x0000000000010f10                __ssprint_r
                0x0000000000011070                _svfiprintf_r
 *fill*         0x0000000000011d42        0x2 
 .text          0x0000000000011d44       0x14 /usr/local/m68k-elf/lib/libc.a(libc_a-abort.o)
                0x0000000000011d44                abort
 .text          0x0000000000011d58      0x390 /usr/local/m68k-elf/lib/libc.a(libc_a-signal.o)
                0x0000000000011d58                _init_signal_r
                0x0000000000011d9a                _signal_r
                0x0000000000011e06                _raise_r
                0x0000000000011e8a                __sigtramp_r
                0x0000000000011f1c                raise
                0x0000000000011fa2                signal
                0x0000000000012010                _init_signal
                0x0000000000012054                __sigtramp
 .text          0x00000000000120e8       0x34 /usr/local/m68k-elf/lib/libc.a(libc_a-signalr.o)
                0x00000000000120e8                _kill_r
                0x0000000000012116                _getpid_r
 .text          0x000000000001211c       0x22 /usr/local/lib/gcc/m68k-elf/11/libgcc.a(_mulsi3.o)
                0x000000000001211c                __mulsi3
 *fill*         0x000000000001213e        0x2 
 .text          0x0000000000012140       0x5c /usr/local/lib/gcc/m68k-elf/11/libgcc.a(_udivsi3.o)
                0x0000000000012140                __udivsi3
 .text          0x000000000001219c       0x2e /usr/local/lib/gcc/m68k-elf/11/libgcc.a(_divsi3.o)
                0x000000000001219c                __divsi3
 *fill*         0x00000000000121ca        0x2 
 .text          0x00000000000121cc       0x2e /usr/local/lib/gcc/m68k-elf/11/libgcc.a(_umodsi3.o)
                0x00000000000121cc                __umodsi3
 *fill*         0x00000000000121fa        0x2 
 .text          0x00000000000121fc       0x2e /usr/local/lib/gcc/m68k-elf/11/libgcc.a(_modsi3.o)
                0x00000000000121fc                __modsi3
 *fill*         0x000000000001222a        0x2 
 .text          0x000000000001222c      0x9cc /usr/local/lib/gcc/m68k-elf/11/libgcc.a(_double.o)
                0x0000000000012286                __subdf3
                0x000000000001228c                __adddf3
                0x0000000000012622                __muldf3
                0x00000000000127d0                __divdf3
                0x0000000000012a44                __negdf2
                0x0000000000012aa2                __cmpdf2_internal
                0x0000000000012b72                __cmpdf2
 .text          0x0000000000012bf8       0x6a /usr/local/lib/gcc/m68k-elf/11/libgcc.a(_floatex.o)
                0x0000000000012bf8                __clear_sticky_bit
                0x0000000000012c06                $_exception_handler
 *fill*         0x0000000000012c62        0x2 
 .text          0x0000000000012c64       0x22 /usr/local/lib/gcc/m68k-elf/11/libgcc.a(_eqdf2.o)
                0x0000000000012c64                __eqdf2
 *fill*         0x0000000000012c86        0x2 
 .text          0x0000000000012c88       0x22 /usr/local/lib/gcc/m68k-elf/11/libgcc.a(_nedf2.o)
                0x0000000000012c88                __nedf2
 *fill*         0x0000000000012caa        0x2 
 .text          0x0000000000012cac       0x22 /usr/local/lib/gcc/m68k-elf/11/libgcc.a(_gtdf2.o)
                0x0000000000012cac                __gtdf2
 *fill*         0x0000000000012cce        0x2 
 .text          0x0000000000012cd0       0x22 /usr/local/lib/gcc/m68k-elf/11/libgcc.a(_ltdf2.o)
                0x0000000000012cd0                __ltdf2
 *fill*         0x0000000000012cf2        0x2 
 .text          0x0000000000012cf4       0x22 /usr/local/lib/gcc/m68k-elf/11/libgcc.a(_ledf2.o)
                0x0000000000012cf4                __ledf2
 *fill*         0x0000000000012d16        0x2 
 .text          0x0000000000012d18       0x1a /usr/local/lib/gcc/m68k-elf/11/libgcc.a(_lesf2.o)
                0x0000000000012d18                __lesf2
 *fill*         0x0000000000012d32        0x2 
 .text          0x0000000000012d34       0x66 /usr/local/lib/gcc/m68k-elf/11/libgcc.a(_fixunsdfsi.o)
                0x0000000000012d34                __fixunsdfsi
 *fill*         0x0000000000012d9a        0x2 
 .text          0x0000000000012d9c       0x52 /usr/local/lib/gcc/m68k-elf/11/libgcc.a(_fixdfdi.o)
                0x0000000000012d9c                __fixdfdi
 *fill*         0x0000000000012dee        0x2 
 .text          0x0000000000012df0       0x72 /usr/local/lib/gcc/m68k-elf/11/libgcc.a(_fixunsdfdi.o)
                0x0000000000012df0                __fixunsdfdi
 *fill*         0x0000000000012e62        0x2 
 .text          0x0000000000012e64       0x4a /usr/local/lib/gcc/m68k-elf/11/libgcc.a(_floatdidf.o)
                0x0000000000012e64                __floatdidf
 *fill*         0x0000000000012eae        0x2 
 .text          0x0000000000012eb0      0x53a /usr/local/lib/gcc/m68k-elf/11/libgcc.a(fpgnulib.o)
                0x0000000000012f5e                __unordsf2
                0x0000000000012fb4                __unorddf2
                0x0000000000013024                __floatunsidf
                0x000000000001309a                __floatsidf
                0x00000000000130ae                __floatunsisf
                0x0000000000013128                __floatsisf
                0x0000000000013144                __extendsfdf2
                0x00000000000131b8                __truncdfsf2
                0x00000000000132c6                __fixdfsi
                0x0000000000013356                __fixsfsi
 *fill*         0x00000000000133ea        0x2 
 .text          0x00000000000133ec      0x8c0 /usr/local/lib/gcc/m68k-elf/11/libgcc.a(xfgnulib.o)
                0x00000000000133ec                __unordxf2
                0x000000000001348c                __extenddfxf2
                0x0000000000013540                __truncxfdf2
                0x0000000000013608                __extendsfxf2
                0x00000000000136c2                __truncxfsf2
                0x00000000000137bc                __floatsixf
                0x0000000000013802                __floatunsixf
                0x0000000000013848                __fixxfsi
                0x000000000001386a                __addxf3
                0x00000000000138e0                __subxf3
                0x0000000000013956                __mulxf3
                0x00000000000139cc                __divxf3
                0x0000000000013a42                __negxf2
                0x0000000000013a98                __cmpxf2
                0x0000000000013ae4                __eqxf2
                0x0000000000013b30                __nexf2
                0x0000000000013b7c                __ltxf2
                0x0000000000013bc8                __lexf2
                0x0000000000013c14                __gtxf2
                0x0000000000013c60                __gexf2
 .text          0x0000000000013cac      0x72a /usr/local/lib/gcc/m68k-elf/11/libgcc.a(_float.o)
                0x0000000000013cf4                __subsf3
                0x0000000000013cfa                __addsf3
                0x0000000000013f88                __mulsf3
                0x00000000000140b4                __divsf3
                0x000000000001427a                __negsf2
                0x00000000000142cc                __cmpsf2_internal
                0x0000000000014368                __cmpsf2
 *fill*         0x00000000000143d6        0x2 
 .text          0x00000000000143d8       0x22 /usr/local/lib/gcc/m68k-elf/11/libgcc.a(_gedf2.o)
                0x00000000000143d8                __gedf2
 *fill*         0x00000000000143fa        0x2 
 .text          0x00000000000143fc        0x4 /usr/local/m68k-elf/lib/libidp.a(close.o)
                0x00000000000143fc                close
 .text          0x0000000000014400       0x14 /usr/local/m68k-elf/lib/libidp.a(fstat.o)
                0x0000000000014400                fstat
 .text          0x0000000000014414        0x4 /usr/local/m68k-elf/lib/libidp.a(getpid.o)
                0x0000000000014414                getpid
 .text          0x0000000000014418        0x4 /usr/local/m68k-elf/lib/libidp.a(isatty.o)
                0x0000000000014418                isatty
 .text          0x000000000001441c       0x16 /usr/local/m68k-elf/lib/libidp.a(kill.o)
                0x000000000001441c                kill
 *fill*         0x0000000000014432        0x2 
 .text          0x0000000000014434       0x10 /usr/local/m68k-elf/lib/libidp.a(lseek.o)
                0x0000000000014434                lseek
 .text          0x0000000000014444       0x2a /usr/local/m68k-elf/lib/libidp.a(sbrk.o)
                0x0000000000014444                sbrk
 *fill*         0x000000000001446e        0x2 
 .text          0x0000000000014470       0x12 /usr/local/m68k-elf/lib/libidp.a(mc68ec.o)
                0x0000000000014470                _exit
                0x0000000000014474                delay
                0x0000000000014484                . = ALIGN (0x4)
 *fill*         0x0000000000014482        0x2 
                0x0000000000014484                __CTOR_LIST__ = .
                0x0000000000014484                ___CTOR_LIST__ = .
                0x0000000000014484        0x4 LONG 0x0 (((__CTOR_END__ - __CTOR_LIST__) / 0x4) - 0x2)
 *(.ctors)
                0x0000000000014488        0x4 LONG 0x0
                0x000000000001448c                __CTOR_END__ = .
                0x000000000001448c                __DTOR_LIST__ = .
                0x000000000001448c                ___DTOR_LIST__ = .
                0x000000000001448c        0x4 LONG 0x0 (((__DTOR_END__ - __DTOR_LIST__) / 0x4) - 0x2)
 *(.dtors)
                0x0000000000014490        0x4 LONG 0x0
                0x0000000000014494                __DTOR_END__ = .
 *(.rodata)
 .rodata        0x0000000000014494       0x20 /usr/local/m68k-elf/lib/libc.a(libc_a-vfprintf.o)
 .rodata        0x00000000000144b4       0x20 /usr/local/m68k-elf/lib/libc.a(libc_a-vfiprintf.o)
 .rodata        0x00000000000144d4       0x22 /usr/local/m68k-elf/lib/libc.a(libc_a-vfscanf.o)
 .rodata        0x00000000000144f6      0x124 /usr/local/m68k-elf/lib/libc.a(libc_a-mprec.o)
                0x0000000000014502                __mprec_tinytens
                0x000000000001452a                __mprec_bigtens
                0x0000000000014552                __mprec_tens
 .rodata        0x000000000001461a       0x50 /usr/local/m68k-elf/lib/libc.a(libc_a-strtod.o)
 .rodata        0x000000000001466a      0x101 /usr/local/m68k-elf/lib/libc.a(libc_a-ctype_.o)
                0x000000000001466a                _ctype_
 .rodata        0x000000000001476b       0x20 /usr/local/m68k-elf/lib/libc.a(libc_a-svfprintf.o)
 .rodata        0x000000000001478b      0x100 /usr/local/m68k-elf/lib/libc.a(libc_a-gdtoa-gethex.o)
                0x000000000001478b                __hexdig
 .rodata        0x000000000001488b       0x20 /usr/local/m68k-elf/lib/libc.a(libc_a-svfiprintf.o)
 *(.gcc_except_table)
                0x00000000000148ab                __INIT_SECTION__ = .
                0x00000000000148ab        0x4 LONG 0x4e560000
 *(.init)
                0x00000000000148af        0x2 SHORT 0x4e5e
                0x00000000000148b1        0x2 SHORT 0x4e75
                0x00000000000148b3                __FINI_SECTION__ = .
                0x00000000000148b3        0x4 LONG 0x4e560000
 *(.fini)
                0x00000000000148b7        0x2 SHORT 0x4e5e
                0x00000000000148b9        0x2 SHORT 0x4e75
                0x00000000000148bb                _etext = .
 *(.lit)

.text.startup   0x00000000000148bc       0x38
 .text.startup  0x00000000000148bc       0x38 test3.o
                0x00000000000148bc                main

.rodata.str1.1  0x00000000000148f4      0x334
 .rodata.str1.1
                0x00000000000148f4        0xc mtk_c.o
 .rodata.str1.1
                0x0000000000014900      0x108 test3.o
 .rodata.str1.1
                0x0000000000014a08        0x2 /usr/local/m68k-elf/lib/libc.a(libc_a-puts.o)
 .rodata.str1.1
                0x0000000000014a0a       0x3b /usr/local/m68k-elf/lib/libc.a(libc_a-vfprintf.o)
 .rodata.str1.1
                0x0000000000014a45       0x29 /usr/local/m68k-elf/lib/libc.a(libc_a-vfiprintf.o)
 .rodata.str1.1
                0x0000000000014a6e        0x6 /usr/local/m68k-elf/lib/libc.a(libc_a-vfscanf.o)
 .rodata.str1.1
                0x0000000000014a74        0xb /usr/local/m68k-elf/lib/libc.a(libc_a-locale.o)
 .rodata.str1.1
                0x0000000000014a7f       0x59 /usr/local/m68k-elf/lib/libc.a(libc_a-dtoa.o)
 .rodata.str1.1
                0x0000000000014ad8       0x4b /usr/local/m68k-elf/lib/libc.a(libc_a-mprec.o)
 .rodata.str1.1
                0x0000000000014b23        0xf /usr/local/m68k-elf/lib/libc.a(libc_a-strtod.o)
 .rodata.str1.1
                0x0000000000014b32        0x1 /usr/local/m68k-elf/lib/libc.a(libc_a-mbrtowc.o)
 .rodata.str1.1
                0x0000000000014b33       0x3b /usr/local/m68k-elf/lib/libc.a(libc_a-svfprintf.o)
 .rodata.str1.1
                0x0000000000014b6e       0x3d /usr/local/m68k-elf/lib/libc.a(libc_a-assert.o)
 .rodata.str1.1
                0x0000000000014bab       0x54 /usr/local/m68k-elf/lib/libc.a(libc_a-gdtoa-gethex.o)
 .rodata.str1.1
                0x0000000000014bff       0x29 /usr/local/m68k-elf/lib/libc.a(libc_a-svfiprintf.o)

.data           0x0000000000014c28      0xb50
 *(.shdata)
 *(.data)
 .data          0x0000000000014c28        0x4 crt0.o
 .data          0x0000000000014c2c      0x45a mon.o
 *fill*         0x0000000000015086        0x2 
 .data          0x0000000000015088        0x0 csys68k.o
 .data          0x0000000000015088        0x0 inchrw.o
 .data          0x0000000000015088        0x0 mtk_asm.o
 .data          0x0000000000015088        0x0 mtk_c.o
 .data          0x0000000000015088        0x0 outchr.o
 .data          0x0000000000015088       0x32 test3.o
                0x0000000000015088                valid_cells_length
                0x000000000001508c                valid_cells
                0x0000000000015095                board
                0x000000000001509e                player_O
                0x00000000000150ac                player_x
 *fill*         0x00000000000150ba        0x2 
 .data          0x00000000000150bc        0x0 /usr/local/m68k-elf/lib/libc.a(libc_a-exit.o)
 .data          0x00000000000150bc        0x0 /usr/local/m68k-elf/lib/libc.a(libc_a-fdopen.o)
 .data          0x00000000000150bc        0x0 /usr/local/m68k-elf/lib/libc.a(libc_a-fflush.o)
 .data          0x00000000000150bc        0xc /usr/local/m68k-elf/lib/libc.a(libc_a-findfp.o)
                0x00000000000150bc                __sglue
 .data          0x00000000000150c8        0x0 /usr/local/m68k-elf/lib/libc.a(libc_a-flags.o)
 .data          0x00000000000150c8        0x0 /usr/local/m68k-elf/lib/libc.a(libc_a-fprintf.o)
 .data          0x00000000000150c8        0x0 /usr/local/m68k-elf/lib/libc.a(libc_a-fputc.o)
 .data          0x00000000000150c8        0x0 /usr/local/m68k-elf/lib/libc.a(libc_a-fscanf.o)
 .data          0x00000000000150c8        0x0 /usr/local/m68k-elf/lib/libc.a(libc_a-fwalk.o)
 .data          0x00000000000150c8        0x0 /usr/local/m68k-elf/lib/libc.a(libc_a-fwrite.o)
 .data          0x00000000000150c8        0x0 /usr/local/m68k-elf/lib/libc.a(libc_a-putc.o)
 .data          0x00000000000150c8        0x0 /usr/local/m68k-elf/lib/libc.a(libc_a-puts.o)
 .data          0x00000000000150c8        0x0 /usr/local/m68k-elf/lib/libc.a(libc_a-stdio.o)
 .data          0x00000000000150c8        0x0 /usr/local/m68k-elf/lib/libc.a(libc_a-wbuf.o)
 .data          0x00000000000150c8        0x0 /usr/local/m68k-elf/lib/libc.a(libc_a-wsetup.o)
 .data          0x00000000000150c8        0x0 /usr/local/m68k-elf/lib/libc.a(libc_a-memmove.o)
 .data          0x00000000000150c8        0x0 /usr/local/m68k-elf/lib/libc.a(libc_a-closer.o)
 .data          0x00000000000150c8        0x0 /usr/local/m68k-elf/lib/libc.a(libc_a-reent.o)
 .data          0x00000000000150c8      0x11a /usr/local/m68k-elf/lib/libc.a(libc_a-impure.o)
                0x00000000000150c8                _impure_ptr
                0x00000000000150cc                _impure_data
 *fill*         0x00000000000151e2        0x2 
 .data          0x00000000000151e4        0x0 /usr/local/m68k-elf/lib/libc.a(libc_a-lseekr.o)
 .data          0x00000000000151e4        0x0 /usr/local/m68k-elf/lib/libc.a(libc_a-readr.o)
 .data          0x00000000000151e4        0x0 /usr/local/m68k-elf/lib/libc.a(libc_a-writer.o)
 .data          0x00000000000151e4        0x0 /usr/local/m68k-elf/lib/libc.a(libc_a-strlen.o)
 .data          0x00000000000151e4        0x0 /usr/local/m68k-elf/lib/libc.a(libc_a-memset.o)
 .data          0x00000000000151e4        0x0 /usr/local/m68k-elf/lib/libc.a(libc_a-__call_atexit.o)
 .data          0x00000000000151e4        0x0 /usr/local/m68k-elf/lib/libc.a(libc_a-freer.o)
 .data          0x00000000000151e4      0x410 /usr/local/m68k-elf/lib/libc.a(libc_a-mallocr.o)
                0x00000000000151e4                __malloc_sbrk_base
                0x00000000000151e8                __malloc_trim_threshold
                0x00000000000151ec                __malloc_av_
 .data          0x00000000000155f4        0x0 /usr/local/m68k-elf/lib/libc.a(libc_a-mlock.o)
 .data          0x00000000000155f4        0x0 /usr/local/m68k-elf/lib/libc.a(libc_a-vfprintf.o)
 .data          0x00000000000155f4        0x0 /usr/local/m68k-elf/lib/libc.a(libc_a-vfiprintf.o)
 .data          0x00000000000155f4        0x0 /usr/local/m68k-elf/lib/libc.a(libc_a-vfscanf.o)
 .data          0x00000000000155f4        0x0 /usr/local/m68k-elf/lib/libc.a(libc_a-fclose.o)
 .data          0x00000000000155f4        0x0 /usr/local/m68k-elf/lib/libc.a(libc_a-fread.o)
 .data          0x00000000000155f4        0x0 /usr/local/m68k-elf/lib/libc.a(libc_a-fvwrite.o)
 .data          0x00000000000155f4        0x0 /usr/local/m68k-elf/lib/libc.a(libc_a-makebuf.o)
 .data          0x00000000000155f4        0x0 /usr/local/m68k-elf/lib/libc.a(libc_a-refill.o)
 .data          0x00000000000155f4        0x0 /usr/local/m68k-elf/lib/libc.a(libc_a-sccl.o)
 .data          0x00000000000155f4        0x0 /usr/local/m68k-elf/lib/libc.a(libc_a-sprintf.o)
 .data          0x00000000000155f4        0x0 /usr/local/m68k-elf/lib/libc.a(libc_a-ungetc.o)
 .data          0x00000000000155f4        0x0 /usr/local/m68k-elf/lib/libc.a(libc_a-fputwc.o)
 .data          0x00000000000155f4        0x0 /usr/local/m68k-elf/lib/libc.a(libc_a-memchr.o)
 .data          0x00000000000155f4      0x168 /usr/local/m68k-elf/lib/libc.a(libc_a-locale.o)
                0x00000000000155f4                __global_locale
 .data          0x000000000001575c        0x0 /usr/local/m68k-elf/lib/libc.a(libc_a-localeconv.o)
 .data          0x000000000001575c        0x0 /usr/local/m68k-elf/lib/libc.a(libc_a-fstatr.o)
 .data          0x000000000001575c        0x0 /usr/local/m68k-elf/lib/libc.a(libc_a-isattyr.o)
 .data          0x000000000001575c        0x0 /usr/local/m68k-elf/lib/libc.a(libc_a-sbrkr.o)
 .data          0x000000000001575c        0x0 /usr/local/m68k-elf/lib/libc.a(libc_a-memcpy.o)
 .data          0x000000000001575c        0x0 /usr/local/m68k-elf/lib/libc.a(libm_a-sf_nan.o)
 .data          0x000000000001575c        0x0 /usr/local/m68k-elf/lib/libc.a(libc_a-dtoa.o)
 .data          0x000000000001575c        0x0 /usr/local/m68k-elf/lib/libc.a(libc_a-mbtowc_r.o)
 .data          0x000000000001575c        0x0 /usr/local/m68k-elf/lib/libc.a(libc_a-mprec.o)
 .data          0x000000000001575c        0x0 /usr/local/m68k-elf/lib/libc.a(libc_a-reallocr.o)
 .data          0x000000000001575c        0x0 /usr/local/m68k-elf/lib/libc.a(libc_a-strtod.o)
 .data          0x000000000001575c        0x0 /usr/local/m68k-elf/lib/libc.a(libc_a-strtol.o)
 .data          0x000000000001575c        0x0 /usr/local/m68k-elf/lib/libc.a(libc_a-strtoul.o)
 .data          0x000000000001575c        0x0 /usr/local/m68k-elf/lib/libc.a(libc_a-wctomb_r.o)
 .data          0x000000000001575c        0x0 /usr/local/m68k-elf/lib/libc.a(libc_a-mbrtowc.o)
 .data          0x000000000001575c        0x0 /usr/local/m68k-elf/lib/libc.a(libc_a-wcrtomb.o)
 .data          0x000000000001575c        0x0 /usr/local/m68k-elf/lib/libc.a(libc_a-ctype_.o)
 .data          0x000000000001575c        0x0 /usr/local/m68k-elf/lib/libc.a(libc_a-iswspace.o)
 .data          0x000000000001575c        0x0 /usr/local/m68k-elf/lib/libc.a(libc_a-iswspace_l.o)
 .data          0x000000000001575c        0x0 /usr/local/m68k-elf/lib/libc.a(libc_a-svfprintf.o)
 .data          0x000000000001575c        0x0 /usr/local/m68k-elf/lib/libc.a(libc_a-strcmp.o)
 .data          0x000000000001575c        0x0 /usr/local/m68k-elf/lib/libc.a(libc_a-strncmp.o)
 .data          0x000000000001575c        0x0 /usr/local/m68k-elf/lib/libc.a(libc_a-errno.o)
 .data          0x000000000001575c        0x0 /usr/local/m68k-elf/lib/libc.a(libm_a-s_nan.o)
 .data          0x000000000001575c        0x0 /usr/local/m68k-elf/lib/libc.a(libc_a-assert.o)
 .data          0x000000000001575c        0x0 /usr/local/m68k-elf/lib/libc.a(libc_a-callocr.o)
 .data          0x000000000001575c        0x0 /usr/local/m68k-elf/lib/libc.a(libc_a-gdtoa-gethex.o)
 .data          0x000000000001575c        0x0 /usr/local/m68k-elf/lib/libc.a(libc_a-gdtoa-hexnan.o)
 .data          0x000000000001575c        0x0 /usr/local/m68k-elf/lib/libc.a(libc_a-fiprintf.o)
 .data          0x000000000001575c        0x0 /usr/local/m68k-elf/lib/libc.a(libc_a-svfiprintf.o)
 .data          0x000000000001575c        0x0 /usr/local/m68k-elf/lib/libc.a(libc_a-abort.o)
 .data          0x000000000001575c        0x0 /usr/local/m68k-elf/lib/libc.a(libc_a-signal.o)
 .data          0x000000000001575c        0x0 /usr/local/m68k-elf/lib/libc.a(libc_a-signalr.o)
 .data          0x000000000001575c        0x0 /usr/local/lib/gcc/m68k-elf/11/libgcc.a(_mulsi3.o)
 .data          0x000000000001575c        0x0 /usr/local/lib/gcc/m68k-elf/11/libgcc.a(_udivsi3.o)
 .data          0x000000000001575c        0x0 /usr/local/lib/gcc/m68k-elf/11/libgcc.a(_divsi3.o)
 .data          0x000000000001575c        0x0 /usr/local/lib/gcc/m68k-elf/11/libgcc.a(_umodsi3.o)
 .data          0x000000000001575c        0x0 /usr/local/lib/gcc/m68k-elf/11/libgcc.a(_modsi3.o)
 .data          0x000000000001575c        0x0 /usr/local/lib/gcc/m68k-elf/11/libgcc.a(_double.o)
 .data          0x000000000001575c       0x1c /usr/local/lib/gcc/m68k-elf/11/libgcc.a(_floatex.o)
                0x000000000001575c                _fpCCR
 .data          0x0000000000015778        0x0 /usr/local/lib/gcc/m68k-elf/11/libgcc.a(_eqdf2.o)
 .data          0x0000000000015778        0x0 /usr/local/lib/gcc/m68k-elf/11/libgcc.a(_nedf2.o)
 .data          0x0000000000015778        0x0 /usr/local/lib/gcc/m68k-elf/11/libgcc.a(_gtdf2.o)
 .data          0x0000000000015778        0x0 /usr/local/lib/gcc/m68k-elf/11/libgcc.a(_ltdf2.o)
 .data          0x0000000000015778        0x0 /usr/local/lib/gcc/m68k-elf/11/libgcc.a(_ledf2.o)
 .data          0x0000000000015778        0x0 /usr/local/lib/gcc/m68k-elf/11/libgcc.a(_lesf2.o)
 .data          0x0000000000015778        0x0 /usr/local/lib/gcc/m68k-elf/11/libgcc.a(_fixunsdfsi.o)
 .data          0x0000000000015778        0x0 /usr/local/lib/gcc/m68k-elf/11/libgcc.a(_fixdfdi.o)
 .data          0x0000000000015778        0x0 /usr/local/lib/gcc/m68k-elf/11/libgcc.a(_fixunsdfdi.o)
 .data          0x0000000000015778        0x0 /usr/local/lib/gcc/m68k-elf/11/libgcc.a(_floatdidf.o)
 .data          0x0000000000015778        0x0 /usr/local/lib/gcc/m68k-elf/11/libgcc.a(fpgnulib.o)
 .data          0x0000000000015778        0x0 /usr/local/lib/gcc/m68k-elf/11/libgcc.a(xfgnulib.o)
 .data          0x0000000000015778        0x0 /usr/local/lib/gcc/m68k-elf/11/libgcc.a(_float.o)
 .data          0x0000000000015778        0x0 /usr/local/lib/gcc/m68k-elf/11/libgcc.a(_gedf2.o)
 .data          0x0000000000015778        0x0 /usr/local/m68k-elf/lib/libidp.a(close.o)
 .data          0x0000000000015778        0x0 /usr/local/m68k-elf/lib/libidp.a(fstat.o)
 .data          0x0000000000015778        0x0 /usr/local/m68k-elf/lib/libidp.a(getpid.o)
 .data          0x0000000000015778        0x0 /usr/local/m68k-elf/lib/libidp.a(isatty.o)
 .data          0x0000000000015778        0x0 /usr/local/m68k-elf/lib/libidp.a(kill.o)
 .data          0x0000000000015778        0x0 /usr/local/m68k-elf/lib/libidp.a(lseek.o)
 .data          0x0000000000015778        0x0 /usr/local/m68k-elf/lib/libidp.a(sbrk.o)
 .data          0x0000000000015778        0x0 /usr/local/m68k-elf/lib/libidp.a(mc68ec.o)
                0x0000000000015778                _edata = .

.bss            0x0000000000015778     0x9b48
                0x0000000000015778                . = ALIGN (0x4)
                0x0000000000015778                __bss_start = .
 *(.shbss)
 *(.bss)
 .bss           0x0000000000015778        0x0 crt0.o
 .bss           0x0000000000015778     0x8104 mon.o
 .bss           0x000000000001d87c        0x0 csys68k.o
 .bss           0x000000000001d87c        0x2 inchrw.o
 *fill*         0x000000000001d87e        0x2 
 .bss           0x000000000001d880        0x0 mtk_asm.o
 .bss           0x000000000001d880     0x1898 mtk_c.o
                0x000000000001d880                ready
                0x000000000001d884                next_task
                0x000000000001d888                new_task
                0x000000000001d88c                curr_task
                0x000000000001d890                stacks
                0x000000000001f090                task_tab
                0x000000000001f0e0                semaphore
 .bss           0x000000000001f118        0x2 outchr.o
                0x000000000001f118                obDATA
 *fill*         0x000000000001f11a        0x2 
 .bss           0x000000000001f11c       0x24 test3.o
                0x000000000001f11c                b_board
 .bss           0x000000000001f140        0x0 /usr/local/m68k-elf/lib/libc.a(libc_a-exit.o)
 .bss           0x000000000001f140        0x0 /usr/local/m68k-elf/lib/libc.a(libc_a-fdopen.o)
 .bss           0x000000000001f140        0x0 /usr/local/m68k-elf/lib/libc.a(libc_a-fflush.o)
 .bss           0x000000000001f140      0x13c /usr/local/m68k-elf/lib/libc.a(libc_a-findfp.o)
                0x000000000001f140                __sf
                0x000000000001f278                __stdio_exit_handler
 .bss           0x000000000001f27c        0x0 /usr/local/m68k-elf/lib/libc.a(libc_a-flags.o)
 .bss           0x000000000001f27c        0x0 /usr/local/m68k-elf/lib/libc.a(libc_a-fprintf.o)
 .bss           0x000000000001f27c        0x0 /usr/local/m68k-elf/lib/libc.a(libc_a-fputc.o)
 .bss           0x000000000001f27c        0x0 /usr/local/m68k-elf/lib/libc.a(libc_a-fscanf.o)
 .bss           0x000000000001f27c        0x0 /usr/local/m68k-elf/lib/libc.a(libc_a-fwalk.o)
 .bss           0x000000000001f27c        0x0 /usr/local/m68k-elf/lib/libc.a(libc_a-fwrite.o)
 .bss           0x000000000001f27c        0x0 /usr/local/m68k-elf/lib/libc.a(libc_a-putc.o)
 .bss           0x000000000001f27c        0x0 /usr/local/m68k-elf/lib/libc.a(libc_a-puts.o)
 .bss           0x000000000001f27c        0x0 /usr/local/m68k-elf/lib/libc.a(libc_a-stdio.o)
 .bss           0x000000000001f27c        0x0 /usr/local/m68k-elf/lib/libc.a(libc_a-wbuf.o)
 .bss           0x000000000001f27c        0x0 /usr/local/m68k-elf/lib/libc.a(libc_a-wsetup.o)
 .bss           0x000000000001f27c        0x0 /usr/local/m68k-elf/lib/libc.a(libc_a-memmove.o)
 .bss           0x000000000001f27c        0x0 /usr/local/m68k-elf/lib/libc.a(libc_a-closer.o)
 .bss           0x000000000001f27c        0x4 /usr/local/m68k-elf/lib/libc.a(libc_a-reent.o)
                0x000000000001f27c                errno
 .bss           0x000000000001f280        0x0 /usr/local/m68k-elf/lib/libc.a(libc_a-impure.o)
 .bss           0x000000000001f280        0x0 /usr/local/m68k-elf/lib/libc.a(libc_a-lseekr.o)
 .bss           0x000000000001f280        0x0 /usr/local/m68k-elf/lib/libc.a(libc_a-readr.o)
 .bss           0x000000000001f280        0x0 /usr/local/m68k-elf/lib/libc.a(libc_a-writer.o)
 .bss           0x000000000001f280        0x0 /usr/local/m68k-elf/lib/libc.a(libc_a-strlen.o)
 .bss           0x000000000001f280        0x0 /usr/local/m68k-elf/lib/libc.a(libc_a-memset.o)
 .bss           0x000000000001f280        0x4 /usr/local/m68k-elf/lib/libc.a(libc_a-__call_atexit.o)
                0x000000000001f280                __atexit
 .bss           0x000000000001f284        0x0 /usr/local/m68k-elf/lib/libc.a(libc_a-freer.o)
 .bss           0x000000000001f284       0x34 /usr/local/m68k-elf/lib/libc.a(libc_a-mallocr.o)
                0x000000000001f284                __malloc_current_mallinfo
                0x000000000001f2ac                __malloc_max_total_mem
                0x000000000001f2b0                __malloc_max_sbrked_mem
                0x000000000001f2b4                __malloc_top_pad
 .bss           0x000000000001f2b8        0x0 /usr/local/m68k-elf/lib/libc.a(libc_a-mlock.o)
 .bss           0x000000000001f2b8        0x0 /usr/local/m68k-elf/lib/libc.a(libc_a-vfprintf.o)
 .bss           0x000000000001f2b8        0x0 /usr/local/m68k-elf/lib/libc.a(libc_a-vfiprintf.o)
 .bss           0x000000000001f2b8        0x0 /usr/local/m68k-elf/lib/libc.a(libc_a-vfscanf.o)
 .bss           0x000000000001f2b8        0x0 /usr/local/m68k-elf/lib/libc.a(libc_a-fclose.o)
 .bss           0x000000000001f2b8        0x0 /usr/local/m68k-elf/lib/libc.a(libc_a-fread.o)
 .bss           0x000000000001f2b8        0x0 /usr/local/m68k-elf/lib/libc.a(libc_a-fvwrite.o)
 .bss           0x000000000001f2b8        0x0 /usr/local/m68k-elf/lib/libc.a(libc_a-makebuf.o)
 .bss           0x000000000001f2b8        0x0 /usr/local/m68k-elf/lib/libc.a(libc_a-refill.o)
 .bss           0x000000000001f2b8        0x0 /usr/local/m68k-elf/lib/libc.a(libc_a-sccl.o)
 .bss           0x000000000001f2b8        0x0 /usr/local/m68k-elf/lib/libc.a(libc_a-sprintf.o)
 .bss           0x000000000001f2b8        0x0 /usr/local/m68k-elf/lib/libc.a(libc_a-ungetc.o)
 .bss           0x000000000001f2b8        0x0 /usr/local/m68k-elf/lib/libc.a(libc_a-fputwc.o)
 .bss           0x000000000001f2b8        0x0 /usr/local/m68k-elf/lib/libc.a(libc_a-memchr.o)
 .bss           0x000000000001f2b8        0x4 /usr/local/m68k-elf/lib/libc.a(libc_a-locale.o)
                0x000000000001f2b8                _PathLocale
 .bss           0x000000000001f2bc        0x0 /usr/local/m68k-elf/lib/libc.a(libc_a-localeconv.o)
 .bss           0x000000000001f2bc        0x0 /usr/local/m68k-elf/lib/libc.a(libc_a-fstatr.o)
 .bss           0x000000000001f2bc        0x0 /usr/local/m68k-elf/lib/libc.a(libc_a-isattyr.o)
 .bss           0x000000000001f2bc        0x0 /usr/local/m68k-elf/lib/libc.a(libc_a-sbrkr.o)
 .bss           0x000000000001f2bc        0x0 /usr/local/m68k-elf/lib/libc.a(libc_a-memcpy.o)
 .bss           0x000000000001f2bc        0x0 /usr/local/m68k-elf/lib/libc.a(libm_a-sf_nan.o)
 .bss           0x000000000001f2bc        0x0 /usr/local/m68k-elf/lib/libc.a(libc_a-dtoa.o)
 .bss           0x000000000001f2bc        0x0 /usr/local/m68k-elf/lib/libc.a(libc_a-mbtowc_r.o)
 .bss           0x000000000001f2bc        0x0 /usr/local/m68k-elf/lib/libc.a(libc_a-mprec.o)
 .bss           0x000000000001f2bc        0x0 /usr/local/m68k-elf/lib/libc.a(libc_a-reallocr.o)
 .bss           0x000000000001f2bc        0x0 /usr/local/m68k-elf/lib/libc.a(libc_a-strtod.o)
 .bss           0x000000000001f2bc        0x0 /usr/local/m68k-elf/lib/libc.a(libc_a-strtol.o)
 .bss           0x000000000001f2bc        0x0 /usr/local/m68k-elf/lib/libc.a(libc_a-strtoul.o)
 .bss           0x000000000001f2bc        0x0 /usr/local/m68k-elf/lib/libc.a(libc_a-wctomb_r.o)
 .bss           0x000000000001f2bc        0x0 /usr/local/m68k-elf/lib/libc.a(libc_a-mbrtowc.o)
 .bss           0x000000000001f2bc        0x0 /usr/local/m68k-elf/lib/libc.a(libc_a-wcrtomb.o)
 .bss           0x000000000001f2bc        0x0 /usr/local/m68k-elf/lib/libc.a(libc_a-ctype_.o)
 .bss           0x000000000001f2bc        0x0 /usr/local/m68k-elf/lib/libc.a(libc_a-iswspace.o)
 .bss           0x000000000001f2bc        0x0 /usr/local/m68k-elf/lib/libc.a(libc_a-iswspace_l.o)
 .bss           0x000000000001f2bc        0x0 /usr/local/m68k-elf/lib/libc.a(libc_a-svfprintf.o)
 .bss           0x000000000001f2bc        0x0 /usr/local/m68k-elf/lib/libc.a(libc_a-strcmp.o)
 .bss           0x000000000001f2bc        0x0 /usr/local/m68k-elf/lib/libc.a(libc_a-strncmp.o)
 .bss           0x000000000001f2bc        0x0 /usr/local/m68k-elf/lib/libc.a(libc_a-errno.o)
 .bss           0x000000000001f2bc        0x0 /usr/local/m68k-elf/lib/libc.a(libm_a-s_nan.o)
 .bss           0x000000000001f2bc        0x0 /usr/local/m68k-elf/lib/libc.a(libc_a-assert.o)
 .bss           0x000000000001f2bc        0x0 /usr/local/m68k-elf/lib/libc.a(libc_a-callocr.o)
 .bss           0x000000000001f2bc        0x0 /usr/local/m68k-elf/lib/libc.a(libc_a-gdtoa-gethex.o)
 .bss           0x000000000001f2bc        0x0 /usr/local/m68k-elf/lib/libc.a(libc_a-gdtoa-hexnan.o)
 .bss           0x000000000001f2bc        0x0 /usr/local/m68k-elf/lib/libc.a(libc_a-fiprintf.o)
 .bss           0x000000000001f2bc        0x0 /usr/local/m68k-elf/lib/libc.a(libc_a-svfiprintf.o)
 .bss           0x000000000001f2bc        0x0 /usr/local/m68k-elf/lib/libc.a(libc_a-abort.o)
 .bss           0x000000000001f2bc        0x0 /usr/local/m68k-elf/lib/libc.a(libc_a-signal.o)
 .bss           0x000000000001f2bc        0x0 /usr/local/m68k-elf/lib/libc.a(libc_a-signalr.o)
 .bss           0x000000000001f2bc        0x0 /usr/local/lib/gcc/m68k-elf/11/libgcc.a(_mulsi3.o)
 .bss           0x000000000001f2bc        0x0 /usr/local/lib/gcc/m68k-elf/11/libgcc.a(_udivsi3.o)
 .bss           0x000000000001f2bc        0x0 /usr/local/lib/gcc/m68k-elf/11/libgcc.a(_divsi3.o)
 .bss           0x000000000001f2bc        0x0 /usr/local/lib/gcc/m68k-elf/11/libgcc.a(_umodsi3.o)
 .bss           0x000000000001f2bc        0x0 /usr/local/lib/gcc/m68k-elf/11/libgcc.a(_modsi3.o)
 .bss           0x000000000001f2bc        0x0 /usr/local/lib/gcc/m68k-elf/11/libgcc.a(_double.o)
 .bss           0x000000000001f2bc        0x0 /usr/local/lib/gcc/m68k-elf/11/libgcc.a(_floatex.o)
 .bss           0x000000000001f2bc        0x0 /usr/local/lib/gcc/m68k-elf/11/libgcc.a(_eqdf2.o)
 .bss           0x000000000001f2bc        0x0 /usr/local/lib/gcc/m68k-elf/11/libgcc.a(_nedf2.o)
 .bss           0x000000000001f2bc        0x0 /usr/local/lib/gcc/m68k-elf/11/libgcc.a(_gtdf2.o)
 .bss           0x000000000001f2bc        0x0 /usr/local/lib/gcc/m68k-elf/11/libgcc.a(_ltdf2.o)
 .bss           0x000000000001f2bc        0x0 /usr/local/lib/gcc/m68k-elf/11/libgcc.a(_ledf2.o)
 .bss           0x000000000001f2bc        0x0 /usr/local/lib/gcc/m68k-elf/11/libgcc.a(_lesf2.o)
 .bss           0x000000000001f2bc        0x0 /usr/local/lib/gcc/m68k-elf/11/libgcc.a(_fixunsdfsi.o)
 .bss           0x000000000001f2bc        0x0 /usr/local/lib/gcc/m68k-elf/11/libgcc.a(_fixdfdi.o)
 .bss           0x000000000001f2bc        0x0 /usr/local/lib/gcc/m68k-elf/11/libgcc.a(_fixunsdfdi.o)
 .bss           0x000000000001f2bc        0x0 /usr/local/lib/gcc/m68k-elf/11/libgcc.a(_floatdidf.o)
 .bss           0x000000000001f2bc        0x0 /usr/local/lib/gcc/m68k-elf/11/libgcc.a(fpgnulib.o)
 .bss           0x000000000001f2bc        0x0 /usr/local/lib/gcc/m68k-elf/11/libgcc.a(xfgnulib.o)
 .bss           0x000000000001f2bc        0x0 /usr/local/lib/gcc/m68k-elf/11/libgcc.a(_float.o)
 .bss           0x000000000001f2bc        0x0 /usr/local/lib/gcc/m68k-elf/11/libgcc.a(_gedf2.o)
 .bss           0x000000000001f2bc        0x0 /usr/local/m68k-elf/lib/libidp.a(close.o)
 .bss           0x000000000001f2bc        0x0 /usr/local/m68k-elf/lib/libidp.a(fstat.o)
 .bss           0x000000000001f2bc        0x0 /usr/local/m68k-elf/lib/libidp.a(getpid.o)
 .bss           0x000000000001f2bc        0x0 /usr/local/m68k-elf/lib/libidp.a(isatty.o)
 .bss           0x000000000001f2bc        0x0 /usr/local/m68k-elf/lib/libidp.a(kill.o)
 .bss           0x000000000001f2bc        0x0 /usr/local/m68k-elf/lib/libidp.a(lseek.o)
 .bss           0x000000000001f2bc        0x4 /usr/local/m68k-elf/lib/libidp.a(sbrk.o)
                0x000000000001f2bc                heap_ptr
 .bss           0x000000000001f2c0        0x0 /usr/local/m68k-elf/lib/libidp.a(mc68ec.o)
 *(COMMON)
                0x000000000001f2c0                _end = ALIGN (0x8)
                0x000000000001f2c0                __end = _end

.stab
 *(.stab)

.stabstr
 *(.stabstr)
OUTPUT(test3.hex srec)

.debug_info     0x0000000000000000    0x2dc47
 .debug_info    0x0000000000000000      0x1f6 csys68k.o
 .debug_info    0x00000000000001f6      0x78e mtk_c.o
 .debug_info    0x0000000000000984     0x113f test3.o
 .debug_info    0x0000000000001ac3       0xee /usr/local/m68k-elf/lib/libc.a(libc_a-exit.o)
 .debug_info    0x0000000000001bb1      0x934 /usr/local/m68k-elf/lib/libc.a(libc_a-fdopen.o)
 .debug_info    0x00000000000024e5      0x9ca /usr/local/m68k-elf/lib/libc.a(libc_a-fflush.o)
 .debug_info    0x0000000000002eaf      0xdee /usr/local/m68k-elf/lib/libc.a(libc_a-findfp.o)
 .debug_info    0x0000000000003c9d      0x777 /usr/local/m68k-elf/lib/libc.a(libc_a-flags.o)
 .debug_info    0x0000000000004414      0x839 /usr/local/m68k-elf/lib/libc.a(libc_a-fprintf.o)
 .debug_info    0x0000000000004c4d      0x85b /usr/local/m68k-elf/lib/libc.a(libc_a-fputc.o)
 .debug_info    0x00000000000054a8      0x839 /usr/local/m68k-elf/lib/libc.a(libc_a-fscanf.o)
 .debug_info    0x0000000000005ce1      0x7d6 /usr/local/m68k-elf/lib/libc.a(libc_a-fwalk.o)
 .debug_info    0x00000000000064b7      0xa10 /usr/local/m68k-elf/lib/libc.a(libc_a-fwrite.o)
 .debug_info    0x0000000000006ec7      0x8e7 /usr/local/m68k-elf/lib/libc.a(libc_a-putc.o)
 .debug_info    0x00000000000077ae      0x8d4 /usr/local/m68k-elf/lib/libc.a(libc_a-puts.o)
 .debug_info    0x0000000000008082      0x9ff /usr/local/m68k-elf/lib/libc.a(libc_a-stdio.o)
 .debug_info    0x0000000000008a81      0x830 /usr/local/m68k-elf/lib/libc.a(libc_a-wbuf.o)
 .debug_info    0x00000000000092b1      0x7b9 /usr/local/m68k-elf/lib/libc.a(libc_a-wsetup.o)
 .debug_info    0x0000000000009a6a      0x144 /usr/local/m68k-elf/lib/libc.a(libc_a-memmove.o)
 .debug_info    0x0000000000009bae      0x764 /usr/local/m68k-elf/lib/libc.a(libc_a-closer.o)
 .debug_info    0x000000000000a312      0x7bb /usr/local/m68k-elf/lib/libc.a(libc_a-reent.o)
 .debug_info    0x000000000000aacd      0x735 /usr/local/m68k-elf/lib/libc.a(libc_a-impure.o)
 .debug_info    0x000000000000b202      0x7a3 /usr/local/m68k-elf/lib/libc.a(libc_a-lseekr.o)
 .debug_info    0x000000000000b9a5      0x796 /usr/local/m68k-elf/lib/libc.a(libc_a-readr.o)
 .debug_info    0x000000000000c13b      0x79c /usr/local/m68k-elf/lib/libc.a(libc_a-writer.o)
 .debug_info    0x000000000000c8d7       0xdb /usr/local/m68k-elf/lib/libc.a(libc_a-strlen.o)
 .debug_info    0x000000000000c9b2       0x24 /usr/local/m68k-elf/lib/libc.a(libc_a-memset.o)
 .debug_info    0x000000000000c9d6      0x21b /usr/local/m68k-elf/lib/libc.a(libc_a-__call_atexit.o)
 .debug_info    0x000000000000cbf1      0xac7 /usr/local/m68k-elf/lib/libc.a(libc_a-freer.o)
 .debug_info    0x000000000000d6b8      0xc29 /usr/local/m68k-elf/lib/libc.a(libc_a-mallocr.o)
 .debug_info    0x000000000000e2e1      0x747 /usr/local/m68k-elf/lib/libc.a(libc_a-mlock.o)
 .debug_info    0x000000000000ea28     0x158a /usr/local/m68k-elf/lib/libc.a(libc_a-vfprintf.o)
 .debug_info    0x000000000000ffb2     0x164c /usr/local/m68k-elf/lib/libc.a(libc_a-vfiprintf.o)
 .debug_info    0x00000000000115fe     0x149c /usr/local/m68k-elf/lib/libc.a(libc_a-vfscanf.o)
 .debug_info    0x0000000000012a9a      0x897 /usr/local/m68k-elf/lib/libc.a(libc_a-fclose.o)
 .debug_info    0x0000000000013331      0x99f /usr/local/m68k-elf/lib/libc.a(libc_a-fread.o)
 .debug_info    0x0000000000013cd0      0xa3c /usr/local/m68k-elf/lib/libc.a(libc_a-fvwrite.o)
 .debug_info    0x000000000001470c      0xbcc /usr/local/m68k-elf/lib/libc.a(libc_a-makebuf.o)
 .debug_info    0x00000000000152d8      0x931 /usr/local/m68k-elf/lib/libc.a(libc_a-refill.o)
 .debug_info    0x0000000000015c09      0x10b /usr/local/m68k-elf/lib/libc.a(libc_a-sccl.o)
 .debug_info    0x0000000000015d14      0x85d /usr/local/m68k-elf/lib/libc.a(libc_a-sprintf.o)
 .debug_info    0x0000000000016571      0x8e4 /usr/local/m68k-elf/lib/libc.a(libc_a-ungetc.o)
 .debug_info    0x0000000000016e55      0x9e8 /usr/local/m68k-elf/lib/libc.a(libc_a-fputwc.o)
 .debug_info    0x000000000001783d      0x142 /usr/local/m68k-elf/lib/libc.a(libc_a-memchr.o)
 .debug_info    0x000000000001797f      0xbc8 /usr/local/m68k-elf/lib/libc.a(libc_a-locale.o)
 .debug_info    0x0000000000018547      0xa2e /usr/local/m68k-elf/lib/libc.a(libc_a-localeconv.o)
 .debug_info    0x0000000000018f75      0x977 /usr/local/m68k-elf/lib/libc.a(libc_a-fstatr.o)
 .debug_info    0x00000000000198ec      0x764 /usr/local/m68k-elf/lib/libc.a(libc_a-isattyr.o)
 .debug_info    0x000000000001a050      0x783 /usr/local/m68k-elf/lib/libc.a(libc_a-sbrkr.o)
 .debug_info    0x000000000001a7d3       0x24 /usr/local/m68k-elf/lib/libc.a(libc_a-memcpy.o)
 .debug_info    0x000000000001a7f7       0xca /usr/local/m68k-elf/lib/libc.a(libm_a-sf_nan.o)
 .debug_info    0x000000000001a8c1     0x156f /usr/local/m68k-elf/lib/libc.a(libc_a-dtoa.o)
 .debug_info    0x000000000001be30      0xaa2 /usr/local/m68k-elf/lib/libc.a(libc_a-mbtowc_r.o)
 .debug_info    0x000000000001c8d2     0x1b9d /usr/local/m68k-elf/lib/libc.a(libc_a-mprec.o)
 .debug_info    0x000000000001e46f      0xb69 /usr/local/m68k-elf/lib/libc.a(libc_a-reallocr.o)
 .debug_info    0x000000000001efd8     0x1b8f /usr/local/m68k-elf/lib/libc.a(libc_a-strtod.o)
 .debug_info    0x0000000000020b67      0xd78 /usr/local/m68k-elf/lib/libc.a(libc_a-strtol.o)
 .debug_info    0x00000000000218df      0xcc1 /usr/local/m68k-elf/lib/libc.a(libc_a-strtoul.o)
 .debug_info    0x00000000000225a0      0xa63 /usr/local/m68k-elf/lib/libc.a(libc_a-wctomb_r.o)
 .debug_info    0x0000000000023003      0xa8a /usr/local/m68k-elf/lib/libc.a(libc_a-mbrtowc.o)
 .debug_info    0x0000000000023a8d      0xab8 /usr/local/m68k-elf/lib/libc.a(libc_a-wcrtomb.o)
 .debug_info    0x0000000000024545       0xb9 /usr/local/m68k-elf/lib/libc.a(libc_a-ctype_.o)
 .debug_info    0x00000000000245fe       0xd9 /usr/local/m68k-elf/lib/libc.a(libc_a-iswspace.o)
 .debug_info    0x00000000000246d7      0x9b7 /usr/local/m68k-elf/lib/libc.a(libc_a-iswspace_l.o)
 .debug_info    0x000000000002508e     0x1402 /usr/local/m68k-elf/lib/libc.a(libc_a-svfprintf.o)
 .debug_info    0x0000000000026490       0xeb /usr/local/m68k-elf/lib/libc.a(libc_a-strcmp.o)
 .debug_info    0x000000000002657b      0x108 /usr/local/m68k-elf/lib/libc.a(libc_a-strncmp.o)
 .debug_info    0x0000000000026683      0x71b /usr/local/m68k-elf/lib/libc.a(libc_a-errno.o)
 .debug_info    0x0000000000026d9e       0xce /usr/local/m68k-elf/lib/libc.a(libm_a-s_nan.o)
 .debug_info    0x0000000000026e6c      0x7ef /usr/local/m68k-elf/lib/libc.a(libc_a-assert.o)
 .debug_info    0x000000000002765b      0x8a6 /usr/local/m68k-elf/lib/libc.a(libc_a-callocr.o)
 .debug_info    0x0000000000027f01     0x10ec /usr/local/m68k-elf/lib/libc.a(libc_a-gdtoa-gethex.o)
 .debug_info    0x0000000000028fed      0x3c1 /usr/local/m68k-elf/lib/libc.a(libc_a-gdtoa-hexnan.o)
 .debug_info    0x00000000000293ae      0x830 /usr/local/m68k-elf/lib/libc.a(libc_a-fiprintf.o)
 .debug_info    0x0000000000029bde      0xfd3 /usr/local/m68k-elf/lib/libc.a(libc_a-svfiprintf.o)
 .debug_info    0x000000000002abb1       0xc8 /usr/local/m68k-elf/lib/libc.a(libc_a-abort.o)
 .debug_info    0x000000000002ac79      0xc54 /usr/local/m68k-elf/lib/libc.a(libc_a-signal.o)
 .debug_info    0x000000000002b8cd      0x7da /usr/local/m68k-elf/lib/libc.a(libc_a-signalr.o)
 .debug_info    0x000000000002c0a7       0x24 /usr/local/lib/gcc/m68k-elf/11/libgcc.a(_mulsi3.o)
 .debug_info    0x000000000002c0cb       0x24 /usr/local/lib/gcc/m68k-elf/11/libgcc.a(_udivsi3.o)
 .debug_info    0x000000000002c0ef       0x24 /usr/local/lib/gcc/m68k-elf/11/libgcc.a(_divsi3.o)
 .debug_info    0x000000000002c113       0x24 /usr/local/lib/gcc/m68k-elf/11/libgcc.a(_umodsi3.o)
 .debug_info    0x000000000002c137       0x24 /usr/local/lib/gcc/m68k-elf/11/libgcc.a(_modsi3.o)
 .debug_info    0x000000000002c15b       0x25 /usr/local/lib/gcc/m68k-elf/11/libgcc.a(_double.o)
 .debug_info    0x000000000002c180       0x24 /usr/local/lib/gcc/m68k-elf/11/libgcc.a(_floatex.o)
 .debug_info    0x000000000002c1a4       0x24 /usr/local/lib/gcc/m68k-elf/11/libgcc.a(_eqdf2.o)
 .debug_info    0x000000000002c1c8       0x24 /usr/local/lib/gcc/m68k-elf/11/libgcc.a(_nedf2.o)
 .debug_info    0x000000000002c1ec       0x24 /usr/local/lib/gcc/m68k-elf/11/libgcc.a(_gtdf2.o)
 .debug_info    0x000000000002c210       0x24 /usr/local/lib/gcc/m68k-elf/11/libgcc.a(_ltdf2.o)
 .debug_info    0x000000000002c234       0x24 /usr/local/lib/gcc/m68k-elf/11/libgcc.a(_ledf2.o)
 .debug_info    0x000000000002c258       0x24 /usr/local/lib/gcc/m68k-elf/11/libgcc.a(_lesf2.o)
 .debug_info    0x000000000002c27c      0x128 /usr/local/lib/gcc/m68k-elf/11/libgcc.a(_fixunsdfsi.o)
 .debug_info    0x000000000002c3a4      0x124 /usr/local/lib/gcc/m68k-elf/11/libgcc.a(_fixdfdi.o)
 .debug_info    0x000000000002c4c8      0x156 /usr/local/lib/gcc/m68k-elf/11/libgcc.a(_fixunsdfdi.o)
 .debug_info    0x000000000002c61e      0x14f /usr/local/lib/gcc/m68k-elf/11/libgcc.a(_floatdidf.o)
 .debug_info    0x000000000002c76d      0x5bf /usr/local/lib/gcc/m68k-elf/11/libgcc.a(fpgnulib.o)
 .debug_info    0x000000000002cd2c      0x7d0 /usr/local/lib/gcc/m68k-elf/11/libgcc.a(xfgnulib.o)
 .debug_info    0x000000000002d4fc       0x25 /usr/local/lib/gcc/m68k-elf/11/libgcc.a(_float.o)
 .debug_info    0x000000000002d521       0x24 /usr/local/lib/gcc/m68k-elf/11/libgcc.a(_gedf2.o)
 .debug_info    0x000000000002d545       0x5e /usr/local/m68k-elf/lib/libidp.a(close.o)
 .debug_info    0x000000000002d5a3      0x2b9 /usr/local/m68k-elf/lib/libidp.a(fstat.o)
 .debug_info    0x000000000002d85c       0x4b /usr/local/m68k-elf/lib/libidp.a(getpid.o)
 .debug_info    0x000000000002d8a7       0x5e /usr/local/m68k-elf/lib/libidp.a(isatty.o)
 .debug_info    0x000000000002d905       0x9b /usr/local/m68k-elf/lib/libidp.a(kill.o)
 .debug_info    0x000000000002d9a0       0xfb /usr/local/m68k-elf/lib/libidp.a(lseek.o)
 .debug_info    0x000000000002da9b       0xe4 /usr/local/m68k-elf/lib/libidp.a(sbrk.o)
 .debug_info    0x000000000002db7f       0xc8 /usr/local/m68k-elf/lib/libidp.a(mc68ec.o)

.debug_abbrev   0x0000000000000000     0xb852
 .debug_abbrev  0x0000000000000000       0xef csys68k.o
 .debug_abbrev  0x00000000000000ef      0x299 mtk_c.o
 .debug_abbrev  0x0000000000000388      0x3f4 test3.o
 .debug_abbrev  0x000000000000077c       0xbe /usr/local/m68k-elf/lib/libc.a(libc_a-exit.o)
 .debug_abbrev  0x000000000000083a      0x28d /usr/local/m68k-elf/lib/libc.a(libc_a-fdopen.o)
 .debug_abbrev  0x0000000000000ac7      0x311 /usr/local/m68k-elf/lib/libc.a(libc_a-fflush.o)
 .debug_abbrev  0x0000000000000dd8      0x425 /usr/local/m68k-elf/lib/libc.a(libc_a-findfp.o)
 .debug_abbrev  0x00000000000011fd      0x1d5 /usr/local/m68k-elf/lib/libc.a(libc_a-flags.o)
 .debug_abbrev  0x00000000000013d2      0x228 /usr/local/m68k-elf/lib/libc.a(libc_a-fprintf.o)
 .debug_abbrev  0x00000000000015fa      0x24a /usr/local/m68k-elf/lib/libc.a(libc_a-fputc.o)
 .debug_abbrev  0x0000000000001844      0x228 /usr/local/m68k-elf/lib/libc.a(libc_a-fscanf.o)
 .debug_abbrev  0x0000000000001a6c      0x1d6 /usr/local/m68k-elf/lib/libc.a(libc_a-fwalk.o)
 .debug_abbrev  0x0000000000001c42      0x2cf /usr/local/m68k-elf/lib/libc.a(libc_a-fwrite.o)
 .debug_abbrev  0x0000000000001f11      0x28f /usr/local/m68k-elf/lib/libc.a(libc_a-putc.o)
 .debug_abbrev  0x00000000000021a0      0x275 /usr/local/m68k-elf/lib/libc.a(libc_a-puts.o)
 .debug_abbrev  0x0000000000002415      0x243 /usr/local/m68k-elf/lib/libc.a(libc_a-stdio.o)
 .debug_abbrev  0x0000000000002658      0x25a /usr/local/m68k-elf/lib/libc.a(libc_a-wbuf.o)
 .debug_abbrev  0x00000000000028b2      0x1fe /usr/local/m68k-elf/lib/libc.a(libc_a-wsetup.o)
 .debug_abbrev  0x0000000000002ab0       0xc3 /usr/local/m68k-elf/lib/libc.a(libc_a-memmove.o)
 .debug_abbrev  0x0000000000002b73      0x1e0 /usr/local/m68k-elf/lib/libc.a(libc_a-closer.o)
 .debug_abbrev  0x0000000000002d53      0x208 /usr/local/m68k-elf/lib/libc.a(libc_a-reent.o)
 .debug_abbrev  0x0000000000002f5b      0x185 /usr/local/m68k-elf/lib/libc.a(libc_a-impure.o)
 .debug_abbrev  0x00000000000030e0      0x1f1 /usr/local/m68k-elf/lib/libc.a(libc_a-lseekr.o)
 .debug_abbrev  0x00000000000032d1      0x1e0 /usr/local/m68k-elf/lib/libc.a(libc_a-readr.o)
 .debug_abbrev  0x00000000000034b1      0x1e5 /usr/local/m68k-elf/lib/libc.a(libc_a-writer.o)
 .debug_abbrev  0x0000000000003696       0x8a /usr/local/m68k-elf/lib/libc.a(libc_a-strlen.o)
 .debug_abbrev  0x0000000000003720       0x14 /usr/local/m68k-elf/lib/libc.a(libc_a-memset.o)
 .debug_abbrev  0x0000000000003734      0x154 /usr/local/m68k-elf/lib/libc.a(libc_a-__call_atexit.o)
 .debug_abbrev  0x0000000000003888      0x274 /usr/local/m68k-elf/lib/libc.a(libc_a-freer.o)
 .debug_abbrev  0x0000000000003afc      0x2b7 /usr/local/m68k-elf/lib/libc.a(libc_a-mallocr.o)
 .debug_abbrev  0x0000000000003db3      0x1ce /usr/local/m68k-elf/lib/libc.a(libc_a-mlock.o)
 .debug_abbrev  0x0000000000003f81      0x482 /usr/local/m68k-elf/lib/libc.a(libc_a-vfprintf.o)
 .debug_abbrev  0x0000000000004403      0x46c /usr/local/m68k-elf/lib/libc.a(libc_a-vfiprintf.o)
 .debug_abbrev  0x000000000000486f      0x44c /usr/local/m68k-elf/lib/libc.a(libc_a-vfscanf.o)
 .debug_abbrev  0x0000000000004cbb      0x2c1 /usr/local/m68k-elf/lib/libc.a(libc_a-fclose.o)
 .debug_abbrev  0x0000000000004f7c      0x299 /usr/local/m68k-elf/lib/libc.a(libc_a-fread.o)
 .debug_abbrev  0x0000000000005215      0x241 /usr/local/m68k-elf/lib/libc.a(libc_a-fvwrite.o)
 .debug_abbrev  0x0000000000005456      0x2ad /usr/local/m68k-elf/lib/libc.a(libc_a-makebuf.o)
 .debug_abbrev  0x0000000000005703      0x2a7 /usr/local/m68k-elf/lib/libc.a(libc_a-refill.o)
 .debug_abbrev  0x00000000000059aa       0xaa /usr/local/m68k-elf/lib/libc.a(libc_a-sccl.o)
 .debug_abbrev  0x0000000000005a54      0x23b /usr/local/m68k-elf/lib/libc.a(libc_a-sprintf.o)
 .debug_abbrev  0x0000000000005c8f      0x297 /usr/local/m68k-elf/lib/libc.a(libc_a-ungetc.o)
 .debug_abbrev  0x0000000000005f26      0x34a /usr/local/m68k-elf/lib/libc.a(libc_a-fputwc.o)
 .debug_abbrev  0x0000000000006270       0xd4 /usr/local/m68k-elf/lib/libc.a(libc_a-memchr.o)
 .debug_abbrev  0x0000000000006344      0x2e5 /usr/local/m68k-elf/lib/libc.a(libc_a-locale.o)
 .debug_abbrev  0x0000000000006629      0x264 /usr/local/m68k-elf/lib/libc.a(libc_a-localeconv.o)
 .debug_abbrev  0x000000000000688d      0x1f0 /usr/local/m68k-elf/lib/libc.a(libc_a-fstatr.o)
 .debug_abbrev  0x0000000000006a7d      0x1e0 /usr/local/m68k-elf/lib/libc.a(libc_a-isattyr.o)
 .debug_abbrev  0x0000000000006c5d      0x1f3 /usr/local/m68k-elf/lib/libc.a(libc_a-sbrkr.o)
 .debug_abbrev  0x0000000000006e50       0x14 /usr/local/m68k-elf/lib/libc.a(libc_a-memcpy.o)
 .debug_abbrev  0x0000000000006e64       0x77 /usr/local/m68k-elf/lib/libc.a(libm_a-sf_nan.o)
 .debug_abbrev  0x0000000000006edb      0x365 /usr/local/m68k-elf/lib/libc.a(libc_a-dtoa.o)
 .debug_abbrev  0x0000000000007240      0x252 /usr/local/m68k-elf/lib/libc.a(libc_a-mbtowc_r.o)
 .debug_abbrev  0x0000000000007492      0x527 /usr/local/m68k-elf/lib/libc.a(libc_a-mprec.o)
 .debug_abbrev  0x00000000000079b9      0x256 /usr/local/m68k-elf/lib/libc.a(libc_a-reallocr.o)
 .debug_abbrev  0x0000000000007c0f      0x52e /usr/local/m68k-elf/lib/libc.a(libc_a-strtod.o)
 .debug_abbrev  0x000000000000813d      0x330 /usr/local/m68k-elf/lib/libc.a(libc_a-strtol.o)
 .debug_abbrev  0x000000000000846d      0x2f3 /usr/local/m68k-elf/lib/libc.a(libc_a-strtoul.o)
 .debug_abbrev  0x0000000000008760      0x226 /usr/local/m68k-elf/lib/libc.a(libc_a-wctomb_r.o)
 .debug_abbrev  0x0000000000008986      0x21d /usr/local/m68k-elf/lib/libc.a(libc_a-mbrtowc.o)
 .debug_abbrev  0x0000000000008ba3      0x233 /usr/local/m68k-elf/lib/libc.a(libc_a-wcrtomb.o)
 .debug_abbrev  0x0000000000008dd6       0x62 /usr/local/m68k-elf/lib/libc.a(libc_a-ctype_.o)
 .debug_abbrev  0x0000000000008e38       0xad /usr/local/m68k-elf/lib/libc.a(libc_a-iswspace.o)
 .debug_abbrev  0x0000000000008ee5      0x1db /usr/local/m68k-elf/lib/libc.a(libc_a-iswspace_l.o)
 .debug_abbrev  0x00000000000090c0      0x3de /usr/local/m68k-elf/lib/libc.a(libc_a-svfprintf.o)
 .debug_abbrev  0x000000000000949e       0x83 /usr/local/m68k-elf/lib/libc.a(libc_a-strcmp.o)
 .debug_abbrev  0x0000000000009521       0x92 /usr/local/m68k-elf/lib/libc.a(libc_a-strncmp.o)
 .debug_abbrev  0x00000000000095b3      0x19a /usr/local/m68k-elf/lib/libc.a(libc_a-errno.o)
 .debug_abbrev  0x000000000000974d       0x77 /usr/local/m68k-elf/lib/libc.a(libm_a-s_nan.o)
 .debug_abbrev  0x00000000000097c4      0x206 /usr/local/m68k-elf/lib/libc.a(libc_a-assert.o)
 .debug_abbrev  0x00000000000099ca      0x238 /usr/local/m68k-elf/lib/libc.a(libc_a-callocr.o)
 .debug_abbrev  0x0000000000009c02      0x3e8 /usr/local/m68k-elf/lib/libc.a(libc_a-gdtoa-gethex.o)
 .debug_abbrev  0x0000000000009fea      0x1c8 /usr/local/m68k-elf/lib/libc.a(libc_a-gdtoa-hexnan.o)
 .debug_abbrev  0x000000000000a1b2      0x221 /usr/local/m68k-elf/lib/libc.a(libc_a-fiprintf.o)
 .debug_abbrev  0x000000000000a3d3      0x311 /usr/local/m68k-elf/lib/libc.a(libc_a-svfiprintf.o)
 .debug_abbrev  0x000000000000a6e4       0x85 /usr/local/m68k-elf/lib/libc.a(libc_a-abort.o)
 .debug_abbrev  0x000000000000a769      0x2f9 /usr/local/m68k-elf/lib/libc.a(libc_a-signal.o)
 .debug_abbrev  0x000000000000aa62      0x22d /usr/local/m68k-elf/lib/libc.a(libc_a-signalr.o)
 .debug_abbrev  0x000000000000ac8f       0x14 /usr/local/lib/gcc/m68k-elf/11/libgcc.a(_mulsi3.o)
 .debug_abbrev  0x000000000000aca3       0x14 /usr/local/lib/gcc/m68k-elf/11/libgcc.a(_udivsi3.o)
 .debug_abbrev  0x000000000000acb7       0x14 /usr/local/lib/gcc/m68k-elf/11/libgcc.a(_divsi3.o)
 .debug_abbrev  0x000000000000accb       0x14 /usr/local/lib/gcc/m68k-elf/11/libgcc.a(_umodsi3.o)
 .debug_abbrev  0x000000000000acdf       0x14 /usr/local/lib/gcc/m68k-elf/11/libgcc.a(_modsi3.o)
 .debug_abbrev  0x000000000000acf3       0x14 /usr/local/lib/gcc/m68k-elf/11/libgcc.a(_double.o)
 .debug_abbrev  0x000000000000ad07       0x14 /usr/local/lib/gcc/m68k-elf/11/libgcc.a(_floatex.o)
 .debug_abbrev  0x000000000000ad1b       0x14 /usr/local/lib/gcc/m68k-elf/11/libgcc.a(_eqdf2.o)
 .debug_abbrev  0x000000000000ad2f       0x14 /usr/local/lib/gcc/m68k-elf/11/libgcc.a(_nedf2.o)
 .debug_abbrev  0x000000000000ad43       0x14 /usr/local/lib/gcc/m68k-elf/11/libgcc.a(_gtdf2.o)
 .debug_abbrev  0x000000000000ad57       0x14 /usr/local/lib/gcc/m68k-elf/11/libgcc.a(_ltdf2.o)
 .debug_abbrev  0x000000000000ad6b       0x14 /usr/local/lib/gcc/m68k-elf/11/libgcc.a(_ledf2.o)
 .debug_abbrev  0x000000000000ad7f       0x14 /usr/local/lib/gcc/m68k-elf/11/libgcc.a(_lesf2.o)
 .debug_abbrev  0x000000000000ad93       0x7e /usr/local/lib/gcc/m68k-elf/11/libgcc.a(_fixunsdfsi.o)
 .debug_abbrev  0x000000000000ae11       0xa8 /usr/local/lib/gcc/m68k-elf/11/libgcc.a(_fixdfdi.o)
 .debug_abbrev  0x000000000000aeb9       0xa5 /usr/local/lib/gcc/m68k-elf/11/libgcc.a(_fixunsdfdi.o)
 .debug_abbrev  0x000000000000af5e       0x92 /usr/local/lib/gcc/m68k-elf/11/libgcc.a(_floatdidf.o)
 .debug_abbrev  0x000000000000aff0      0x25f /usr/local/lib/gcc/m68k-elf/11/libgcc.a(fpgnulib.o)
 .debug_abbrev  0x000000000000b24f      0x1e3 /usr/local/lib/gcc/m68k-elf/11/libgcc.a(xfgnulib.o)
 .debug_abbrev  0x000000000000b432       0x14 /usr/local/lib/gcc/m68k-elf/11/libgcc.a(_float.o)
 .debug_abbrev  0x000000000000b446       0x14 /usr/local/lib/gcc/m68k-elf/11/libgcc.a(_gedf2.o)
 .debug_abbrev  0x000000000000b45a       0x58 /usr/local/m68k-elf/lib/libidp.a(close.o)
 .debug_abbrev  0x000000000000b4b2       0xa6 /usr/local/m68k-elf/lib/libidp.a(fstat.o)
 .debug_abbrev  0x000000000000b558       0x45 /usr/local/m68k-elf/lib/libidp.a(getpid.o)
 .debug_abbrev  0x000000000000b59d       0x58 /usr/local/m68k-elf/lib/libidp.a(isatty.o)
 .debug_abbrev  0x000000000000b5f5       0x99 /usr/local/m68k-elf/lib/libidp.a(kill.o)
 .debug_abbrev  0x000000000000b68e       0x9e /usr/local/m68k-elf/lib/libidp.a(lseek.o)
 .debug_abbrev  0x000000000000b72c       0xa5 /usr/local/m68k-elf/lib/libidp.a(sbrk.o)
 .debug_abbrev  0x000000000000b7d1       0x81 /usr/local/m68k-elf/lib/libidp.a(mc68ec.o)

.debug_loclists
                0x0000000000000000    0x174a3
 .debug_loclists
                0x0000000000000000      0x11a csys68k.o
 .debug_loclists
                0x000000000000011a      0x43f mtk_c.o
 .debug_loclists
                0x0000000000000559      0x55f test3.o
 .debug_loclists
                0x0000000000000ab8      0x15e /usr/local/m68k-elf/lib/libc.a(libc_a-fdopen.o)
 .debug_loclists
                0x0000000000000c16      0x17d /usr/local/m68k-elf/lib/libc.a(libc_a-fflush.o)
 .debug_loclists
                0x0000000000000d93      0x19a /usr/local/m68k-elf/lib/libc.a(libc_a-findfp.o)
 .debug_loclists
                0x0000000000000f2d       0xcb /usr/local/m68k-elf/lib/libc.a(libc_a-flags.o)
 .debug_loclists
                0x0000000000000ff8       0xc1 /usr/local/m68k-elf/lib/libc.a(libc_a-fprintf.o)
 .debug_loclists
                0x00000000000010b9       0x5c /usr/local/m68k-elf/lib/libc.a(libc_a-fputc.o)
 .debug_loclists
                0x0000000000001115       0xc1 /usr/local/m68k-elf/lib/libc.a(libc_a-fscanf.o)
 .debug_loclists
                0x00000000000011d6       0x62 /usr/local/m68k-elf/lib/libc.a(libc_a-fwalk.o)
 .debug_loclists
                0x0000000000001238      0x374 /usr/local/m68k-elf/lib/libc.a(libc_a-fwrite.o)
 .debug_loclists
                0x00000000000015ac      0x10c /usr/local/m68k-elf/lib/libc.a(libc_a-putc.o)
 .debug_loclists
                0x00000000000016b8       0xd2 /usr/local/m68k-elf/lib/libc.a(libc_a-puts.o)
 .debug_loclists
                0x000000000000178a       0x92 /usr/local/m68k-elf/lib/libc.a(libc_a-stdio.o)
 .debug_loclists
                0x000000000000181c       0x7b /usr/local/m68k-elf/lib/libc.a(libc_a-wbuf.o)
 .debug_loclists
                0x0000000000001897       0x1d /usr/local/m68k-elf/lib/libc.a(libc_a-wsetup.o)
 .debug_loclists
                0x00000000000018b4      0x2be /usr/local/m68k-elf/lib/libc.a(libc_a-memmove.o)
 .debug_loclists
                0x0000000000001b72       0x14 /usr/local/m68k-elf/lib/libc.a(libc_a-closer.o)
 .debug_loclists
                0x0000000000001b86       0x23 /usr/local/m68k-elf/lib/libc.a(libc_a-reent.o)
 .debug_loclists
                0x0000000000001ba9       0x14 /usr/local/m68k-elf/lib/libc.a(libc_a-lseekr.o)
 .debug_loclists
                0x0000000000001bbd       0x14 /usr/local/m68k-elf/lib/libc.a(libc_a-readr.o)
 .debug_loclists
                0x0000000000001bd1       0x14 /usr/local/m68k-elf/lib/libc.a(libc_a-writer.o)
 .debug_loclists
                0x0000000000001be5       0x25 /usr/local/m68k-elf/lib/libc.a(libc_a-strlen.o)
 .debug_loclists
                0x0000000000001c0a       0xb1 /usr/local/m68k-elf/lib/libc.a(libc_a-__call_atexit.o)
 .debug_loclists
                0x0000000000001cbb      0x3eb /usr/local/m68k-elf/lib/libc.a(libc_a-freer.o)
 .debug_loclists
                0x00000000000020a6      0x9b7 /usr/local/m68k-elf/lib/libc.a(libc_a-mallocr.o)
 .debug_loclists
                0x0000000000002a5d     0x2748 /usr/local/m68k-elf/lib/libc.a(libc_a-vfprintf.o)
 .debug_loclists
                0x00000000000051a5     0x1c2f /usr/local/m68k-elf/lib/libc.a(libc_a-vfiprintf.o)
 .debug_loclists
                0x0000000000006dd4     0x1ed3 /usr/local/m68k-elf/lib/libc.a(libc_a-vfscanf.o)
 .debug_loclists
                0x0000000000008ca7       0x6c /usr/local/m68k-elf/lib/libc.a(libc_a-fclose.o)
 .debug_loclists
                0x0000000000008d13      0x1b8 /usr/local/m68k-elf/lib/libc.a(libc_a-fread.o)
 .debug_loclists
                0x0000000000008ecb      0x3e1 /usr/local/m68k-elf/lib/libc.a(libc_a-fvwrite.o)
 .debug_loclists
                0x00000000000092ac      0x32e /usr/local/m68k-elf/lib/libc.a(libc_a-makebuf.o)
 .debug_loclists
                0x00000000000095da       0x90 /usr/local/m68k-elf/lib/libc.a(libc_a-refill.o)
 .debug_loclists
                0x000000000000966a      0x19e /usr/local/m68k-elf/lib/libc.a(libc_a-sccl.o)
 .debug_loclists
                0x0000000000009808       0xa1 /usr/local/m68k-elf/lib/libc.a(libc_a-sprintf.o)
 .debug_loclists
                0x00000000000098a9      0x119 /usr/local/m68k-elf/lib/libc.a(libc_a-ungetc.o)
 .debug_loclists
                0x00000000000099c2      0x198 /usr/local/m68k-elf/lib/libc.a(libc_a-fputwc.o)
 .debug_loclists
                0x0000000000009b5a       0xe3 /usr/local/m68k-elf/lib/libc.a(libc_a-memchr.o)
 .debug_loclists
                0x0000000000009c3d       0x56 /usr/local/m68k-elf/lib/libc.a(libc_a-locale.o)
 .debug_loclists
                0x0000000000009c93       0x21 /usr/local/m68k-elf/lib/libc.a(libc_a-localeconv.o)
 .debug_loclists
                0x0000000000009cb4       0x14 /usr/local/m68k-elf/lib/libc.a(libc_a-fstatr.o)
 .debug_loclists
                0x0000000000009cc8       0x14 /usr/local/m68k-elf/lib/libc.a(libc_a-isattyr.o)
 .debug_loclists
                0x0000000000009cdc       0x14 /usr/local/m68k-elf/lib/libc.a(libc_a-sbrkr.o)
 .debug_loclists
                0x0000000000009cf0     0x270b /usr/local/m68k-elf/lib/libc.a(libc_a-dtoa.o)
 .debug_loclists
                0x000000000000c3fb       0x33 /usr/local/m68k-elf/lib/libc.a(libc_a-mbtowc_r.o)
 .debug_loclists
                0x000000000000c42e     0x18c8 /usr/local/m68k-elf/lib/libc.a(libc_a-mprec.o)
 .debug_loclists
                0x000000000000dcf6     0x131f /usr/local/m68k-elf/lib/libc.a(libc_a-reallocr.o)
 .debug_loclists
                0x000000000000f015     0x1efd /usr/local/m68k-elf/lib/libc.a(libc_a-strtod.o)
 .debug_loclists
                0x0000000000010f12      0x3d4 /usr/local/m68k-elf/lib/libc.a(libc_a-strtol.o)
 .debug_loclists
                0x00000000000112e6      0x375 /usr/local/m68k-elf/lib/libc.a(libc_a-strtoul.o)
 .debug_loclists
                0x000000000001165b       0x3a /usr/local/m68k-elf/lib/libc.a(libc_a-wctomb_r.o)
 .debug_loclists
                0x0000000000011695       0x6c /usr/local/m68k-elf/lib/libc.a(libc_a-mbrtowc.o)
 .debug_loclists
                0x0000000000011701      0x1de /usr/local/m68k-elf/lib/libc.a(libc_a-wcrtomb.o)
 .debug_loclists
                0x00000000000118df     0x265f /usr/local/m68k-elf/lib/libc.a(libc_a-svfprintf.o)
 .debug_loclists
                0x0000000000013f3e       0x5a /usr/local/m68k-elf/lib/libc.a(libc_a-strcmp.o)
 .debug_loclists
                0x0000000000013f98       0xe9 /usr/local/m68k-elf/lib/libc.a(libc_a-strncmp.o)
 .debug_loclists
                0x0000000000014081      0x1c1 /usr/local/m68k-elf/lib/libc.a(libc_a-callocr.o)
 .debug_loclists
                0x0000000000014242      0xece /usr/local/m68k-elf/lib/libc.a(libc_a-gdtoa-gethex.o)
 .debug_loclists
                0x0000000000015110      0x536 /usr/local/m68k-elf/lib/libc.a(libc_a-gdtoa-hexnan.o)
 .debug_loclists
                0x0000000000015646       0xc1 /usr/local/m68k-elf/lib/libc.a(libc_a-fiprintf.o)
 .debug_loclists
                0x0000000000015707     0x1313 /usr/local/m68k-elf/lib/libc.a(libc_a-svfiprintf.o)
 .debug_loclists
                0x0000000000016a1a      0x245 /usr/local/m68k-elf/lib/libc.a(libc_a-signal.o)
 .debug_loclists
                0x0000000000016c5f       0x14 /usr/local/m68k-elf/lib/libc.a(libc_a-signalr.o)
 .debug_loclists
                0x0000000000016c73       0x82 /usr/local/lib/gcc/m68k-elf/11/libgcc.a(_fixunsdfdi.o)
 .debug_loclists
                0x0000000000016cf5       0x37 /usr/local/lib/gcc/m68k-elf/11/libgcc.a(_floatdidf.o)
 .debug_loclists
                0x0000000000016d2c      0x536 /usr/local/lib/gcc/m68k-elf/11/libgcc.a(fpgnulib.o)
 .debug_loclists
                0x0000000000017262      0x1eb /usr/local/lib/gcc/m68k-elf/11/libgcc.a(xfgnulib.o)
 .debug_loclists
                0x000000000001744d       0x1f /usr/local/m68k-elf/lib/libidp.a(sbrk.o)
 .debug_loclists
                0x000000000001746c       0x37 /usr/local/m68k-elf/lib/libidp.a(mc68ec.o)

.debug_aranges  0x0000000000000000      0xd58
 .debug_aranges
                0x0000000000000000       0x20 csys68k.o
 .debug_aranges
                0x0000000000000020       0x20 mtk_c.o
 .debug_aranges
                0x0000000000000040       0x28 test3.o
 .debug_aranges
                0x0000000000000068       0x20 /usr/local/m68k-elf/lib/libc.a(libc_a-exit.o)
 .debug_aranges
                0x0000000000000088       0x20 /usr/local/m68k-elf/lib/libc.a(libc_a-fdopen.o)
 .debug_aranges
                0x00000000000000a8       0x20 /usr/local/m68k-elf/lib/libc.a(libc_a-fflush.o)
 .debug_aranges
                0x00000000000000c8       0x20 /usr/local/m68k-elf/lib/libc.a(libc_a-findfp.o)
 .debug_aranges
                0x00000000000000e8       0x20 /usr/local/m68k-elf/lib/libc.a(libc_a-flags.o)
 .debug_aranges
                0x0000000000000108       0x20 /usr/local/m68k-elf/lib/libc.a(libc_a-fprintf.o)
 .debug_aranges
                0x0000000000000128       0x20 /usr/local/m68k-elf/lib/libc.a(libc_a-fputc.o)
 .debug_aranges
                0x0000000000000148       0x20 /usr/local/m68k-elf/lib/libc.a(libc_a-fscanf.o)
 .debug_aranges
                0x0000000000000168       0x20 /usr/local/m68k-elf/lib/libc.a(libc_a-fwalk.o)
 .debug_aranges
                0x0000000000000188       0x20 /usr/local/m68k-elf/lib/libc.a(libc_a-fwrite.o)
 .debug_aranges
                0x00000000000001a8       0x20 /usr/local/m68k-elf/lib/libc.a(libc_a-putc.o)
 .debug_aranges
                0x00000000000001c8       0x20 /usr/local/m68k-elf/lib/libc.a(libc_a-puts.o)
 .debug_aranges
                0x00000000000001e8       0x20 /usr/local/m68k-elf/lib/libc.a(libc_a-stdio.o)
 .debug_aranges
                0x0000000000000208       0x20 /usr/local/m68k-elf/lib/libc.a(libc_a-wbuf.o)
 .debug_aranges
                0x0000000000000228       0x20 /usr/local/m68k-elf/lib/libc.a(libc_a-wsetup.o)
 .debug_aranges
                0x0000000000000248       0x20 /usr/local/m68k-elf/lib/libc.a(libc_a-memmove.o)
 .debug_aranges
                0x0000000000000268       0x20 /usr/local/m68k-elf/lib/libc.a(libc_a-closer.o)
 .debug_aranges
                0x0000000000000288       0x20 /usr/local/m68k-elf/lib/libc.a(libc_a-reent.o)
 .debug_aranges
                0x00000000000002a8       0x18 /usr/local/m68k-elf/lib/libc.a(libc_a-impure.o)
 .debug_aranges
                0x00000000000002c0       0x20 /usr/local/m68k-elf/lib/libc.a(libc_a-lseekr.o)
 .debug_aranges
                0x00000000000002e0       0x20 /usr/local/m68k-elf/lib/libc.a(libc_a-readr.o)
 .debug_aranges
                0x0000000000000300       0x20 /usr/local/m68k-elf/lib/libc.a(libc_a-writer.o)
 .debug_aranges
                0x0000000000000320       0x20 /usr/local/m68k-elf/lib/libc.a(libc_a-strlen.o)
 .debug_aranges
                0x0000000000000340       0x20 /usr/local/m68k-elf/lib/libc.a(libc_a-memset.o)
 .debug_aranges
                0x0000000000000360       0x20 /usr/local/m68k-elf/lib/libc.a(libc_a-__call_atexit.o)
 .debug_aranges
                0x0000000000000380       0x20 /usr/local/m68k-elf/lib/libc.a(libc_a-freer.o)
 .debug_aranges
                0x00000000000003a0       0x20 /usr/local/m68k-elf/lib/libc.a(libc_a-mallocr.o)
 .debug_aranges
                0x00000000000003c0       0x20 /usr/local/m68k-elf/lib/libc.a(libc_a-mlock.o)
 .debug_aranges
                0x00000000000003e0       0x20 /usr/local/m68k-elf/lib/libc.a(libc_a-vfprintf.o)
 .debug_aranges
                0x0000000000000400       0x20 /usr/local/m68k-elf/lib/libc.a(libc_a-vfiprintf.o)
 .debug_aranges
                0x0000000000000420       0x20 /usr/local/m68k-elf/lib/libc.a(libc_a-vfscanf.o)
 .debug_aranges
                0x0000000000000440       0x20 /usr/local/m68k-elf/lib/libc.a(libc_a-fclose.o)
 .debug_aranges
                0x0000000000000460       0x20 /usr/local/m68k-elf/lib/libc.a(libc_a-fread.o)
 .debug_aranges
                0x0000000000000480       0x20 /usr/local/m68k-elf/lib/libc.a(libc_a-fvwrite.o)
 .debug_aranges
                0x00000000000004a0       0x20 /usr/local/m68k-elf/lib/libc.a(libc_a-makebuf.o)
 .debug_aranges
                0x00000000000004c0       0x20 /usr/local/m68k-elf/lib/libc.a(libc_a-refill.o)
 .debug_aranges
                0x00000000000004e0       0x20 /usr/local/m68k-elf/lib/libc.a(libc_a-sccl.o)
 .debug_aranges
                0x0000000000000500       0x20 /usr/local/m68k-elf/lib/libc.a(libc_a-sprintf.o)
 .debug_aranges
                0x0000000000000520       0x20 /usr/local/m68k-elf/lib/libc.a(libc_a-ungetc.o)
 .debug_aranges
                0x0000000000000540       0x20 /usr/local/m68k-elf/lib/libc.a(libc_a-fputwc.o)
 .debug_aranges
                0x0000000000000560       0x20 /usr/local/m68k-elf/lib/libc.a(libc_a-memchr.o)
 .debug_aranges
                0x0000000000000580       0x20 /usr/local/m68k-elf/lib/libc.a(libc_a-locale.o)
 .debug_aranges
                0x00000000000005a0       0x20 /usr/local/m68k-elf/lib/libc.a(libc_a-localeconv.o)
 .debug_aranges
                0x00000000000005c0       0x20 /usr/local/m68k-elf/lib/libc.a(libc_a-fstatr.o)
 .debug_aranges
                0x00000000000005e0       0x20 /usr/local/m68k-elf/lib/libc.a(libc_a-isattyr.o)
 .debug_aranges
                0x0000000000000600       0x20 /usr/local/m68k-elf/lib/libc.a(libc_a-sbrkr.o)
 .debug_aranges
                0x0000000000000620       0x20 /usr/local/m68k-elf/lib/libc.a(libc_a-memcpy.o)
 .debug_aranges
                0x0000000000000640       0x20 /usr/local/m68k-elf/lib/libc.a(libm_a-sf_nan.o)
 .debug_aranges
                0x0000000000000660       0x20 /usr/local/m68k-elf/lib/libc.a(libc_a-dtoa.o)
 .debug_aranges
                0x0000000000000680       0x20 /usr/local/m68k-elf/lib/libc.a(libc_a-mbtowc_r.o)
 .debug_aranges
                0x00000000000006a0       0x20 /usr/local/m68k-elf/lib/libc.a(libc_a-mprec.o)
 .debug_aranges
                0x00000000000006c0       0x20 /usr/local/m68k-elf/lib/libc.a(libc_a-reallocr.o)
 .debug_aranges
                0x00000000000006e0       0x20 /usr/local/m68k-elf/lib/libc.a(libc_a-strtod.o)
 .debug_aranges
                0x0000000000000700       0x20 /usr/local/m68k-elf/lib/libc.a(libc_a-strtol.o)
 .debug_aranges
                0x0000000000000720       0x20 /usr/local/m68k-elf/lib/libc.a(libc_a-strtoul.o)
 .debug_aranges
                0x0000000000000740       0x20 /usr/local/m68k-elf/lib/libc.a(libc_a-wctomb_r.o)
 .debug_aranges
                0x0000000000000760       0x20 /usr/local/m68k-elf/lib/libc.a(libc_a-mbrtowc.o)
 .debug_aranges
                0x0000000000000780       0x20 /usr/local/m68k-elf/lib/libc.a(libc_a-wcrtomb.o)
 .debug_aranges
                0x00000000000007a0       0x18 /usr/local/m68k-elf/lib/libc.a(libc_a-ctype_.o)
 .debug_aranges
                0x00000000000007b8       0x20 /usr/local/m68k-elf/lib/libc.a(libc_a-iswspace.o)
 .debug_aranges
                0x00000000000007d8       0x20 /usr/local/m68k-elf/lib/libc.a(libc_a-iswspace_l.o)
 .debug_aranges
                0x00000000000007f8       0x20 /usr/local/m68k-elf/lib/libc.a(libc_a-svfprintf.o)
 .debug_aranges
                0x0000000000000818       0x20 /usr/local/m68k-elf/lib/libc.a(libc_a-strcmp.o)
 .debug_aranges
                0x0000000000000838       0x20 /usr/local/m68k-elf/lib/libc.a(libc_a-strncmp.o)
 .debug_aranges
                0x0000000000000858       0x20 /usr/local/m68k-elf/lib/libc.a(libc_a-errno.o)
 .debug_aranges
                0x0000000000000878       0x20 /usr/local/m68k-elf/lib/libc.a(libm_a-s_nan.o)
 .debug_aranges
                0x0000000000000898       0x20 /usr/local/m68k-elf/lib/libc.a(libc_a-assert.o)
 .debug_aranges
                0x00000000000008b8       0x20 /usr/local/m68k-elf/lib/libc.a(libc_a-callocr.o)
 .debug_aranges
                0x00000000000008d8       0x20 /usr/local/m68k-elf/lib/libc.a(libc_a-gdtoa-gethex.o)
 .debug_aranges
                0x00000000000008f8       0x20 /usr/local/m68k-elf/lib/libc.a(libc_a-gdtoa-hexnan.o)
 .debug_aranges
                0x0000000000000918       0x20 /usr/local/m68k-elf/lib/libc.a(libc_a-fiprintf.o)
 .debug_aranges
                0x0000000000000938       0x20 /usr/local/m68k-elf/lib/libc.a(libc_a-svfiprintf.o)
 .debug_aranges
                0x0000000000000958       0x20 /usr/local/m68k-elf/lib/libc.a(libc_a-abort.o)
 .debug_aranges
                0x0000000000000978       0x20 /usr/local/m68k-elf/lib/libc.a(libc_a-signal.o)
 .debug_aranges
                0x0000000000000998       0x20 /usr/local/m68k-elf/lib/libc.a(libc_a-signalr.o)
 .debug_aranges
                0x00000000000009b8       0x20 /usr/local/lib/gcc/m68k-elf/11/libgcc.a(_mulsi3.o)
 .debug_aranges
                0x00000000000009d8       0x20 /usr/local/lib/gcc/m68k-elf/11/libgcc.a(_udivsi3.o)
 .debug_aranges
                0x00000000000009f8       0x20 /usr/local/lib/gcc/m68k-elf/11/libgcc.a(_divsi3.o)
 .debug_aranges
                0x0000000000000a18       0x20 /usr/local/lib/gcc/m68k-elf/11/libgcc.a(_umodsi3.o)
 .debug_aranges
                0x0000000000000a38       0x20 /usr/local/lib/gcc/m68k-elf/11/libgcc.a(_modsi3.o)
 .debug_aranges
                0x0000000000000a58       0x20 /usr/local/lib/gcc/m68k-elf/11/libgcc.a(_double.o)
 .debug_aranges