Archive member included to satisfy reference by file (symbol)

/usr/local/m68k-elf/lib/libc.a(libc_a-exit.o)
                              crt0.o (exit)
/usr/local/m68k-elf/lib/libc.a(libc_a-fdopen.o)
                              test3.o (fdopen)
/usr/local/m68k-elf/lib/libc.a(libc_a-findfp.o)
                              /usr/local/m68k-elf/lib/libc.a(libc_a-exit.o) (__stdio_exit_handler)
/usr/local/m68k-elf/lib/libc.a(libc_a-flags.o)
                              /usr/local/m68k-elf/lib/libc.a(libc_a-fdopen.o) (__sflags)
/usr/local/m68k-elf/lib/libc.a(libc_a-fprintf.o)
                              test3.o (fprintf)
/usr/local/m68k-elf/lib/libc.a(libc_a-fscanf.o)
                              test3.o (fscanf)
/usr/local/m68k-elf/lib/libc.a(libc_a-fwalk.o)
                              /usr/local/m68k-elf/lib/libc.a(libc_a-findfp.o) (_fwalk_sglue)
/usr/local/m68k-elf/lib/libc.a(libc_a-fwrite.o)
                              test3.o (fwrite)
/usr/local/m68k-elf/lib/libc.a(libc_a-perror.o)
                              test3.o (perror)
/usr/local/m68k-elf/lib/libc.a(libc_a-puts.o)
                              mtk_c.o (puts)
/usr/local/m68k-elf/lib/libc.a(libc_a-stdio.o)
                              /usr/local/m68k-elf/lib/libc.a(libc_a-fdopen.o) (__sread)
/usr/local/m68k-elf/lib/libc.a(libc_a-strerror.o)
                              /usr/local/m68k-elf/lib/libc.a(libc_a-perror.o) (_strerror_r)
/usr/local/m68k-elf/lib/libc.a(libc_a-u_strerr.o)
                              /usr/local/m68k-elf/lib/libc.a(libc_a-strerror.o) (_user_strerror)
/usr/local/m68k-elf/lib/libc.a(libc_a-closer.o)
                              /usr/local/m68k-elf/lib/libc.a(libc_a-stdio.o) (_close_r)
/usr/local/m68k-elf/lib/libc.a(libc_a-reent.o)
                              /usr/local/m68k-elf/lib/libc.a(libc_a-closer.o) (errno)
/usr/local/m68k-elf/lib/libc.a(libc_a-impure.o)
                              /usr/local/m68k-elf/lib/libc.a(libc_a-fdopen.o) (_impure_ptr)
/usr/local/m68k-elf/lib/libc.a(libc_a-lseekr.o)
                              /usr/local/m68k-elf/lib/libc.a(libc_a-stdio.o) (_lseek_r)
/usr/local/m68k-elf/lib/libc.a(libc_a-readr.o)
                              /usr/local/m68k-elf/lib/libc.a(libc_a-stdio.o) (_read_r)
/usr/local/m68k-elf/lib/libc.a(libc_a-writer.o)
                              /usr/local/m68k-elf/lib/libc.a(libc_a-perror.o) (_write_r)
/usr/local/m68k-elf/lib/libc.a(libc_a-strlen.o)
                              /usr/local/m68k-elf/lib/libc.a(libc_a-perror.o) (strlen)
/usr/local/m68k-elf/lib/libc.a(libc_a-memcpy.o)
                              test3.o (memcpy)
/usr/local/m68k-elf/lib/libc.a(libc_a-memset.o)
                              /usr/local/m68k-elf/lib/libc.a(libc_a-findfp.o) (memset)
/usr/local/m68k-elf/lib/libc.a(libc_a-__call_atexit.o)
                              /usr/local/m68k-elf/lib/libc.a(libc_a-exit.o) (__call_exitprocs)
/usr/local/m68k-elf/lib/libc.a(libc_a-freer.o)
                              /usr/local/m68k-elf/lib/libc.a(libc_a-reent.o) (_free_r)
/usr/local/m68k-elf/lib/libc.a(libc_a-mallocr.o)
                              /usr/local/m68k-elf/lib/libc.a(libc_a-findfp.o) (_malloc_r)
/usr/local/m68k-elf/lib/libc.a(libc_a-mlock.o)
                              /usr/local/m68k-elf/lib/libc.a(libc_a-freer.o) (__malloc_lock)
/usr/local/m68k-elf/lib/libc.a(libc_a-vfprintf.o)
                              /usr/local/m68k-elf/lib/libc.a(libc_a-fprintf.o) (_vfprintf_r)
/usr/local/m68k-elf/lib/libc.a(libc_a-vfiprintf.o)
                              /usr/local/m68k-elf/lib/libc.a(libc_a-vfprintf.o) (__sprint_r)
/usr/local/m68k-elf/lib/libc.a(libc_a-vfscanf.o)
                              /usr/local/m68k-elf/lib/libc.a(libc_a-fscanf.o) (_vfscanf_r)
/usr/local/m68k-elf/lib/libc.a(libc_a-fclose.o)
                              /usr/local/m68k-elf/lib/libc.a(libc_a-findfp.o) (_fclose_r)
/usr/local/m68k-elf/lib/libc.a(libc_a-fflush.o)
                              /usr/local/m68k-elf/lib/libc.a(libc_a-fclose.o) (__sflush_r)
/usr/local/m68k-elf/lib/libc.a(libc_a-fileno.o)
                              /usr/local/m68k-elf/lib/libc.a(libc_a-perror.o) (fileno)
/usr/local/m68k-elf/lib/libc.a(libc_a-fread.o)
                              /usr/local/m68k-elf/lib/libc.a(libc_a-vfscanf.o) (_fread_r)
/usr/local/m68k-elf/lib/libc.a(libc_a-fvwrite.o)
                              /usr/local/m68k-elf/lib/libc.a(libc_a-fwrite.o) (__sfvwrite_r)
/usr/local/m68k-elf/lib/libc.a(libc_a-refill.o)
                              /usr/local/m68k-elf/lib/libc.a(libc_a-vfscanf.o) (__srefill_r)
/usr/local/m68k-elf/lib/libc.a(libc_a-sccl.o)
                              /usr/local/m68k-elf/lib/libc.a(libc_a-vfscanf.o) (__sccl)
/usr/local/m68k-elf/lib/libc.a(libc_a-sprintf.o)
                              /usr/local/m68k-elf/lib/libc.a(libc_a-vfscanf.o) (sprintf)
/usr/local/m68k-elf/lib/libc.a(libc_a-ungetc.o)
                              /usr/local/m68k-elf/lib/libc.a(libc_a-vfscanf.o) (_ungetc_r)
[...]
Memory Configuration

Name             Origin             Length             Attributes
ram              0x0000000000000000 0x0000000000040000 xrw
rom0             0x0000000000c00000 0x0000000000080000
device           0x0000000000fff000 0x0000000000001000
*default*        0x0000000000000000 0xffffffffffffffff

Linker script and memory map

LOAD crt0.o
LOAD mon.o
LOAD csys68k.o
LOAD inchrw.o
LOAD mtk_asm.o
LOAD mtk_c.o
LOAD outchr.o
LOAD test3.o
START GROUP
LOAD /usr/local/m68k-elf/lib/libidp.a
LOAD /usr/local/m68k-elf/lib/libc.a
LOAD /usr/local/lib/gcc/m68k-elf/11/libgcc.a
END GROUP
                0x0000000000000000                __DYNAMIC = 0x0
                0x000000000003fff0                PROVIDE (__stack = 0x3fff0)
                0x0000000000000000                PROVIDE (hardware_init_hook = 0x0)
                [!provide]                        PROVIDE (_hardware_init_hook = 0x0)
                0x0000000000000000                PROVIDE (software_init_hook = 0x0)
                [!provide]                        PROVIDE (_software_init_hook = 0x0)

.vector
 *(.vector)

.text           0x0000000000000400    0x1479b
                0x0000000000000400                __text_start = .
 *(.text)
 .text          0x0000000000000400       0x90 crt0.o
                0x000000000000043c                start
 .text          0x0000000000000490      0x41a mon.o
                0x0000000000000490                monitor_begin
 *fill*         0x00000000000008aa        0x2 
 .text          0x00000000000008ac      0x152 csys68k.o
                0x00000000000008ac                read
                0x000000000000097e                write
 *fill*         0x00000000000009fe        0x2 
 .text          0x0000000000000a00       0x32 inchrw.o
                0x0000000000000a00                inbyte
 *fill*         0x0000000000000a32        0x2 
 .text          0x0000000000000a34      0x13e mtk_asm.o
                0x0000000000000a34                P
                0x0000000000000a4a                V
                0x0000000000000a60                pv_handler
                0x0000000000000aa2                swtch
                0x0000000000000af0                first_task
                0x0000000000000b1a                init_timer
 *fill*         0x0000000000000b72        0x2 
 .text          0x0000000000000b74      0x3da mtk_c.o
                0x0000000000000b74                init_kernel
                0x0000000000000bd0                set_task
                0x0000000000000ca4                init_stack
                0x0000000000000ce6                begin_sch
                0x0000000000000d2a                addq
                0x0000000000000d82                removeq
                0x0000000000000da2                sched
                0x0000000000000dce                sleep
                0x0000000000000e6e                p_body
                0x0000000000000e98                wakeup
                0x0000000000000f24                v_body
 *fill*         0x0000000000000f4e        0x2 
 .text          0x0000000000000f50       0x3c outchr.o
                0x0000000000000f50                outbyte
 .text          0x0000000000000f8c      0x7a6 test3.o
                0x0000000000000f8c                runtime_clock
                0x000000000000100a                client2
                0x000000000000104c                gotoxy
                0x000000000000106a                initPort
                0x00000000000010ce                welcome_ui
                0x00000000000013d8                refresh_clock
                0x0000000000001422                refresh_chat
                0x00000000000014a2                draw_client_ui
                0x00000000000015e8                get_client_input
                0x000000000000166a                client1
 *fill*         0x0000000000001732        0x2 
 .text          0x0000000000001734       0x28 /usr/local/m68k-elf/lib/libc.a(libc_a-exit.o)
                0x0000000000001734                exit
 .text          0x000000000000175c      0x102 /usr/local/m68k-elf/lib/libc.a(libc_a-fdopen.o)
                0x000000000000175c                _fdopen_r
                0x00000000000017dc                fdopen
 *fill*         0x000000000000185e        0x2 
 .text          0x0000000000001860      0x362 /usr/local/m68k-elf/lib/libc.a(libc_a-findfp.o)
                0x0000000000001a60                __sfp
                0x0000000000001b6e                __sinit
                0x0000000000001b8e                __sfp_lock_acquire
                0x0000000000001b90                __sfp_lock_release
                0x0000000000001b92                __fp_lock_all
                0x0000000000001baa                __fp_unlock_all
 *fill*         0x0000000000001bc2        0x2 
 .text          0x0000000000001bc4       0xaa /usr/local/m68k-elf/lib/libc.a(libc_a-flags.o)
                0x0000000000001bc4                __sflags
 *fill*         0x0000000000001c6e        0x2 
 .text          0x0000000000001c70       0x46 /usr/local/m68k-elf/lib/libc.a(libc_a-fprintf.o)
                0x0000000000001c70                _fprintf_r
                0x0000000000001c92                fprintf
 *fill*         0x0000000000001cb6        0x2 
 .text          0x0000000000001cb8       0x46 /usr/local/m68k-elf/lib/libc.a(libc_a-fscanf.o)
                0x0000000000001cb8                fscanf
                0x0000000000001cdc                _fscanf_r
 *fill*         0x0000000000001cfe        0x2 
 .text          0x0000000000001d00       0x56 /usr/local/m68k-elf/lib/libc.a(libc_a-fwalk.o)
                0x0000000000001d00                _fwalk_sglue
 *fill*         0x0000000000001d56        0x2 
 .text          0x0000000000001d58      0x15e /usr/local/m68k-elf/lib/libc.a(libc_a-fwrite.o)
                0x0000000000001d58                _fwrite_r
                0x0000000000001e06                fwrite
 *fill*         0x0000000000001eb6        0x2 
 .text          0x0000000000001eb8      0x184 /usr/local/m68k-elf/lib/libc.a(libc_a-perror.o)
                0x0000000000001eb8                _perror_r
                0x000000000000202a                perror
 .text          0x000000000000203c       0xb6 /usr/local/m68k-elf/lib/libc.a(libc_a-puts.o)
                0x000000000000203c                _puts_r
                0x00000000000020e0                puts
 *fill*         0x00000000000020f2        0x2 
 .text          0x00000000000020f4      0x114 /usr/local/m68k-elf/lib/libc.a(libc_a-stdio.o)
                0x00000000000020f4                __sread
                0x000000000000212c                __seofread
                0x0000000000002130                __swrite
                0x00000000000021b6                __sseek
                0x00000000000021f6                __sclose
 .text          0x0000000000002208      0x436 /usr/local/m68k-elf/lib/libc.a(libc_a-strerror.o)
                0x0000000000002208                _strerror_r
                0x000000000000260e                strerror
                0x0000000000002626                strerror_l
 *fill*         0x000000000000263e        0x2 
 .text          0x0000000000002640        0x4 /usr/local/m68k-elf/lib/libc.a(libc_a-u_strerr.o)
                0x0000000000002640                _user_strerror
 .text          0x0000000000002644       0x2a /usr/local/m68k-elf/lib/libc.a(libc_a-closer.o)
                0x0000000000002644                _close_r
 *fill*         0x000000000000266e        0x2 
 .text          0x0000000000002670       0x92 /usr/local/m68k-elf/lib/libc.a(libc_a-reent.o)
                0x0000000000002670                _reclaim_reent
 *fill*         0x0000000000002702        0x2 
 .text          0x0000000000002704        0x0 /usr/local/m68k-elf/lib/libc.a(libc_a-impure.o)
 .text          0x0000000000002704       0x34 /usr/local/m68k-elf/lib/libc.a(libc_a-lseekr.o)
                0x0000000000002704                _lseek_r
 .text          0x0000000000002738       0x34 /usr/local/m68k-elf/lib/libc.a(libc_a-readr.o)
                0x0000000000002738                _read_r
 .text          0x000000000000276c       0x34 /usr/local/m68k-elf/lib/libc.a(libc_a-writer.o)
                0x000000000000276c                _write_r
 .text          0x00000000000027a0       0x14 /usr/local/m68k-elf/lib/libc.a(libc_a-strlen.o)
                0x00000000000027a0                strlen
 .text          0x00000000000027b4       0x6e /usr/local/m68k-elf/lib/libc.a(libc_a-memcpy.o)
                0x00000000000027b4                memcpy
 *fill*         0x0000000000002822        0x2 
 .text          0x0000000000002824       0x72 /usr/local/m68k-elf/lib/libc.a(libc_a-memset.o)
                0x0000000000002824                memset
 *fill*         0x0000000000002896        0x2 
 .text          0x0000000000002898       0xaa /usr/local/m68k-elf/lib/libc.a(libc_a-__call_atexit.o)
                0x0000000000002898                __call_exitprocs
 *fill*         0x0000000000002942        0x2 
 .text          0x0000000000002944      0x424 /usr/local/m68k-elf/lib/libc.a(libc_a-freer.o)
                0x0000000000002944                _malloc_trim_r
                0x0000000000002a1e                _free_r
 .text          0x0000000000002d68      0x85a /usr/local/m68k-elf/lib/libc.a(libc_a-mallocr.o)
                0x0000000000002d68                _malloc_r
 *fill*         0x00000000000035c2        0x2 
 .text          0x00000000000035c4        0x4 /usr/local/m68k-elf/lib/libc.a(libc_a-mlock.o)
                0x00000000000035c4                __malloc_lock
                0x00000000000035c6                __malloc_unlock
 .text          0x00000000000035c8     0x1e7c /usr/local/m68k-elf/lib/libc.a(libc_a-vfprintf.o)
                0x00000000000035c8                _vfprintf_r
                0x0000000000005386                vfprintf
 .text          0x0000000000005444     0x11c4 /usr/local/m68k-elf/lib/libc.a(libc_a-vfiprintf.o)
                0x00000000000054e0                __sprint_r
                0x000000000000550a                _vfiprintf_r
                0x000000000000654a                vfiprintf
 .text          0x0000000000006608     0x188c /usr/local/m68k-elf/lib/libc.a(libc_a-vfscanf.o)
                0x0000000000006608                __svfscanf_r
                0x0000000000007dcc                vfscanf
                0x0000000000007e1e                __svfscanf
                0x0000000000007e3a                _vfscanf_r
 .text          0x0000000000007e94       0xea /usr/local/m68k-elf/lib/libc.a(libc_a-fclose.o)
                0x0000000000007e94                _fclose_r
                0x0000000000007f6c                fclose
 *fill*         0x0000000000007f7e        0x2 
 .text          0x0000000000007f80      0x296 /usr/local/m68k-elf/lib/libc.a(libc_a-fflush.o)
                0x0000000000007f80                __sflush_r
                0x0000000000008164                _fflush_r
                0x00000000000081a6                fflush
 *fill*         0x0000000000008216        0x2 
 .text          0x0000000000008218       0x44 /usr/local/m68k-elf/lib/libc.a(libc_a-fileno.o)
                0x0000000000008218                fileno
 .text          0x000000000000825c      0x1ee /usr/local/m68k-elf/lib/libc.a(libc_a-fread.o)
                0x000000000000825c                _fread_r
                0x000000000000842a                fread
 *fill*         0x000000000000844a        0x2 
 .text          0x000000000000844c      0x3cc /usr/local/m68k-elf/lib/libc.a(libc_a-fvwrite.o)
                0x000000000000844c                __sfvwrite_r
 .text          0x0000000000008818      0x1fc /usr/local/m68k-elf/lib/libc.a(libc_a-refill.o)
                0x0000000000008840                __srefill_r
 .text          0x0000000000008a14       0xce /usr/local/m68k-elf/lib/libc.a(libc_a-sccl.o)
                0x0000000000008a14                __sccl
 *fill*         0x0000000000008ae2        0x2 
 .text          0x0000000000008ae4       0xa2 /usr/local/m68k-elf/lib/libc.a(libc_a-sprintf.o)
                0x0000000000008ae4                _sprintf_r
                0x0000000000008b34                sprintf
 *fill*         0x0000000000008b86        0x2 
 .text          0x0000000000008b88      0x1fe /usr/local/m68k-elf/lib/libc.a(libc_a-ungetc.o)
                0x0000000000008b88                __submore
                0x0000000000008c2a                _ungetc_r
                0x0000000000008d6e                ungetc
 *fill*         0x0000000000008d86        0x2 
 .text          0x0000000000008d88      0x12a /usr/local/m68k-elf/lib/libc.a(libc_a-wsetup.o)
                0x0000000000008d88                __swsetup_r
 *fill*         0x0000000000008eb2        0x2 
 .text          0x0000000000008eb4      0x166 /usr/local/m68k-elf/lib/libc.a(libc_a-fputwc.o)
                0x0000000000008eb4                __fputwc
                0x0000000000008f92                _fputwc_r
                0x0000000000008fc6                fputwc
 *fill*         0x000000000000901a        0x2 
 .text          0x000000000000901c       0x9c /usr/local/m68k-elf/lib/libc.a(libc_a-memchr.o)
                0x000000000000901c                memchr
 .text          0x00000000000090b8       0xfa /usr/local/m68k-elf/lib/libc.a(libc_a-memmove.o)
                0x00000000000090b8                memmove
 *fill*         0x00000000000091b2        0x2 
 .text          0x00000000000091b4       0xb4 /usr/local/m68k-elf/lib/libc.a(libc_a-locale.o)
                0x00000000000091b4                _setlocale_r
                0x0000000000009208                __locale_mb_cur_max
                0x0000000000009214                setlocale
 .text          0x0000000000009268       0x1c /usr/local/m68k-elf/lib/libc.a(libc_a-localeconv.o)
                0x0000000000009268                __localeconv_l
                0x0000000000009274                _localeconv_r
                0x000000000000927c                localeconv
 .text          0x0000000000009284       0x2a /usr/local/m68k-elf/lib/libc.a(libc_a-sbrkr.o)
                0x0000000000009284                _sbrk_r
 *fill*         0x00000000000092ae        0x2 
 .text          0x00000000000092b0        0x8 /usr/local/m68k-elf/lib/libc.a(libm_a-sf_nan.o)
                0x00000000000092b0                nanf
 .text          0x00000000000092b8     0x1ae0 /usr/local/m68k-elf/lib/libc.a(libc_a-dtoa.o)
                0x0000000000009440                _dtoa_r
 .text          0x000000000000ad98       0x4c /usr/local/m68k-elf/lib/libc.a(libc_a-mbtowc_r.o)
                0x000000000000ad98                _mbtowc_r
                0x000000000000ada0                __ascii_mbtowc
 .text          0x000000000000ade4      0xe1a /usr/local/m68k-elf/lib/libc.a(libc_a-mprec.o)
                0x000000000000ade4                _Balloc
                0x000000000000ae74                _Bfree
                0x000000000000ae98                __multadd
                0x000000000000af92                __s2b
                0x000000000000b06e                __hi0bits
                0x000000000000b0c8                __lo0bits
                0x000000000000b13e                __i2b
                0x000000000000b1e2                __multiply
                0x000000000000b3f2                __pow5mult
                0x000000000000b4ea                __lshift
                0x000000000000b5da                __mcmp
                0x000000000000b628                __mdiff
                0x000000000000b7fe                __ulp
                0x000000000000b850                __b2d
                0x000000000000b942                __d2b
                0x000000000000ba5c                __ratio
                0x000000000000baf4                _mprec_log10
                0x000000000000bb4e                __copybits
                0x000000000000bba4                __any_on
 *fill*         0x000000000000bbfe        0x2 
 .text          0x000000000000bc00      0x61a /usr/local/m68k-elf/lib/libc.a(libc_a-reallocr.o)
                0x000000000000bc00                _realloc_r
 *fill*         0x000000000000c21a        0x2 
 .text          0x000000000000c21c     0x1980 /usr/local/m68k-elf/lib/libc.a(libc_a-strtod.o)
                0x000000000000c21c                _strtod_l
                0x000000000000d942                _strtod_r
                0x000000000000d95e                strtod_l
                0x000000000000d97a                strtod
                0x000000000000d998                strtof_l
                0x000000000000da94                strtof
 .text          0x000000000000db9c      0x2ba /usr/local/m68k-elf/lib/libc.a(libc_a-strtol.o)
                0x000000000000de18                _strtol_r
                0x000000000000de1c                strtol_l
                0x000000000000de3a                strtol
 *fill*         0x000000000000de56        0x2 
 .text          0x000000000000de58      0x240 /usr/local/m68k-elf/lib/libc.a(libc_a-strtoul.o)
                0x000000000000e05a                _strtoul_r
                0x000000000000e05e                strtoul_l
                0x000000000000e07c                strtoul
 .text          0x000000000000e098       0x36 /usr/local/m68k-elf/lib/libc.a(libc_a-wctomb_r.o)
                0x000000000000e098                _wctomb_r
                0x000000000000e0a0                __ascii_wctomb
 *fill*         0x000000000000e0ce        0x2 
 .text          0x000000000000e0d0       0xc8 /usr/local/m68k-elf/lib/libc.a(libc_a-mbrtowc.o)
                0x000000000000e0d0                _mbrtowc_r
                0x000000000000e132                mbrtowc
 .text          0x000000000000e198       0xc8 /usr/local/m68k-elf/lib/libc.a(libc_a-wcrtomb.o)
                0x000000000000e198                _wcrtomb_r
                0x000000000000e1f8                wcrtomb
 .text          0x000000000000e260        0x0 /usr/local/m68k-elf/lib/libc.a(libc_a-ctype_.o)
 .text          0x000000000000e260       0x10 /usr/local/m68k-elf/lib/libc.a(libc_a-iswspace.o)
                0x000000000000e260                iswspace
 .text          0x000000000000e270       0x26 /usr/local/m68k-elf/lib/libc.a(libc_a-iswspace_l.o)
                0x000000000000e270                iswspace_l
 *fill*         0x000000000000e296        0x2 
 .text          0x000000000000e298     0x1db0 /usr/local/m68k-elf/lib/libc.a(libc_a-svfprintf.o)
                0x000000000000e298                _svfprintf_r
 .text          0x0000000000010048      0x1d2 /usr/local/m68k-elf/lib/libc.a(libc_a-makebuf.o)
                0x0000000000010048                __smakebuf_r
                0x000000000001017e                __swhatbuf_r
 *fill*         0x000000000001021a        0x2 
 .text          0x000000000001021c      0x12a /usr/local/m68k-elf/lib/libc.a(libc_a-wbuf.o)
                0x000000000001021c                __swbuf_r
                0x000000000001032e                __swbuf
 *fill*         0x0000000000010346        0x2 
 .text          0x0000000000010348       0x6e /usr/local/m68k-elf/lib/libc.a(libc_a-strcmp.o)
                0x0000000000010348                strcmp
 *fill*         0x00000000000103b6        0x2 
 .text          0x00000000000103b8       0xa4 /usr/local/m68k-elf/lib/libc.a(libc_a-strncmp.o)
                0x00000000000103b8                strncmp
 .text          0x000000000001045c       0x2e /usr/local/m68k-elf/lib/libc.a(libc_a-fstatr.o)
                0x000000000001045c                _fstat_r
 *fill*         0x000000000001048a        0x2 
 .text          0x000000000001048c       0x2a /usr/local/m68k-elf/lib/libc.a(libc_a-isattyr.o)
                0x000000000001048c                _isatty_r
 *fill*         0x00000000000104b6        0x2 
 .text          0x00000000000104b8        0x8 /usr/local/m68k-elf/lib/libc.a(libc_a-errno.o)
                0x00000000000104b8                __errno
 .text          0x00000000000104c0        0xa /usr/local/m68k-elf/lib/libc.a(libm_a-s_nan.o)
                0x00000000000104c0                nan
 *fill*         0x00000000000104ca        0x2 
 .text          0x00000000000104cc       0x80 /usr/local/m68k-elf/lib/libc.a(libc_a-assert.o)
                0x00000000000104cc                __assert_func
                0x000000000001053a                __assert
 .text          0x000000000001054c      0x122 /usr/local/m68k-elf/lib/libc.a(libc_a-callocr.o)
                0x000000000001054c                _calloc_r
 *fill*         0x000000000001066e        0x2 
 .text          0x0000000000010670      0x8d0 /usr/local/m68k-elf/lib/libc.a(libc_a-gdtoa-gethex.o)
                0x000000000001073e                __gethex
 .text          0x0000000000010f40      0x268 /usr/local/m68k-elf/lib/libc.a(libc_a-gdtoa-hexnan.o)
                0x0000000000010f40                __match
                0x0000000000010f86                __hexnan
 .text          0x00000000000111a8       0x46 /usr/local/m68k-elf/lib/libc.a(libc_a-fiprintf.o)
                0x00000000000111a8                _fiprintf_r
                0x00000000000111ca                fiprintf
 *fill*         0x00000000000111ee        0x2 
 .text          0x00000000000111f0      0xe32 /usr/local/m68k-elf/lib/libc.a(libc_a-svfiprintf.o)
                0x00000000000111f0                __ssprint_r
                0x0000000000011350                _svfiprintf_r
 *fill*         0x0000000000012022        0x2 
 .text          0x0000000000012024       0x14 /usr/local/m68k-elf/lib/libc.a(libc_a-abort.o)
                0x0000000000012024                abort
 .text          0x0000000000012038      0x390 /usr/local/m68k-elf/lib/libc.a(libc_a-signal.o)
                0x0000000000012038                _init_signal_r
                0x000000000001207a                _signal_r
                0x00000000000120e6                _raise_r
                0x000000000001216a                __sigtramp_r
                0x00000000000121fc                raise
                0x0000000000012282                signal
                0x00000000000122f0                _init_signal
                0x0000000000012334                __sigtramp
 .text          0x00000000000123c8       0x34 /usr/local/m68k-elf/lib/libc.a(libc_a-signalr.o)
                0x00000000000123c8                _kill_r
                0x00000000000123f6                _getpid_r
 .text          0x00000000000123fc       0x22 /usr/local/lib/gcc/m68k-elf/11/libgcc.a(_mulsi3.o)
                0x00000000000123fc                __mulsi3
 *fill*         0x000000000001241e        0x2 
 .text          0x0000000000012420       0x5c /usr/local/lib/gcc/m68k-elf/11/libgcc.a(_udivsi3.o)
                0x0000000000012420                __udivsi3
 .text          0x000000000001247c       0x2e /usr/local/lib/gcc/m68k-elf/11/libgcc.a(_divsi3.o)
                0x000000000001247c                __divsi3
 *fill*         0x00000000000124aa        0x2 
 .text          0x00000000000124ac       0x2e /usr/local/lib/gcc/m68k-elf/11/libgcc.a(_umodsi3.o)
                0x00000000000124ac                __umodsi3
 *fill*         0x00000000000124da        0x2 
 .text          0x00000000000124dc       0x2e /usr/local/lib/gcc/m68k-elf/11/libgcc.a(_modsi3.o)
                0x00000000000124dc                __modsi3
 *fill*         0x000000000001250a        0x2 
 .text          0x000000000001250c      0x9cc /usr/local/lib/gcc/m68k-elf/11/libgcc.a(_double.o)
                0x0000000000012566                __subdf3
                0x000000000001256c                __adddf3
                0x0000000000012902                __muldf3
                0x0000000000012ab0                __divdf3
                0x0000000000012d24                __negdf2
                0x0000000000012d82                __cmpdf2_internal
                0x0000000000012e52                __cmpdf2
 .text          0x0000000000012ed8       0x6a /usr/local/lib/gcc/m68k-elf/11/libgcc.a(_floatex.o)
                0x0000000000012ed8                __clear_sticky_bit
                0x0000000000012ee6                $_exception_handler
 *fill*         0x0000000000012f42        0x2 
 .text          0x0000000000012f44       0x22 /usr/local/lib/gcc/m68k-elf/11/libgcc.a(_eqdf2.o)
                0x0000000000012f44                __eqdf2
 *fill*         0x0000000000012f66        0x2 
 .text          0x0000000000012f68       0x22 /usr/local/lib/gcc/m68k-elf/11/libgcc.a(_nedf2.o)
                0x0000000000012f68                __nedf2
 *fill*         0x0000000000012f8a        0x2 
 .text          0x0000000000012f8c       0x22 /usr/local/lib/gcc/m68k-elf/11/libgcc.a(_gtdf2.o)
                0x0000000000012f8c                __gtdf2
 *fill*         0x0000000000012fae        0x2 
 .text          0x0000000000012fb0       0x22 /usr/local/lib/gcc/m68k-elf/11/libgcc.a(_ltdf2.o)
                0x0000000000012fb0                __ltdf2
 *fill*         0x0000000000012fd2        0x2 
 .text          0x0000000000012fd4       0x22 /usr/local/lib/gcc/m68k-elf/11/libgcc.a(_ledf2.o)
                0x0000000000012fd4                __ledf2
 *fill*         0x0000000000012ff6        0x2 
 .text          0x0000000000012ff8       0x1a /usr/local/lib/gcc/m68k-elf/11/libgcc.a(_lesf2.o)
                0x0000000000012ff8                __lesf2
 *fill*         0x0000000000013012        0x2 
 .text          0x0000000000013014       0x66 /usr/local/lib/gcc/m68k-elf/11/libgcc.a(_fixunsdfsi.o)
                0x0000000000013014                __fixunsdfsi
 *fill*         0x000000000001307a        0x2 
 .text          0x000000000001307c       0x52 /usr/local/lib/gcc/m68k-elf/11/libgcc.a(_fixdfdi.o)
                0x000000000001307c                __fixdfdi
 *fill*         0x00000000000130ce        0x2 
 .text          0x00000000000130d0       0x72 /usr/local/lib/gcc/m68k-elf/11/libgcc.a(_fixunsdfdi.o)
                0x00000000000130d0                __fixunsdfdi
 *fill*         0x0000000000013142        0x2 
 .text          0x0000000000013144       0x4a /usr/local/lib/gcc/m68k-elf/11/libgcc.a(_floatdidf.o)
                0x0000000000013144                __floatdidf
 *fill*         0x000000000001318e        0x2 
 .text          0x0000000000013190      0x53a /usr/local/lib/gcc/m68k-elf/11/libgcc.a(fpgnulib.o)
                0x000000000001323e                __unordsf2
                0x0000000000013294                __unorddf2
                0x0000000000013304                __floatunsidf
                0x000000000001337a                __floatsidf
                0x000000000001338e                __floatunsisf
                0x0000000000013408                __floatsisf
                0x0000000000013424                __extendsfdf2
                0x0000000000013498                __truncdfsf2
                0x00000000000135a6                __fixdfsi
                0x0000000000013636                __fixsfsi
 *fill*         0x00000000000136ca        0x2 
 .text          0x00000000000136cc      0x8c0 /usr/local/lib/gcc/m68k-elf/11/libgcc.a(xfgnulib.o)
                0x00000000000136cc                __unordxf2
                0x000000000001376c                __extenddfxf2
                0x0000000000013820                __truncxfdf2
                0x00000000000138e8                __extendsfxf2
                0x00000000000139a2                __truncxfsf2
                0x0000000000013a9c                __floatsixf
                0x0000000000013ae2                __floatunsixf
                0x0000000000013b28                __fixxfsi
                0x0000000000013b4a                __addxf3
                0x0000000000013bc0                __subxf3
                0x0000000000013c36                __mulxf3
                0x0000000000013cac                __divxf3
                0x0000000000013d22                __negxf2
                0x0000000000013d78                __cmpxf2
                0x0000000000013dc4                __eqxf2
                0x0000000000013e10                __nexf2
                0x0000000000013e5c                __ltxf2
                0x0000000000013ea8                __lexf2
                0x0000000000013ef4                __gtxf2
                0x0000000000013f40                __gexf2
 .text          0x0000000000013f8c      0x72a /usr/local/lib/gcc/m68k-elf/11/libgcc.a(_float.o)
                0x0000000000013fd4                __subsf3
                0x0000000000013fda                __addsf3
                0x0000000000014268                __mulsf3
                0x0000000000014394                __divsf3
                0x000000000001455a                __negsf2
                0x00000000000145ac                __cmpsf2_internal
                0x0000000000014648                __cmpsf2
 *fill*         0x00000000000146b6        0x2 
 .text          0x00000000000146b8       0x22 /usr/local/lib/gcc/m68k-elf/11/libgcc.a(_gedf2.o)
                0x00000000000146b8                __gedf2
 *fill*         0x00000000000146da        0x2 
 .text          0x00000000000146dc        0x4 /usr/local/m68k-elf/lib/libidp.a(close.o)
                0x00000000000146dc                close
 .text          0x00000000000146e0       0x14 /usr/local/m68k-elf/lib/libidp.a(fstat.o)
                0x00000000000146e0                fstat
 .text          0x00000000000146f4        0x4 /usr/local/m68k-elf/lib/libidp.a(getpid.o)
                0x00000000000146f4                getpid
 .text          0x00000000000146f8        0x4 /usr/local/m68k-elf/lib/libidp.a(isatty.o)
                0x00000000000146f8                isatty
 .text          0x00000000000146fc       0x16 /usr/local/m68k-elf/lib/libidp.a(kill.o)
                0x00000000000146fc                kill
 *fill*         0x0000000000014712        0x2 
 .text          0x0000000000014714       0x10 /usr/local/m68k-elf/lib/libidp.a(lseek.o)
                0x0000000000014714                lseek
 .text          0x0000000000014724       0x2a /usr/local/m68k-elf/lib/libidp.a(sbrk.o)
                0x0000000000014724                sbrk
 *fill*         0x000000000001474e        0x2 
 .text          0x0000000000014750       0x12 /usr/local/m68k-elf/lib/libidp.a(mc68ec.o)
                0x0000000000014750                _exit
                0x0000000000014754                delay
                0x0000000000014764                . = ALIGN (0x4)
 *fill*         0x0000000000014762        0x2 
                0x0000000000014764                __CTOR_LIST__ = .
                0x0000000000014764                ___CTOR_LIST__ = .
                0x0000000000014764        0x4 LONG 0x0 (((__CTOR_END__ - __CTOR_LIST__) / 0x4) - 0x2)
 *(.ctors)
                0x0000000000014768        0x4 LONG 0x0
                0x000000000001476c                __CTOR_END__ = .
                0x000000000001476c                __DTOR_LIST__ = .
                0x000000000001476c                ___DTOR_LIST__ = .
                0x000000000001476c        0x4 LONG 0x0 (((__DTOR_END__ - __DTOR_LIST__) / 0x4) - 0x2)
 *(.dtors)
                0x0000000000014770        0x4 LONG 0x0
                0x0000000000014774                __DTOR_END__ = .
 *(.rodata)
 .rodata        0x0000000000014774       0x20 /usr/local/m68k-elf/lib/libc.a(libc_a-vfprintf.o)
 .rodata        0x0000000000014794       0x20 /usr/local/m68k-elf/lib/libc.a(libc_a-vfiprintf.o)
 .rodata        0x00000000000147b4       0x22 /usr/local/m68k-elf/lib/libc.a(libc_a-vfscanf.o)
 .rodata        0x00000000000147d6      0x124 /usr/local/m68k-elf/lib/libc.a(libc_a-mprec.o)
                0x00000000000147e2                __mprec_tinytens
                0x000000000001480a                __mprec_bigtens
                0x0000000000014832                __mprec_tens
 .rodata        0x00000000000148fa       0x50 /usr/local/m68k-elf/lib/libc.a(libc_a-strtod.o)
 .rodata        0x000000000001494a      0x101 /usr/local/m68k-elf/lib/libc.a(libc_a-ctype_.o)
                0x000000000001494a                _ctype_
 .rodata        0x0000000000014a4b       0x20 /usr/local/m68k-elf/lib/libc.a(libc_a-svfprintf.o)
 .rodata        0x0000000000014a6b      0x100 /usr/local/m68k-elf/lib/libc.a(libc_a-gdtoa-gethex.o)
                0x0000000000014a6b                __hexdig
 .rodata        0x0000000000014b6b       0x20 /usr/local/m68k-elf/lib/libc.a(libc_a-svfiprintf.o)
 *(.gcc_except_table)
                0x0000000000014b8b                __INIT_SECTION__ = .
                0x0000000000014b8b        0x4 LONG 0x4e560000
 *(.init)
                0x0000000000014b8f        0x2 SHORT 0x4e5e
                0x0000000000014b91        0x2 SHORT 0x4e75
                0x0000000000014b93                __FINI_SECTION__ = .
                0x0000000000014b93        0x4 LONG 0x4e560000
 *(.fini)
                0x0000000000014b97        0x2 SHORT 0x4e5e
                0x0000000000014b99        0x2 SHORT 0x4e75
                0x0000000000014b9b                _etext = .
 *(.lit)

.text.startup   0x0000000000014b9c       0x3c
 .text.startup  0x0000000000014b9c       0x3c test3.o
                0x0000000000014b9c                main

.rodata.str1.1  0x0000000000014bd8      0xb6a
 .rodata.str1.1
                0x0000000000014bd8        0xc mtk_c.o
 .rodata.str1.1
                0x0000000000014be4      0x2a2 test3.o
 .rodata.str1.1
                0x0000000000014e86        0x5 /usr/local/m68k-elf/lib/libc.a(libc_a-perror.o)
 .rodata.str1.1
                0x0000000000014e8b        0x2 /usr/local/m68k-elf/lib/libc.a(libc_a-puts.o)
 .rodata.str1.1
                0x0000000000014e8d      0x697 /usr/local/m68k-elf/lib/libc.a(libc_a-strerror.o)
 .rodata.str1.1
                0x0000000000015524       0x3b /usr/local/m68k-elf/lib/libc.a(libc_a-vfprintf.o)
 .rodata.str1.1
                0x000000000001555f       0x29 /usr/local/m68k-elf/lib/libc.a(libc_a-vfiprintf.o)
 .rodata.str1.1
                0x0000000000015588        0x6 /usr/local/m68k-elf/lib/libc.a(libc_a-vfscanf.o)
 .rodata.str1.1
                0x000000000001558e        0xb /usr/local/m68k-elf/lib/libc.a(libc_a-locale.o)
 .rodata.str1.1
                0x0000000000015599       0x59 /usr/local/m68k-elf/lib/libc.a(libc_a-dtoa.o)
 .rodata.str1.1
                0x00000000000155f2       0x4b /usr/local/m68k-elf/lib/libc.a(libc_a-mprec.o)
 .rodata.str1.1
                0x000000000001563d        0xf /usr/local/m68k-elf/lib/libc.a(libc_a-strtod.o)
 .rodata.str1.1
                0x000000000001564c        0x1 /usr/local/m68k-elf/lib/libc.a(libc_a-mbrtowc.o)
 .rodata.str1.1
                0x000000000001564d       0x3b /usr/local/m68k-elf/lib/libc.a(libc_a-svfprintf.o)
 .rodata.str1.1
                0x0000000000015688       0x3d /usr/local/m68k-elf/lib/libc.a(libc_a-assert.o)
 .rodata.str1.1
                0x00000000000156c5       0x54 /usr/local/m68k-elf/lib/libc.a(libc_a-gdtoa-gethex.o)
 .rodata.str1.1
                0x0000000000015719       0x29 /usr/local/m68k-elf/lib/libc.a(libc_a-svfiprintf.o)

.data           0x0000000000015744      0x8ec
 *(.shdata)
 *(.data)
 .data          0x0000000000015744        0x4 crt0.o
 .data          0x0000000000015748      0x22a mon.o
 *fill*         0x0000000000015972        0x2 
 .data          0x0000000000015974        0x0 csys68k.o
 .data          0x0000000000015974        0x0 inchrw.o
 .data          0x0000000000015974        0x0 mtk_asm.o
 .data          0x0000000000015974        0x0 mtk_c.o
 .data          0x0000000000015974        0x0 outchr.o
 .data          0x0000000000015974        0x0 test3.o
 .data          0x0000000000015974        0x0 /usr/local/m68k-elf/lib/libc.a(libc_a-exit.o)
 .data          0x0000000000015974        0x0 /usr/local/m68k-elf/lib/libc.a(libc_a-fdopen.o)
 .data          0x0000000000015974        0xc /usr/local/m68k-elf/lib/libc.a(libc_a-findfp.o)
                0x0000000000015974                __sglue
 .data          0x0000000000015980        0x0 /usr/local/m68k-elf/lib/libc.a(libc_a-flags.o)
 .data          0x0000000000015980        0x0 /usr/local/m68k-elf/lib/libc.a(libc_a-fprintf.o)
 .data          0x0000000000015980        0x0 /usr/local/m68k-elf/lib/libc.a(libc_a-fscanf.o)
 .data          0x0000000000015980        0x0 /usr/local/m68k-elf/lib/libc.a(libc_a-fwalk.o)
 .data          0x0000000000015980        0x0 /usr/local/m68k-elf/lib/libc.a(libc_a-fwrite.o)
 .data          0x0000000000015980        0x0 /usr/local/m68k-elf/lib/libc.a(libc_a-perror.o)
 .data          0x0000000000015980        0x0 /usr/local/m68k-elf/lib/libc.a(libc_a-puts.o)
 .data          0x0000000000015980        0x0 /usr/local/m68k-elf/lib/libc.a(libc_a-stdio.o)
 .data          0x0000000000015980        0x0 /usr/local/m68k-elf/lib/libc.a(libc_a-strerror.o)
 .data          0x0000000000015980        0x0 /usr/local/m68k-elf/lib/libc.a(libc_a-u_strerr.o)
 .data          0x0000000000015980        0x0 /usr/local/m68k-elf/lib/libc.a(libc_a-closer.o)
 .data          0x0000000000015980        0x0 /usr/local/m68k-elf/lib/libc.a(libc_a-reent.o)
 .data          0x0000000000015980      0x11a /usr/local/m68k-elf/lib/libc.a(libc_a-impure.o)
                0x0000000000015980                _impure_ptr
                0x0000000000015984                _impure_data
 *fill*         0x0000000000015a9a        0x2 
 .data          0x0000000000015a9c        0x0 /usr/local/m68k-elf/lib/libc.a(libc_a-lseekr.o)
 .data          0x0000000000015a9c        0x0 /usr/local/m68k-elf/lib/libc.a(libc_a-readr.o)
 .data          0x0000000000015a9c        0x0 /usr/local/m68k-elf/lib/libc.a(libc_a-writer.o)
 .data          0x0000000000015a9c        0x0 /usr/local/m68k-elf/lib/libc.a(libc_a-strlen.o)
 .data          0x0000000000015a9c        0x0 /usr/local/m68k-elf/lib/libc.a(libc_a-memcpy.o)
 .data          0x0000000000015a9c        0x0 /usr/local/m68k-elf/lib/libc.a(libc_a-memset.o)
 .data          0x0000000000015a9c        0x0 /usr/local/m68k-elf/lib/libc.a(libc_a-__call_atexit.o)
 .data          0x0000000000015a9c        0x0 /usr/local/m68k-elf/lib/libc.a(libc_a-freer.o)
 .data          0x0000000000015a9c      0x410 /usr/local/m68k-elf/lib/libc.a(libc_a-mallocr.o)
                0x0000000000015a9c                __malloc_sbrk_base
                0x0000000000015aa0                __malloc_trim_threshold
                0x0000000000015aa4                __malloc_av_
 .data          0x0000000000015eac        0x0 /usr/local/m68k-elf/lib/libc.a(libc_a-mlock.o)
 .data          0x0000000000015eac        0x0 /usr/local/m68k-elf/lib/libc.a(libc_a-vfprintf.o)
 .data          0x0000000000015eac        0x0 /usr/local/m68k-elf/lib/libc.a(libc_a-vfiprintf.o)
 .data          0x0000000000015eac        0x0 /usr/local/m68k-elf/lib/libc.a(libc_a-vfscanf.o)
 .data          0x0000000000015eac        0x0 /usr/local/m68k-elf/lib/libc.a(libc_a-fclose.o)
 .data          0x0000000000015eac        0x0 /usr/local/m68k-elf/lib/libc.a(libc_a-fflush.o)
 .data          0x0000000000015eac        0x0 /usr/local/m68k-elf/lib/libc.a(libc_a-fileno.o)
 .data          0x0000000000015eac        0x0 /usr/local/m68k-elf/lib/libc.a(libc_a-fread.o)
 .data          0x0000000000015eac        0x0 /usr/local/m68k-elf/lib/libc.a(libc_a-fvwrite.o)
 .data          0x0000000000015eac        0x0 /usr/local/m68k-elf/lib/libc.a(libc_a-refill.o)
 .data          0x0000000000015eac        0x0 /usr/local/m68k-elf/lib/libc.a(libc_a-sccl.o)
 .data          0x0000000000015eac        0x0 /usr/local/m68k-elf/lib/libc.a(libc_a-sprintf.o)
 .data          0x0000000000015eac        0x0 /usr/local/m68k-elf/lib/libc.a(libc_a-ungetc.o)
 .data          0x0000000000015eac        0x0 /usr/local/m68k-elf/lib/libc.a(libc_a-wsetup.o)
 .data          0x0000000000015eac        0x0 /usr/local/m68k-elf/lib/libc.a(libc_a-fputwc.o)
 .data          0x0000000000015eac        0x0 /usr/local/m68k-elf/lib/libc.a(libc_a-memchr.o)
 .data          0x0000000000015eac        0x0 /usr/local/m68k-elf/lib/libc.a(libc_a-memmove.o)
 .data          0x0000000000015eac      0x168 /usr/local/m68k-elf/lib/libc.a(libc_a-locale.o)
                0x0000000000015eac                __global_locale
 .data          0x0000000000016014        0x0 /usr/local/m68k-elf/lib/libc.a(libc_a-localeconv.o)
 .data          0x0000000000016014        0x0 /usr/local/m68k-elf/lib/libc.a(libc_a-sbrkr.o)
 .data          0x0000000000016014        0x0 /usr/local/m68k-elf/lib/libc.a(libm_a-sf_nan.o)
 .data          0x0000000000016014        0x0 /usr/local/m68k-elf/lib/libc.a(libc_a-dtoa.o)
 .data          0x0000000000016014        0x0 /usr/local/m68k-elf/lib/libc.a(libc_a-mbtowc_r.o)
 .data          0x0000000000016014        0x0 /usr/local/m68k-elf/lib/libc.a(libc_a-mprec.o)
 .data          0x0000000000016014        0x0 /usr/local/m68k-elf/lib/libc.a(libc_a-reallocr.o)
 .data          0x0000000000016014        0x0 /usr/local/m68k-elf/lib/libc.a(libc_a-strtod.o)
 .data          0x0000000000016014        0x0 /usr/local/m68k-elf/lib/libc.a(libc_a-strtol.o)
 .data          0x0000000000016014        0x0 /usr/local/m68k-elf/lib/libc.a(libc_a-strtoul.o)
 .data          0x0000000000016014        0x0 /usr/local/m68k-elf/lib/libc.a(libc_a-wctomb_r.o)
 .data          0x0000000000016014        0x0 /usr/local/m68k-elf/lib/libc.a(libc_a-mbrtowc.o)
 .data          0x0000000000016014        0x0 /usr/local/m68k-elf/lib/libc.a(libc_a-wcrtomb.o)
 .data          0x0000000000016014        0x0 /usr/local/m68k-elf/lib/libc.a(libc_a-ctype_.o)
 .data          0x0000000000016014        0x0 /usr/local/m68k-elf/lib/libc.a(libc_a-iswspace.o)
 .data          0x0000000000016014        0x0 /usr/local/m68k-elf/lib/libc.a(libc_a-iswspace_l.o)
 .data          0x0000000000016014        0x0 /usr/local/m68k-elf/lib/libc.a(libc_a-svfprintf.o)
 .data          0x0000000000016014        0x0 /usr/local/m68k-elf/lib/libc.a(libc_a-makebuf.o)
 .data          0x0000000000016014        0x0 /usr/local/m68k-elf/lib/libc.a(libc_a-wbuf.o)
 .data          0x0000000000016014        0x0 /usr/local/m68k-elf/lib/libc.a(libc_a-strcmp.o)
 .data          0x0000000000016014        0x0 /usr/local/m68k-elf/lib/libc.a(libc_a-strncmp.o)
 .data          0x0000000000016014        0x0 /usr/local/m68k-elf/lib/libc.a(libc_a-fstatr.o)
 .data          0x0000000000016014        0x0 /usr/local/m68k-elf/lib/libc.a(libc_a-isattyr.o)
 .data          0x0000000000016014        0x0 /usr/local/m68k-elf/lib/libc.a(libc_a-errno.o)
 .data          0x0000000000016014        0x0 /usr/local/m68k-elf/lib/libc.a(libm_a-s_nan.o)
 .data          0x0000000000016014        0x0 /usr/local/m68k-elf/lib/libc.a(libc_a-assert.o)
 .data          0x0000000000016014        0x0 /usr/local/m68k-elf/lib/libc.a(libc_a-callocr.o)
 .data          0x0000000000016014        0x0 /usr/local/m68k-elf/lib/libc.a(libc_a-gdtoa-gethex.o)
 .data          0x0000000000016014        0x0 /usr/local/m68k-elf/lib/libc.a(libc_a-gdtoa-hexnan.o)
 .data          0x0000000000016014        0x0 /usr/local/m68k-elf/lib/libc.a(libc_a-fiprintf.o)
 .data          0x0000000000016014        0x0 /usr/local/m68k-elf/lib/libc.a(libc_a-svfiprintf.o)
 .data          0x0000000000016014        0x0 /usr/local/m68k-elf/lib/libc.a(libc_a-abort.o)
 .data          0x0000000000016014        0x0 /usr/local/m68k-elf/lib/libc.a(libc_a-signal.o)
 .data          0x0000000000016014        0x0 /usr/local/m68k-elf/lib/libc.a(libc_a-signalr.o)
 .data          0x0000000000016014        0x0 /usr/local/lib/gcc/m68k-elf/11/libgcc.a(_mulsi3.o)
 .data          0x0000000000016014        0x0 /usr/local/lib/gcc/m68k-elf/11/libgcc.a(_udivsi3.o)
 .data          0x0000000000016014        0x0 /usr/local/lib/gcc/m68k-elf/11/libgcc.a(_divsi3.o)
 .data          0x0000000000016014        0x0 /usr/local/lib/gcc/m68k-elf/11/libgcc.a(_umodsi3.o)
 .data          0x0000000000016014        0x0 /usr/local/lib/gcc/m68k-elf/11/libgcc.a(_modsi3.o)
 .data          0x0000000000016014        0x0 /usr/local/lib/gcc/m68k-elf/11/libgcc.a(_double.o)
 .data          0x0000000000016014       0x1c /usr/local/lib/gcc/m68k-elf/11/libgcc.a(_floatex.o)
                0x0000000000016014                _fpCCR
 .data          0x0000000000016030        0x0 /usr/local/lib/gcc/m68k-elf/11/libgcc.a(_eqdf2.o)
 .data          0x0000000000016030        0x0 /usr/local/lib/gcc/m68k-elf/11/libgcc.a(_nedf2.o)
 .data          0x0000000000016030        0x0 /usr/local/lib/gcc/m68k-elf/11/libgcc.a(_gtdf2.o)
 .data          0x0000000000016030        0x0 /usr/local/lib/gcc/m68k-elf/11/libgcc.a(_ltdf2.o)
 .data          0x0000000000016030        0x0 /usr/local/lib/gcc/m68k-elf/11/libgcc.a(_ledf2.o)
 .data          0x0000000000016030        0x0 /usr/local/lib/gcc/m68k-elf/11/libgcc.a(_lesf2.o)
 .data          0x0000000000016030        0x0 /usr/local/lib/gcc/m68k-elf/11/libgcc.a(_fixunsdfsi.o)
 .data          0x0000000000016030        0x0 /usr/local/lib/gcc/m68k-elf/11/libgcc.a(_fixdfdi.o)
 .data          0x0000000000016030        0x0 /usr/local/lib/gcc/m68k-elf/11/libgcc.a(_fixunsdfdi.o)
 .data          0x0000000000016030        0x0 /usr/local/lib/gcc/m68k-elf/11/libgcc.a(_floatdidf.o)
 .data          0x0000000000016030        0x0 /usr/local/lib/gcc/m68k-elf/11/libgcc.a(fpgnulib.o)
 .data          0x0000000000016030        0x0 /usr/local/lib/gcc/m68k-elf/11/libgcc.a(xfgnulib.o)
 .data          0x0000000000016030        0x0 /usr/local/lib/gcc/m68k-elf/11/libgcc.a(_float.o)
 .data          0x0000000000016030        0x0 /usr/local/lib/gcc/m68k-elf/11/libgcc.a(_gedf2.o)
 .data          0x0000000000016030        0x0 /usr/local/m68k-elf/lib/libidp.a(close.o)
 .data          0x0000000000016030        0x0 /usr/local/m68k-elf/lib/libidp.a(fstat.o)
 .data          0x0000000000016030        0x0 /usr/local/m68k-elf/lib/libidp.a(getpid.o)
 .data          0x0000000000016030        0x0 /usr/local/m68k-elf/lib/libidp.a(isatty.o)
 .data          0x0000000000016030        0x0 /usr/local/m68k-elf/lib/libidp.a(kill.o)
 .data          0x0000000000016030        0x0 /usr/local/m68k-elf/lib/libidp.a(lseek.o)
 .data          0x0000000000016030        0x0 /usr/local/m68k-elf/lib/libidp.a(sbrk.o)
 .data          0x0000000000016030        0x0 /usr/local/m68k-elf/lib/libidp.a(mc68ec.o)
                0x0000000000016030                _edata = .

.bss            0x0000000000016030    0x260ec
                0x0000000000016030                . = ALIGN (0x4)
                0x0000000000016030                __bss_start = .
 *(.shbss)
 *(.bss)
 .bss           0x0000000000016030        0x0 crt0.o
 .bss           0x0000000000016030     0x8104 mon.o
 .bss           0x000000000001e134        0x0 csys68k.o
 .bss           0x000000000001e134        0x2 inchrw.o
 *fill*         0x000000000001e136        0x2 
 .bss           0x000000000001e138        0x0 mtk_asm.o
 .bss           0x000000000001e138     0x28a0 mtk_c.o
                0x000000000001e138                ready
                0x000000000001e13c                next_task
                0x000000000001e140                new_task
                0x000000000001e144                curr_task
                0x000000000001e148                stacks
                0x0000000000020948                task_tab
                0x00000000000209c0                semaphore
 .bss           0x00000000000209d8        0x2 outchr.o
                0x00000000000209d8                obDATA
 *fill*         0x00000000000209da        0x2 
 .bss           0x00000000000209dc    0x1b5c0 test3.o
                0x00000000000209dc                chatlog
                0x0000000000039464                chatlog_sender
                0x000000000003bf5c                chatlog_size
                0x000000000003bf60                chatlog_write_index
                0x000000000003bf64                chatlog_read_index
                0x000000000003bf68                chatlog_y
                0x000000000003bf6c                chatlog_x
                0x000000000003bf70                chatlog_start_y
                0x000000000003bf74                chatlog_start_x
                0x000000000003bf78                clock_pos_y
                0x000000000003bf7c                clock_pos_x
                0x000000000003bf80                global_sec
                0x000000000003bf84                global_min
                0x000000000003bf88                global_hour
                0x000000000003bf8c                com1out
                0x000000000003bf90                com1in
                0x000000000003bf94                com0out
                0x000000000003bf98                com0in
 .bss           0x000000000003bf9c        0x0 /usr/local/m68k-elf/lib/libc.a(libc_a-exit.o)
 .bss           0x000000000003bf9c        0x0 /usr/local/m68k-elf/lib/libc.a(libc_a-fdopen.o)
 .bss           0x000000000003bf9c      0x13c /usr/local/m68k-elf/lib/libc.a(libc_a-findfp.o)
                0x000000000003bf9c                __sf
                0x000000000003c0d4                __stdio_exit_handler
 .bss           0x000000000003c0d8        0x0 /usr/local/m68k-elf/lib/libc.a(libc_a-flags.o)
 .bss           0x000000000003c0d8        0x0 /usr/local/m68k-elf/lib/libc.a(libc_a-fprintf.o)
 .bss           0x000000000003c0d8        0x0 /usr/local/m68k-elf/lib/libc.a(libc_a-fscanf.o)
 .bss           0x000000000003c0d8        0x0 /usr/local/m68k-elf/lib/libc.a(libc_a-fwalk.o)
 .bss           0x000000000003c0d8        0x0 /usr/local/m68k-elf/lib/libc.a(libc_a-fwrite.o)
 .bss           0x000000000003c0d8        0x0 /usr/local/m68k-elf/lib/libc.a(libc_a-perror.o)
 .bss           0x000000000003c0d8        0x0 /usr/local/m68k-elf/lib/libc.a(libc_a-puts.o)
 .bss           0x000000000003c0d8        0x0 /usr/local/m68k-elf/lib/libc.a(libc_a-stdio.o)
 .bss           0x000000000003c0d8        0x0 /usr/local/m68k-elf/lib/libc.a(libc_a-strerror.o)
 .bss           0x000000000003c0d8        0x0 /usr/local/m68k-elf/lib/libc.a(libc_a-u_strerr.o)
 .bss           0x000000000003c0d8        0x0 /usr/local/m68k-elf/lib/libc.a(libc_a-closer.o)
 .bss           0x000000000003c0d8        0x4 /usr/local/m68k-elf/lib/libc.a(libc_a-reent.o)
                0x000000000003c0d8                errno
 .bss           0x000000000003c0dc        0x0 /usr/local/m68k-elf/lib/libc.a(libc_a-impure.o)
 .bss           0x000000000003c0dc        0x0 /usr/local/m68k-elf/lib/libc.a(libc_a-lseekr.o)
 .bss           0x000000000003c0dc        0x0 /usr/local/m68k-elf/lib/libc.a(libc_a-readr.o)
 .bss           0x000000000003c0dc        0x0 /usr/local/m68k-elf/lib/libc.a(libc_a-writer.o)
 .bss           0x000000000003c0dc        0x0 /usr/local/m68k-elf/lib/libc.a(libc_a-strlen.o)
 .bss           0x000000000003c0dc        0x0 /usr/local/m68k-elf/lib/libc.a(libc_a-memcpy.o)
 .bss           0x000000000003c0dc        0x0 /usr/local/m68k-elf/lib/libc.a(libc_a-memset.o)
 .bss           0x000000000003c0dc        0x4 /usr/local/m68k-elf/lib/libc.a(libc_a-__call_atexit.o)
                0x000000000003c0dc                __atexit
 .bss           0x000000000003c0e0        0x0 /usr/local/m68k-elf/lib/libc.a(libc_a-freer.o)
 .bss           0x000000000003c0e0       0x34 /usr/local/m68k-elf/lib/libc.a(libc_a-mallocr.o)
                0x000000000003c0e0                __malloc_current_mallinfo
                0x000000000003c108                __malloc_max_total_mem
                0x000000000003c10c                __malloc_max_sbrked_mem
                0x000000000003c110                __malloc_top_pad
 .bss           0x000000000003c114        0x0 /usr/local/m68k-elf/lib/libc.a(libc_a-mlock.o)
 .bss           0x000000000003c114        0x0 /usr/local/m68k-elf/lib/libc.a(libc_a-vfprintf.o)
 .bss           0x000000000003c114        0x0 /usr/local/m68k-elf/lib/libc.a(libc_a-vfiprintf.o)
 .bss           0x000000000003c114        0x0 /usr/local/m68k-elf/lib/libc.a(libc_a-vfscanf.o)
 .bss           0x000000000003c114        0x0 /usr/local/m68k-elf/lib/libc.a(libc_a-fclose.o)
 .bss           0x000000000003c114        0x0 /usr/local/m68k-elf/lib/libc.a(libc_a-fflush.o)
 .bss           0x000000000003c114        0x0 /usr/local/m68k-elf/lib/libc.a(libc_a-fileno.o)
 .bss           0x000000000003c114        0x0 /usr/local/m68k-elf/lib/libc.a(libc_a-fread.o)
 .bss           0x000000000003c114        0x0 /usr/local/m68k-elf/lib/libc.a(libc_a-fvwrite.o)
 .bss           0x000000000003c114        0x0 /usr/local/m68k-elf/lib/libc.a(libc_a-refill.o)
 .bss           0x000000000003c114        0x0 /usr/local/m68k-elf/lib/libc.a(libc_a-sccl.o)
 .bss           0x000000000003c114        0x0 /usr/local/m68k-elf/lib/libc.a(libc_a-sprintf.o)
 .bss           0x000000000003c114        0x0 /usr/local/m68k-elf/lib/libc.a(libc_a-ungetc.o)
 .bss           0x000000000003c114        0x0 /usr/local/m68k-elf/lib/libc.a(libc_a-wsetup.o)
 .bss           0x000000000003c114        0x0 /usr/local/m68k-elf/lib/libc.a(libc_a-fputwc.o)
 .bss           0x000000000003c114        0x0 /usr/local/m68k-elf/lib/libc.a(libc_a-memchr.o)
 .bss           0x000000000003c114        0x0 /usr/local/m68k-elf/lib/libc.a(libc_a-memmove.o)
 .bss           0x000000000003c114        0x4 /usr/local/m68k-elf/lib/libc.a(libc_a-locale.o)
                0x000000000003c114                _PathLocale
 .bss           0x000000000003c118        0x0 /usr/local/m68k-elf/lib/libc.a(libc_a-localeconv.o)
 .bss           0x000000000003c118        0x0 /usr/local/m68k-elf/lib/libc.a(libc_a-sbrkr.o)
 .bss           0x000000000003c118        0x0 /usr/local/m68k-elf/lib/libc.a(libm_a-sf_nan.o)
 .bss           0x000000000003c118        0x0 /usr/local/m68k-elf/lib/libc.a(libc_a-dtoa.o)
 .bss           0x000000000003c118        0x0 /usr/local/m68k-elf/lib/libc.a(libc_a-mbtowc_r.o)
 .bss           0x000000000003c118        0x0 /usr/local/m68k-elf/lib/libc.a(libc_a-mprec.o)
 .bss           0x000000000003c118        0x0 /usr/local/m68k-elf/lib/libc.a(libc_a-reallocr.o)
 .bss           0x000000000003c118        0x0 /usr/local/m68k-elf/lib/libc.a(libc_a-strtod.o)
 .bss           0x000000000003c118        0x0 /usr/local/m68k-elf/lib/libc.a(libc_a-strtol.o)
 .bss           0x000000000003c118        0x0 /usr/local/m68k-elf/lib/libc.a(libc_a-strtoul.o)
 .bss           0x000000000003c118        0x0 /usr/local/m68k-elf/lib/libc.a(libc_a-wctomb_r.o)
 .bss           0x000000000003c118        0x0 /usr/local/m68k-elf/lib/libc.a(libc_a-mbrtowc.o)
 .bss           0x000000000003c118        0x0 /usr/local/m68k-elf/lib/libc.a(libc_a-wcrtomb.o)
 .bss           0x000000000003c118        0x0 /usr/local/m68k-elf/lib/libc.a(libc_a-ctype_.o)
 .bss           0x000000000003c118        0x0 /usr/local/m68k-elf/lib/libc.a(libc_a-iswspace.o)
 .bss           0x000000000003c118        0x0 /usr/local/m68k-elf/lib/libc.a(libc_a-iswspace_l.o)
 .bss           0x000000000003c118        0x0 /usr/local/m68k-elf/lib/libc.a(libc_a-svfprintf.o)
 .bss           0x000000000003c118        0x0 /usr/local/m68k-elf/lib/libc.a(libc_a-makebuf.o)
 .bss           0x000000000003c118        0x0 /usr/local/m68k-elf/lib/libc.a(libc_a-wbuf.o)
 .bss           0x000000000003c118        0x0 /usr/local/m68k-elf/lib/libc.a(libc_a-strcmp.o)
 .bss           0x000000000003c118        0x0 /usr/local/m68k-elf/lib/libc.a(libc_a-strncmp.o)
 .bss           0x000000000003c118        0x0 /usr/local/m68k-elf/lib/libc.a(libc_a-fstatr.o)
 .bss           0x000000000003c118        0x0 /usr/local/m68k-elf/lib/libc.a(libc_a-isattyr.o)
 .bss           0x000000000003c118        0x0 /usr/local/m68k-elf/lib/libc.a(libc_a-errno.o)
 .bss           0x000000000003c118        0x0 /usr/local/m68k-elf/lib/libc.a(libm_a-s_nan.o)
 .bss           0x000000000003c118        0x0 /usr/local/m68k-elf/lib/libc.a(libc_a-assert.o)
 .bss           0x000000000003c118        0x0 /usr/local/m68k-elf/lib/libc.a(libc_a-callocr.o)
 .bss           0x000000000003c118        0x0 /usr/local/m68k-elf/lib/libc.a(libc_a-gdtoa-gethex.o)
 .bss           0x000000000003c118        0x0 /usr/local/m68k-elf/lib/libc.a(libc_a-gdtoa-hexnan.o)
 .bss           0x000000000003c118        0x0 /usr/local/m68k-elf/lib/libc.a(libc_a-fiprintf.o)
 .bss           0x000000000003c118        0x0 /usr/local/m68k-elf/lib/libc.a(libc_a-svfiprintf.o)
 .bss           0x000000000003c118        0x0 /usr/local/m68k-elf/lib/libc.a(libc_a-abort.o)
 .bss           0x000000000003c118        0x0 /usr/local/m68k-elf/lib/libc.a(libc_a-signal.o)
 .bss           0x000000000003c118        0x0 /usr/local/m68k-elf/lib/libc.a(libc_a-signalr.o)
 .bss           0x000000000003c118        0x0 /usr/local/lib/gcc/m68k-elf/11/libgcc.a(_mulsi3.o)
 .bss           0x000000000003c118        0x0 /usr/local/lib/gcc/m68k-elf/11/libgcc.a(_udivsi3.o)
 .bss           0x000000000003c118        0x0 /usr/local/lib/gcc/m68k-elf/11/libgcc.a(_divsi3.o)
 .bss           0x000000000003c118        0x0 /usr/local/lib/gcc/m68k-elf/11/libgcc.a(_umodsi3.o)
 .bss           0x000000000003c118        0x0 /usr/local/lib/gcc/m68k-elf/11/libgcc.a(_modsi3.o)
 .bss           0x000000000003c118        0x0 /usr/local/lib/gcc/m68k-elf/11/libgcc.a(_double.o)
 .bss           0x000000000003c118        0x0 /usr/local/lib/gcc/m68k-elf/11/libgcc.a(_floatex.o)
 .bss           0x000000000003c118        0x0 /usr/local/lib/gcc/m68k-elf/11/libgcc.a(_eqdf2.o)
 .bss           0x000000000003c118        0x0 /usr/local/lib/gcc/m68k-elf/11/libgcc.a(_nedf2.o)
 .bss           0x000000000003c118        0x0 /usr/local/lib/gcc/m68k-elf/11/libgcc.a(_gtdf2.o)
 .bss           0x000000000003c118        0x0 /usr/local/lib/gcc/m68k-elf/11/libgcc.a(_ltdf2.o)
 .bss           0x000000000003c118        0x0 /usr/local/lib/gcc/m68k-elf/11/libgcc.a(_ledf2.o)
 .bss           0x000000000003c118        0x0 /usr/local/lib/gcc/m68k-elf/11/libgcc.a(_lesf2.o)
 .bss           0x000000000003c118        0x0 /usr/local/lib/gcc/m68k-elf/11/libgcc.a(_fixunsdfsi.o)
 .bss           0x000000000003c118        0x0 /usr/local/lib/gcc/m68k-elf/11/libgcc.a(_fixdfdi.o)
 .bss           0x000000000003c118        0x0 /usr/local/lib/gcc/m68k-elf/11/libgcc.a(_fixunsdfdi.o)
 .bss           0x000000000003c118        0x0 /usr/local/lib/gcc/m68k-elf/11/libgcc.a(_floatdidf.o)
 .bss           0x000000000003c118        0x0 /usr/local/lib/gcc/m68k-elf/11/libgcc.a(fpgnulib.o)
 .bss           0x000000000003c118        0x0 /usr/local/lib/gcc/m68k-elf/11/libgcc.a(xfgnulib.o)
 .bss           0x000000000003c118        0x0 /usr/local/lib/gcc/m68k-elf/11/libgcc.a(_float.o)
 .bss           0x000000000003c118        0x0 /usr/local/lib/gcc/m68k-elf/11/libgcc.a(_gedf2.o)
 .bss           0x000000000003c118        0x0 /usr/local/m68k-elf/lib/libidp.a(close.o)
 .bss           0x000000000003c118        0x0 /usr/local/m68k-elf/lib/libidp.a(fstat.o)
 .bss           0x000000000003c118        0x0 /usr/local/m68k-elf/lib/libidp.a(getpid.o)
 .bss           0x000000000003c118        0x0 /usr/local/m68k-elf/lib/libidp.a(isatty.o)
 .bss           0x000000000003c118        0x0 /usr/local/m68k-elf/lib/libidp.a(kill.o)
 .bss           0x000000000003c118        0x0 /usr/local/m68k-elf/lib/libidp.a(lseek.o)
 .bss           0x000000000003c118        0x4 /usr/local/m68k-elf/lib/libidp.a(sbrk.o)
                0x000000000003c118                heap_ptr
 .bss           0x000000000003c11c        0x0 /usr/local/m68k-elf/lib/libidp.a(mc68ec.o)
 *(COMMON)
                0x000000000003c120                _end = ALIGN (0x8)
                0x000000000003c120                __end = _end

.stab
 *(.stab)

.stabstr
 *(.stabstr)
OUTPUT(test3.hex srec)

.debug_info     0x0000000000000000    0x2e55e
 .debug_info    0x0000000000000000      0x1f6 csys68k.o
 .debug_info    0x00000000000001f6      0x78d mtk_c.o
 .debug_info    0x0000000000000983     0x10f7 test3.o
 .debug_info    0x0000000000001a7a       0xee /usr/local/m68k-elf/lib/libc.a(libc_a-exit.o)
 .debug_info    0x0000000000001b68      0x934 /usr/local/m68k-elf/lib/libc.a(libc_a-fdopen.o)
 .debug_info    0x000000000000249c      0xdee /usr/local/m68k-elf/lib/libc.a(libc_a-findfp.o)
 .debug_info    0x000000000000328a      0x777 /usr/local/m68k-elf/lib/libc.a(libc_a-flags.o)
 .debug_info    0x0000000000003a01      0x839 /usr/local/m68k-elf/lib/libc.a(libc_a-fprintf.o)
 .debug_info    0x000000000000423a      0x839 /usr/local/m68k-elf/lib/libc.a(libc_a-fscanf.o)
 .debug_info    0x0000000000004a73      0x7d6 /usr/local/m68k-elf/lib/libc.a(libc_a-fwalk.o)
 .debug_info    0x0000000000005249      0xa10 /usr/local/m68k-elf/lib/libc.a(libc_a-fwrite.o)
 .debug_info    0x0000000000005c59      0xa5e /usr/local/m68k-elf/lib/libc.a(libc_a-perror.o)
 .debug_info    0x00000000000066b7      0x8d4 /usr/local/m68k-elf/lib/libc.a(libc_a-puts.o)
 .debug_info    0x0000000000006f8b      0x9ff /usr/local/m68k-elf/lib/libc.a(libc_a-stdio.o)
 .debug_info    0x000000000000798a      0x83f /usr/local/m68k-elf/lib/libc.a(libc_a-strerror.o)
 .debug_info    0x00000000000081c9       0x84 /usr/local/m68k-elf/lib/libc.a(libc_a-u_strerr.o)
 .debug_info    0x000000000000824d      0x764 /usr/local/m68k-elf/lib/libc.a(libc_a-closer.o)
 .debug_info    0x00000000000089b1      0x7bb /usr/local/m68k-elf/lib/libc.a(libc_a-reent.o)
 .debug_info    0x000000000000916c      0x735 /usr/local/m68k-elf/lib/libc.a(libc_a-impure.o)
 .debug_info    0x00000000000098a1      0x7a3 /usr/local/m68k-elf/lib/libc.a(libc_a-lseekr.o)
 .debug_info    0x000000000000a044      0x796 /usr/local/m68k-elf/lib/libc.a(libc_a-readr.o)
 .debug_info    0x000000000000a7da      0x79c /usr/local/m68k-elf/lib/libc.a(libc_a-writer.o)
 .debug_info    0x000000000000af76       0xdb /usr/local/m68k-elf/lib/libc.a(libc_a-strlen.o)
 .debug_info    0x000000000000b051       0x24 /usr/local/m68k-elf/lib/libc.a(libc_a-memcpy.o)
 .debug_info    0x000000000000b075       0x24 /usr/local/m68k-elf/lib/libc.a(libc_a-memset.o)
 .debug_info    0x000000000000b099      0x21b /usr/local/m68k-elf/lib/libc.a(libc_a-__call_atexit.o)
 .debug_info    0x000000000000b2b4      0xac7 /usr/local/m68k-elf/lib/libc.a(libc_a-freer.o)
 .debug_info    0x000000000000bd7b      0xc29 /usr/local/m68k-elf/lib/libc.a(libc_a-mallocr.o)
 .debug_info    0x000000000000c9a4      0x747 /usr/local/m68k-elf/lib/libc.a(libc_a-mlock.o)
 .debug_info    0x000000000000d0eb     0x158a /usr/local/m68k-elf/lib/libc.a(libc_a-vfprintf.o)
 .debug_info    0x000000000000e675     0x164c /usr/local/m68k-elf/lib/libc.a(libc_a-vfiprintf.o)
 .debug_info    0x000000000000fcc1     0x149c /usr/local/m68k-elf/lib/libc.a(libc_a-vfscanf.o)
 .debug_info    0x000000000001115d      0x897 /usr/local/m68k-elf/lib/libc.a(libc_a-fclose.o)
 .debug_info    0x00000000000119f4      0x9ca /usr/local/m68k-elf/lib/libc.a(libc_a-fflush.o)
 .debug_info    0x00000000000123be      0x781 /usr/local/m68k-elf/lib/libc.a(libc_a-fileno.o)
 .debug_info    0x0000000000012b3f      0x99f /usr/local/m68k-elf/lib/libc.a(libc_a-fread.o)
 .debug_info    0x00000000000134de      0xa3c /usr/local/m68k-elf/lib/libc.a(libc_a-fvwrite.o)
 .debug_info    0x0000000000013f1a      0x931 /usr/local/m68k-elf/lib/libc.a(libc_a-refill.o)
 .debug_info    0x000000000001484b      0x10b /usr/local/m68k-elf/lib/libc.a(libc_a-sccl.o)
 .debug_info    0x0000000000014956      0x85d /usr/local/m68k-elf/lib/libc.a(libc_a-sprintf.o)
 .debug_info    0x00000000000151b3      0x8e4 /usr/local/m68k-elf/lib/libc.a(libc_a-ungetc.o)
 .debug_info    0x0000000000015a97      0x7b9 /usr/local/m68k-elf/lib/libc.a(libc_a-wsetup.o)
 .debug_info    0x0000000000016250      0x9e8 /usr/local/m68k-elf/lib/libc.a(libc_a-fputwc.o)
 .debug_info    0x0000000000016c38      0x142 /usr/local/m68k-elf/lib/libc.a(libc_a-memchr.o)
 .debug_info    0x0000000000016d7a      0x144 /usr/local/m68k-elf/lib/libc.a(libc_a-memmove.o)
 .debug_info    0x0000000000016ebe      0xbc8 /usr/local/m68k-elf/lib/libc.a(libc_a-locale.o)
 .debug_info    0x0000000000017a86      0xa2e /usr/local/m68k-elf/lib/libc.a(libc_a-localeconv.o)
 .debug_info    0x00000000000184b4      0x783 /usr/local/m68k-elf/lib/libc.a(libc_a-sbrkr.o)
 .debug_info    0x0000000000018c37       0xca /usr/local/m68k-elf/lib/libc.a(libm_a-sf_nan.o)
 .debug_info    0x0000000000018d01     0x156f /usr/local/m68k-elf/lib/libc.a(libc_a-dtoa.o)
 .debug_info    0x000000000001a270      0xaa2 /usr/local/m68k-elf/lib/libc.a(libc_a-mbtowc_r.o)
 .debug_info    0x000000000001ad12     0x1b9d /usr/local/m68k-elf/lib/libc.a(libc_a-mprec.o)
 .debug_info    0x000000000001c8af      0xb69 /usr/local/m68k-elf/lib/libc.a(libc_a-reallocr.o)
 .debug_info    0x000000000001d418     0x1b8f /usr/local/m68k-elf/lib/libc.a(libc_a-strtod.o)
 .debug_info    0x000000000001efa7      0xd78 /usr/local/m68k-elf/lib/libc.a(libc_a-strtol.o)
 .debug_info    0x000000000001fd1f      0xcc1 /usr/local/m68k-elf/lib/libc.a(libc_a-strtoul.o)
 .debug_info    0x00000000000209e0      0xa63 /usr/local/m68k-elf/lib/libc.a(libc_a-wctomb_r.o)
 .debug_info    0x0000000000021443      0xa8a /usr/local/m68k-elf/lib/libc.a(libc_a-mbrtowc.o)
 .debug_info    0x0000000000021ecd      0xab8 /usr/local/m68k-elf/lib/libc.a(libc_a-wcrtomb.o)
 .debug_info    0x0000000000022985       0xb9 /usr/local/m68k-elf/lib/libc.a(libc_a-ctype_.o)
 .debug_info    0x0000000000022a3e       0xd9 /usr/local/m68k-elf/lib/libc.a(libc_a-iswspace.o)
 .debug_info    0x0000000000022b17      0x9b7 /usr/local/m68k-elf/lib/libc.a(libc_a-iswspace_l.o)
 .debug_info    0x00000000000234ce     0x1402 /usr/local/m68k-elf/lib/libc.a(libc_a-svfprintf.o)
 .debug_info    0x00000000000248d0      0xbcc /usr/local/m68k-elf/lib/libc.a(libc_a-makebuf.o)
 .debug_info    0x000000000002549c      0x830 /usr/local/m68k-elf/lib/libc.a(libc_a-wbuf.o)
 .debug_info    0x0000000000025ccc       0xeb /usr/local/m68k-elf/lib/libc.a(libc_a-strcmp.o)
 .debug_info    0x0000000000025db7      0x108 /usr/local/m68k-elf/lib/libc.a(libc_a-strncmp.o)
 .debug_info    0x0000000000025ebf      0x977 /usr/local/m68k-elf/lib/libc.a(libc_a-fstatr.o)
 .debug_info    0x0000000000026836      0x764 /usr/local/m68k-elf/lib/libc.a(libc_a-isattyr.o)
 .debug_info    0x0000000000026f9a      0x71b /usr/local/m68k-elf/lib/libc.a(libc_a-errno.o)
 .debug_info    0x00000000000276b5       0xce /usr/local/m68k-elf/lib/libc.a(libm_a-s_nan.o)
 .debug_info    0x0000000000027783      0x7ef /usr/local/m68k-elf/lib/libc.a(libc_a-assert.o)
 .debug_info    0x0000000000027f72      0x8a6 /usr/local/m68k-elf/lib/libc.a(libc_a-callocr.o)
 .debug_info    0x0000000000028818     0x10ec /usr/local/m68k-elf/lib/libc.a(libc_a-gdtoa-gethex.o)
 .debug_info    0x0000000000029904      0x3c1 /usr/local/m68k-elf/lib/libc.a(libc_a-gdtoa-hexnan.o)
 .debug_info    0x0000000000029cc5      0x830 /usr/local/m68k-elf/lib/libc.a(libc_a-fiprintf.o)
 .debug_info    0x000000000002a4f5      0xfd3 /usr/local/m68k-elf/lib/libc.a(libc_a-svfiprintf.o)
 .debug_info    0x000000000002b4c8       0xc8 /usr/local/m68k-elf/lib/libc.a(libc_a-abort.o)
 .debug_info    0x000000000002b590      0xc54 /usr/local/m68k-elf/lib/libc.a(libc_a-signal.o)
 .debug_info    0x000000000002c1e4      0x7da /usr/local/m68k-elf/lib/libc.a(libc_a-signalr.o)
 .debug_info    0x000000000002c9be       0x24 /usr/local/lib/gcc/m68k-elf/11/libgcc.a(_mulsi3.o)
 .debug_info    0x000000000002c9e2       0x24 /usr/local/lib/gcc/m68k-elf/11/libgcc.a(_udivsi3.o)
 .debug_info    0x000000000002ca06       0x24 /usr/local/lib/gcc/m68k-elf/11/libgcc.a(_divsi3.o)
 .debug_info    0x000000000002ca2a       0x24 /usr/local/lib/gcc/m68k-elf/11/libgcc.a(_umodsi3.o)
 .debug_info    0x000000000002ca4e       0x24 /usr/local/lib/gcc/m68k-elf/11/libgcc.a(_modsi3.o)
 .debug_info    0x000000000002ca72       0x25 /usr/local/lib/gcc/m68k-elf/11/libgcc.a(_double.o)
 .debug_info    0x000000000002ca97       0x24 /usr/local/lib/gcc/m68k-elf/11/libgcc.a(_floatex.o)
 .debug_info    0x000000000002cabb       0x24 /usr/local/lib/gcc/m68k-elf/11/libgcc.a(_eqdf2.o)
 .debug_info    0x000000000002cadf       0x24 /usr/local/lib/gcc/m68k-elf/11/libgcc.a(_nedf2.o)
 .debug_info    0x000000000002cb03       0x24 /usr/local/lib/gcc/m68k-elf/11/libgcc.a(_gtdf2.o)
 .debug_info    0x000000000002cb27       0x24 /usr/local/lib/gcc/m68k-elf/11/libgcc.a(_ltdf2.o)
 .debug_info    0x000000000002cb4b       0x24 /usr/local/lib/gcc/m68k-elf/11/libgcc.a(_ledf2.o)
 .debug_info    0x000000000002cb6f       0x24 /usr/local/lib/gcc/m68k-elf/11/libgcc.a(_lesf2.o)
 .debug_info    0x000000000002cb93      0x128 /usr/local/lib/gcc/m68k-elf/11/libgcc.a(_fixunsdfsi.o)
 .debug_info    0x000000000002ccbb      0x124 /usr/local/lib/gcc/m68k-elf/11/libgcc.a(_fixdfdi.o)
 .debug_info    0x000000000002cddf      0x156 /usr/local/lib/gcc/m68k-elf/11/libgcc.a(_fixunsdfdi.o)
 .debug_info    0x000000000002cf35      0x14f /usr/local/lib/gcc/m68k-elf/11/libgcc.a(_floatdidf.o)
 .debug_info    0x000000000002d084      0x5bf /usr/local/lib/gcc/m68k-elf/11/libgcc.a(fpgnulib.o)
 .debug_info    0x000000000002d643      0x7d0 /usr/local/lib/gcc/m68k-elf/11/libgcc.a(xfgnulib.o)
 .debug_info    0x000000000002de13       0x25 /usr/local/lib/gcc/m68k-elf/11/libgcc.a(_float.o)
 .debug_info    0x000000000002de38       0x24 /usr/local/lib/gcc/m68k-elf/11/libgcc.a(_gedf2.o)
 .debug_info    0x000000000002de5c       0x5e /usr/local/m68k-elf/lib/libidp.a(close.o)
 .debug_info    0x000000000002deba      0x2b9 /usr/local/m68k-elf/lib/libidp.a(fstat.o)
 .debug_info    0x000000000002e173       0x4b /usr/local/m68k-elf/lib/libidp.a(getpid.o)
 .debug_info    0x000000000002e1be       0x5e /usr/local/m68k-elf/lib/libidp.a(isatty.o)
 .debug_info    0x000000000002e21c       0x9b /usr/local/m68k-elf/lib/libidp.a(kill.o)
 .debug_info    0x000000000002e2b7       0xfb /usr/local/m68k-elf/lib/libidp.a(lseek.o)
 .debug_info    0x000000000002e3b2       0xe4 /usr/local/m68k-elf/lib/libidp.a(sbrk.o)
 .debug_info    0x000000000002e496       0xc8 /usr/local/m68k-elf/lib/libidp.a(mc68ec.o)

.debug_abbrev   0x0000000000000000     0xba63
 .debug_abbrev  0x0000000000000000       0xef csys68k.o
 .debug_abbrev  0x00000000000000ef      0x299 mtk_c.o
 .debug_abbrev  0x0000000000000388      0x3f2 test3.o
 .debug_abbrev  0x000000000000077a       0xbe /usr/local/m68k-elf/lib/libc.a(libc_a-exit.o)
 .debug_abbrev  0x0000000000000838      0x28d /usr/local/m68k-elf/lib/libc.a(libc_a-fdopen.o)
 .debug_abbrev  0x0000000000000ac5      0x425 /usr/local/m68k-elf/lib/libc.a(libc_a-findfp.o)
 .debug_abbrev  0x0000000000000eea      0x1d5 /usr/local/m68k-elf/lib/libc.a(libc_a-flags.o)
 .debug_abbrev  0x00000000000010bf      0x228 /usr/local/m68k-elf/lib/libc.a(libc_a-fprintf.o)
 .debug_abbrev  0x00000000000012e7      0x228 /usr/local/m68k-elf/lib/libc.a(libc_a-fscanf.o)
 .debug_abbrev  0x000000000000150f      0x1d6 /usr/local/m68k-elf/lib/libc.a(libc_a-fwalk.o)
 .debug_abbrev  0x00000000000016e5      0x2cf /usr/local/m68k-elf/lib/libc.a(libc_a-fwrite.o)
 .debug_abbrev  0x00000000000019b4      0x27b /usr/local/m68k-elf/lib/libc.a(libc_a-perror.o)
 .debug_abbrev  0x0000000000001c2f      0x275 /usr/local/m68k-elf/lib/libc.a(libc_a-puts.o)
 .debug_abbrev  0x0000000000001ea4      0x243 /usr/local/m68k-elf/lib/libc.a(libc_a-stdio.o)
 .debug_abbrev  0x00000000000020e7      0x227 /usr/local/m68k-elf/lib/libc.a(libc_a-strerror.o)
 .debug_abbrev  0x000000000000230e       0x63 /usr/local/m68k-elf/lib/libc.a(libc_a-u_strerr.o)
 .debug_abbrev  0x0000000000002371      0x1e0 /usr/local/m68k-elf/lib/libc.a(libc_a-closer.o)
 .debug_abbrev  0x0000000000002551      0x208 /usr/local/m68k-elf/lib/libc.a(libc_a-reent.o)
 .debug_abbrev  0x0000000000002759      0x185 /usr/local/m68k-elf/lib/libc.a(libc_a-impure.o)
 .debug_abbrev  0x00000000000028de      0x1f1 /usr/local/m68k-elf/lib/libc.a(libc_a-lseekr.o)
 .debug_abbrev  0x0000000000002acf      0x1e0 /usr/local/m68k-elf/lib/libc.a(libc_a-readr.o)
 .debug_abbrev  0x0000000000002caf      0x1e5 /usr/local/m68k-elf/lib/libc.a(libc_a-writer.o)
 .debug_abbrev  0x0000000000002e94       0x8a /usr/local/m68k-elf/lib/libc.a(libc_a-strlen.o)
 .debug_abbrev  0x0000000000002f1e       0x14 /usr/local/m68k-elf/lib/libc.a(libc_a-memcpy.o)
 .debug_abbrev  0x0000000000002f32       0x14 /usr/local/m68k-elf/lib/libc.a(libc_a-memset.o)
 .debug_abbrev  0x0000000000002f46      0x154 /usr/local/m68k-elf/lib/libc.a(libc_a-__call_atexit.o)
 .debug_abbrev  0x000000000000309a      0x274 /usr/local/m68k-elf/lib/libc.a(libc_a-freer.o)
 .debug_abbrev  0x000000000000330e      0x2b7 /usr/local/m68k-elf/lib/libc.a(libc_a-mallocr.o)
 .debug_abbrev  0x00000000000035c5      0x1ce /usr/local/m68k-elf/lib/libc.a(libc_a-mlock.o)
 .debug_abbrev  0x0000000000003793      0x482 /usr/local/m68k-elf/lib/libc.a(libc_a-vfprintf.o)
 .debug_abbrev  0x0000000000003c15      0x46c /usr/local/m68k-elf/lib/libc.a(libc_a-vfiprintf.o)
 .debug_abbrev  0x0000000000004081      0x44c /usr/local/m68k-elf/lib/libc.a(libc_a-vfscanf.o)
 .debug_abbrev  0x00000000000044cd      0x2c1 /usr/local/m68k-elf/lib/libc.a(libc_a-fclose.o)
 .debug_abbrev  0x000000000000478e      0x311 /usr/local/m68k-elf/lib/libc.a(libc_a-fflush.o)
 .debug_abbrev  0x0000000000004a9f      0x1e7 /usr/local/m68k-elf/lib/libc.a(libc_a-fileno.o)
 .debug_abbrev  0x0000000000004c86      0x299 /usr/local/m68k-elf/lib/libc.a(libc_a-fread.o)
 .debug_abbrev  0x0000000000004f1f      0x241 /usr/local/m68k-elf/lib/libc.a(libc_a-fvwrite.o)
 .debug_abbrev  0x0000000000005160      0x2a7 /usr/local/m68k-elf/lib/libc.a(libc_a-refill.o)
 .debug_abbrev  0x0000000000005407       0xaa /usr/local/m68k-elf/lib/libc.a(libc_a-sccl.o)
 .debug_abbrev  0x00000000000054b1      0x23b /usr/local/m68k-elf/lib/libc.a(libc_a-sprintf.o)
 .debug_abbrev  0x00000000000056ec      0x297 /usr/local/m68k-elf/lib/libc.a(libc_a-ungetc.o)
 .debug_abbrev  0x0000000000005983      0x1fe /usr/local/m68k-elf/lib/libc.a(libc_a-wsetup.o)
 .debug_abbrev  0x0000000000005b81      0x34a /usr/local/m68k-elf/lib/libc.a(libc_a-fputwc.o)
 .debug_abbrev  0x0000000000005ecb       0xd4 /usr/local/m68k-elf/lib/libc.a(libc_a-memchr.o)
 .debug_abbrev  0x0000000000005f9f       0xc3 /usr/local/m68k-elf/lib/libc.a(libc_a-memmove.o)
 .debug_abbrev  0x0000000000006062      0x2e5 /usr/local/m68k-elf/lib/libc.a(libc_a-locale.o)
 .debug_abbrev  0x0000000000006347      0x264 /usr/local/m68k-elf/lib/libc.a(libc_a-localeconv.o)
 .debug_abbrev  0x00000000000065ab      0x1f3 /usr/local/m68k-elf/lib/libc.a(libc_a-sbrkr.o)
 .debug_abbrev  0x000000000000679e       0x77 /usr/local/m68k-elf/lib/libc.a(libm_a-sf_nan.o)
 .debug_abbrev  0x0000000000006815      0x365 /usr/local/m68k-elf/lib/libc.a(libc_a-dtoa.o)
 .debug_abbrev  0x0000000000006b7a      0x252 /usr/local/m68k-elf/lib/libc.a(libc_a-mbtowc_r.o)
 .debug_abbrev  0x0000000000006dcc      0x527 /usr/local/m68k-elf/lib/libc.a(libc_a-mprec.o)
 .debug_abbrev  0x00000000000072f3      0x256 /usr/local/m68k-elf/lib/libc.a(libc_a-reallocr.o)
 .debug_abbrev  0x0000000000007549      0x52e /usr/local/m68k-elf/lib/libc.a(libc_a-strtod.o)
 .debug_abbrev  0x0000000000007a77      0x330 /usr/local/m68k-elf/lib/libc.a(libc_a-strtol.o)
 .debug_abbrev  0x0000000000007da7      0x2f3 /usr/local/m68k-elf/lib/libc.a(libc_a-strtoul.o)
 .debug_abbrev  0x000000000000809a      0x226 /usr/local/m68k-elf/lib/libc.a(libc_a-wctomb_r.o)
 .debug_abbrev  0x00000000000082c0      0x21d /usr/local/m68k-elf/lib/libc.a(libc_a-mbrtowc.o)
 .debug_abbrev  0x00000000000084dd      0x233 /usr/local/m68k-elf/lib/libc.a(libc_a-wcrtomb.o)
 .debug_abbrev  0x0000000000008710       0x62 /usr/local/m68k-elf/lib/libc.a(libc_a-ctype_.o)
 .debug_abbrev  0x0000000000008772       0xad /usr/local/m68k-elf/lib/libc.a(libc_a-iswspace.o)
 .debug_abbrev  0x000000000000881f      0x1db /usr/local/m68k-elf/lib/libc.a(libc_a-iswspace_l.o)
 .debug_abbrev  0x00000000000089fa      0x3de /usr/local/m68k-elf/lib/libc.a(libc_a-svfprintf.o)
 .debug_abbrev  0x0000000000008dd8      0x2ad /usr/local/m68k-elf/lib/libc.a(libc_a-makebuf.o)
 .debug_abbrev  0x0000000000009085      0x25a /usr/local/m68k-elf/lib/libc.a(libc_a-wbuf.o)
 .debug_abbrev  0x00000000000092df       0x83 /usr/local/m68k-elf/lib/libc.a(libc_a-strcmp.o)
 .debug_abbrev  0x0000000000009362       0x92 /usr/local/m68k-elf/lib/libc.a(libc_a-strncmp.o)
 .debug_abbrev  0x00000000000093f4      0x1f0 /usr/local/m68k-elf/lib/libc.a(libc_a-fstatr.o)
 .debug_abbrev  0x00000000000095e4      0x1e0 /usr/local/m68k-elf/lib/libc.a(libc_a-isattyr.o)
 .debug_abbrev  0x00000000000097c4      0x19a /usr/local/m68k-elf/lib/libc.a(libc_a-errno.o)
 .debug_abbrev  0x000000000000995e       0x77 /usr/local/m68k-elf/lib/libc.a(libm_a-s_nan.o)
 .debug_abbrev  0x00000000000099d5      0x206 /usr/local/m68k-elf/lib/libc.a(libc_a-assert.o)
 .debug_abbrev  0x0000000000009bdb      0x238 /usr/local/m68k-elf/lib/libc.a(libc_a-callocr.o)
 .debug_abbrev  0x0000000000009e13      0x3e8 /usr/local/m68k-elf/lib/libc.a(libc_a-gdtoa-gethex.o)
 .debug_abbrev  0x000000000000a1fb      0x1c8 /usr/local/m68k-elf/lib/libc.a(libc_a-gdtoa-hexnan.o)
 .debug_abbrev  0x000000000000a3c3      0x221 /usr/local/m68k-elf/lib/libc.a(libc_a-fiprintf.o)
 .debug_abbrev  0x000000000000a5e4      0x311 /usr/local/m68k-elf/lib/libc.a(libc_a-svfiprintf.o)
 .debug_abbrev  0x000000000000a8f5       0x85 /usr/local/m68k-elf/lib/libc.a(libc_a-abort.o)
 .debug_abbrev  0x000000000000a97a      0x2f9 /usr/local/m68k-elf/lib/libc.a(libc_a-signal.o)
 .debug_abbrev  0x000000000000ac73      0x22d /usr/local/m68k-elf/lib/libc.a(libc_a-signalr.o)
 .debug_abbrev  0x000000000000aea0       0x14 /usr/local/lib/gcc/m68k-elf/11/libgcc.a(_mulsi3.o)
 .debug_abbrev  0x000000000000aeb4       0x14 /usr/local/lib/gcc/m68k-elf/11/libgcc.a(_udivsi3.o)
 .debug_abbrev  0x000000000000aec8       0x14 /usr/local/lib/gcc/m68k-elf/11/libgcc.a(_divsi3.o)
 .debug_abbrev  0x000000000000aedc       0x14 /usr/local/lib/gcc/m68k-elf/11/libgcc.a(_umodsi3.o)
 .debug_abbrev  0x000000000000aef0       0x14 /usr/local/lib/gcc/m68k-elf/11/libgcc.a(_modsi3.o)
 .debug_abbrev  0x000000000000af04       0x14 /usr/local/lib/gcc/m68k-elf/11/libgcc.a(_double.o)
 .debug_abbrev  0x000000000000af18       0x14 /usr/local/lib/gcc/m68k-elf/11/libgcc.a(_floatex.o)
 .debug_abbrev  0x000000000000af2c       0x14 /usr/local/lib/gcc/m68k-elf/11/libgcc.a(_eqdf2.o)
 .debug_abbrev  0x000000000000af40       0x14 /usr/local/lib/gcc/m68k-elf/11/libgcc.a(_nedf2.o)
 .debug_abbrev  0x000000000000af54       0x14 /usr/local/lib/gcc/m68k-elf/11/libgcc.a(_gtdf2.o)
 .debug_abbrev  0x000000000000af68       0x14 /usr/local/lib/gcc/m68k-elf/11/libgcc.a(_ltdf2.o)
 .debug_abbrev  0x000000000000af7c       0x14 /usr/local/lib/gcc/m68k-elf/11/libgcc.a(_ledf2.o)
 .debug_abbrev  0x000000000000af90       0x14 /usr/local/lib/gcc/m68k-elf/11/libgcc.a(_lesf2.o)
 .debug_abbrev  0x000000000000afa4       0x7e /usr/local/lib/gcc/m68k-elf/11/libgcc.a(_fixunsdfsi.o)
 .debug_abbrev  0x000000000000b022       0xa8 /usr/local/lib/gcc/m68k-elf/11/libgcc.a(_fixdfdi.o)
 .debug_abbrev  0x000000000000b0ca       0xa5 /usr/local/lib/gcc/m68k-elf/11/libgcc.a(_fixunsdfdi.o)
 .debug_abbrev  0x000000000000b16f       0x92 /usr/local/lib/gcc/m68k-elf/11/libgcc.a(_floatdidf.o)
 .debug_abbrev  0x000000000000b201      0x25f /usr/local/lib/gcc/m68k-elf/11/libgcc.a(fpgnulib.o)
 .debug_abbrev  0x000000000000b460      0x1e3 /usr/local/lib/gcc/m68k-elf/11/libgcc.a(xfgnulib.o)
 .debug_abbrev  0x000000000000b643       0x14 /usr/local/lib/gcc/m68k-elf/11/libgcc.a(_float.o)
 .debug_abbrev  0x000000000000b657       0x14 /usr/local/lib/gcc/m68k-elf/11/libgcc.a(_gedf2.o)
 .debug_abbrev  0x000000000000b66b       0x58 /usr/local/m68k-elf/lib/libidp.a(close.o)
 .debug_abbrev  0x000000000000b6c3       0xa6 /usr/local/m68k-elf/lib/libidp.a(fstat.o)
 .debug_abbrev  0x000000000000b769       0x45 /usr/local/m68k-elf/lib/libidp.a(getpid.o)
 .debug_abbrev  0x000000000000b7ae       0x58 /usr/local/m68k-elf/lib/libidp.a(isatty.o)
 .debug_abbrev  0x000000000000b806       0x99 /usr/local/m68k-elf/lib/libidp.a(kill.o)
 .debug_abbrev  0x000000000000b89f       0x9e /usr/local/m68k-elf/lib/libidp.a(lseek.o)
 .debug_abbrev  0x000000000000b93d       0xa5 /usr/local/m68k-elf/lib/libidp.a(sbrk.o)
 .debug_abbrev  0x000000000000b9e2       0x81 /usr/local/m68k-elf/lib/libidp.a(mc68ec.o)

.debug_loclists
                0x0000000000000000    0x176d2
 .debug_loclists
                0x0000000000000000      0x11a csys68k.o
 .debug_loclists
                0x000000000000011a      0x426 mtk_c.o
 .debug_loclists
                0x0000000000000540      0x2d4 test3.o
 .debug_loclists
                0x0000000000000814      0x15e /usr/local/m68k-elf/lib/libc.a(libc_a-fdopen.o)
 .debug_loclists
                0x0000000000000972      0x19a /usr/local/m68k-elf/lib/libc.a(libc_a-findfp.o)
 .debug_loclists
                0x0000000000000b0c       0xcb /usr/local/m68k-elf/lib/libc.a(libc_a-flags.o)
 .debug_loclists
                0x0000000000000bd7       0xc1 /usr/local/m68k-elf/lib/libc.a(libc_a-fprintf.o)
 .debug_loclists
                0x0000000000000c98       0xc1 /usr/local/m68k-elf/lib/libc.a(libc_a-fscanf.o)
 .debug_loclists
                0x0000000000000d59       0x62 /usr/local/m68k-elf/lib/libc.a(libc_a-fwalk.o)
 .debug_loclists
                0x0000000000000dbb      0x374 /usr/local/m68k-elf/lib/libc.a(libc_a-fwrite.o)
 .debug_loclists
                0x000000000000112f      0x159 /usr/local/m68k-elf/lib/libc.a(libc_a-perror.o)
 .debug_loclists
                0x0000000000001288       0xd2 /usr/local/m68k-elf/lib/libc.a(libc_a-puts.o)
 .debug_loclists
                0x000000000000135a       0x92 /usr/local/m68k-elf/lib/libc.a(libc_a-stdio.o)
 .debug_loclists
                0x00000000000013ec      0x4b6 /usr/local/m68k-elf/lib/libc.a(libc_a-strerror.o)
 .debug_loclists
                0x00000000000018a2       0x14 /usr/local/m68k-elf/lib/libc.a(libc_a-closer.o)
 .debug_loclists
                0x00000000000018b6       0x23 /usr/local/m68k-elf/lib/libc.a(libc_a-reent.o)
 .debug_loclists
                0x00000000000018d9       0x14 /usr/local/m68k-elf/lib/libc.a(libc_a-lseekr.o)
 .debug_loclists
                0x00000000000018ed       0x14 /usr/local/m68k-elf/lib/libc.a(libc_a-readr.o)
 .debug_loclists
                0x0000000000001901       0x14 /usr/local/m68k-elf/lib/libc.a(libc_a-writer.o)
 .debug_loclists
                0x0000000000001915       0x25 /usr/local/m68k-elf/lib/libc.a(libc_a-strlen.o)
 .debug_loclists
                0x000000000000193a       0xb1 /usr/local/m68k-elf/lib/libc.a(libc_a-__call_atexit.o)
 .debug_loclists
                0x00000000000019eb      0x3eb /usr/local/m68k-elf/lib/libc.a(libc_a-freer.o)
 .debug_loclists
                0x0000000000001dd6      0x9b7 /usr/local/m68k-elf/lib/libc.a(libc_a-mallocr.o)
 .debug_loclists
                0x000000000000278d     0x2748 /usr/local/m68k-elf/lib/libc.a(libc_a-vfprintf.o)
 .debug_loclists
                0x0000000000004ed5     0x1c2f /usr/local/m68k-elf/lib/libc.a(libc_a-vfiprintf.o)
 .debug_loclists
                0x0000000000006b04     0x1ed3 /usr/local/m68k-elf/lib/libc.a(libc_a-vfscanf.o)
 .debug_loclists
                0x00000000000089d7       0x6c /usr/local/m68k-elf/lib/libc.a(libc_a-fclose.o)
 .debug_loclists
                0x0000000000008a43      0x17d /usr/local/m68k-elf/lib/libc.a(libc_a-fflush.o)
 .debug_loclists
                0x0000000000008bc0       0x2c /usr/local/m68k-elf/lib/libc.a(libc_a-fileno.o)
 .debug_loclists
                0x0000000000008bec      0x1b8 /usr/local/m68k-elf/lib/libc.a(libc_a-fread.o)
 .debug_loclists
                0x0000000000008da4      0x3e1 /usr/local/m68k-elf/lib/libc.a(libc_a-fvwrite.o)
 .debug_loclists
                0x0000000000009185       0x90 /usr/local/m68k-elf/lib/libc.a(libc_a-refill.o)
 .debug_loclists
                0x0000000000009215      0x19e /usr/local/m68k-elf/lib/libc.a(libc_a-sccl.o)
 .debug_loclists
                0x00000000000093b3       0xa1 /usr/local/m68k-elf/lib/libc.a(libc_a-sprintf.o)
 .debug_loclists
                0x0000000000009454      0x119 /usr/local/m68k-elf/lib/libc.a(libc_a-ungetc.o)
 .debug_loclists
                0x000000000000956d       0x1d /usr/local/m68k-elf/lib/libc.a(libc_a-wsetup.o)
 .debug_loclists
                0x000000000000958a      0x198 /usr/local/m68k-elf/lib/libc.a(libc_a-fputwc.o)
 .debug_loclists
                0x0000000000009722       0xe3 /usr/local/m68k-elf/lib/libc.a(libc_a-memchr.o)
 .debug_loclists
                0x0000000000009805      0x2be /usr/local/m68k-elf/lib/libc.a(libc_a-memmove.o)
 .debug_loclists
                0x0000000000009ac3       0x56 /usr/local/m68k-elf/lib/libc.a(libc_a-locale.o)
 .debug_loclists
                0x0000000000009b19       0x21 /usr/local/m68k-elf/lib/libc.a(libc_a-localeconv.o)
 .debug_loclists
                0x0000000000009b3a       0x14 /usr/local/m68k-elf/lib/libc.a(libc_a-sbrkr.o)
 .debug_loclists
                0x0000000000009b4e     0x270b /usr/local/m68k-elf/lib/libc.a(libc_a-dtoa.o)
 .debug_loclists
                0x000000000000c259       0x33 /usr/local/m68k-elf/lib/libc.a(libc_a-mbtowc_r.o)
 .debug_loclists
                0x000000000000c28c     0x18c8 /usr/local/m68k-elf/lib/libc.a(libc_a-mprec.o)
 .debug_loclists
                0x000000000000db54     0x131f /usr/local/m68k-elf/lib/libc.a(libc_a-reallocr.o)
 .debug_loclists
                0x000000000000ee73     0x1efd /usr/local/m68k-elf/lib/libc.a(libc_a-strtod.o)
 .debug_loclists
                0x0000000000010d70      0x3d4 /usr/local/m68k-elf/lib/libc.a(libc_a-strtol.o)
 .debug_loclists
                0x0000000000011144      0x375 /usr/local/m68k-elf/lib/libc.a(libc_a-strtoul.o)
 .debug_loclists
                0x00000000000114b9       0x3a /usr/local/m68k-elf/lib/libc.a(libc_a-wctomb_r.o)
 .debug_loclists
                0x00000000000114f3       0x6c /usr/local/m68k-elf/lib/libc.a(libc_a-mbrtowc.o)
 .debug_loclists
                0x000000000001155f      0x1de /usr/local/m68k-elf/lib/libc.a(libc_a-wcrtomb.o)
 .debug_loclists
                0x000000000001173d     0x265f /usr/local/m68k-elf/lib/libc.a(libc_a-svfprintf.o)
 .debug_loclists
                0x0000000000013d9c      0x32e /usr/local/m68k-elf/lib/libc.a(libc_a-makebuf.o)
 .debug_loclists
                0x00000000000140ca       0x7b /usr/local/m68k-elf/lib/libc.a(libc_a-wbuf.o)
 .debug_loclists
                0x0000000000014145       0x5a /usr/local/m68k-elf/lib/libc.a(libc_a-strcmp.o)
 .debug_loclists
                0x000000000001419f       0xe9 /usr/local/m68k-elf/lib/libc.a(libc_a-strncmp.o)
 .debug_loclists
                0x0000000000014288       0x14 /usr/local/m68k-elf/lib/libc.a(libc_a-fstatr.o)
 .debug_loclists
                0x000000000001429c       0x14 /usr/local/m68k-elf/lib/libc.a(libc_a-isattyr.o)
 .debug_loclists
                0x00000000000142b0      0x1c1 /usr/local/m68k-elf/lib/libc.a(libc_a-callocr.o)
 .debug_loclists
                0x0000000000014471      0xece /usr/local/m68k-elf/lib/libc.a(libc_a-gdtoa-gethex.o)
 .debug_loclists
                0x000000000001533f      0x536 /usr/local/m68k-elf/lib/libc.a(libc_a-gdtoa-hexnan.o)
 .debug_loclists
                0x0000000000015875       0xc1 /usr/local/m68k-elf/lib/libc.a(libc_a-fiprintf.o)
 .debug_loclists
                0x0000000000015936     0x1313 /usr/local/m68k-elf/lib/libc.a(libc_a-svfiprintf.o)
 .debug_loclists
                0x0000000000016c49      0x245 /usr/local/m68k-elf/lib/libc.a(libc_a-signal.o)
 .debug_loclists
                0x0000000000016e8e       0x14 /usr/local/m68k-elf/lib/libc.a(libc_a-signalr.o)
 .debug_loclists
                0x0000000000016ea2       0x82 /usr/local/lib/gcc/m68k-elf/11/libgcc.a(_fixunsdfdi.o)
 .debug_loclists
                0x0000000000016f24       0x37 /usr/local/lib/gcc/m68k-elf/11/libgcc.a(_floatdidf.o)
 .debug_loclists
                0x0000000000016f5b      0x536 /usr/local/lib/gcc/m68k-elf/11/libgcc.a(fpgnulib.o)
 .debug_loclists
                0x0000000000017491      0x1eb /usr/local/lib/gcc/m68k-elf/11/libgcc.a(xfgnulib.o)
 .debug_loclists
                0x000000000001767c       0x1f /usr/local/m68k-elf/lib/libidp.a(sbrk.o)
 .debug_loclists
                0x000000000001769b       0x37 /usr/local/m68k-elf/lib/libidp.a(mc68ec.o)

.debug_aranges  0x0000000000000000      0xd98
 .debug_aranges
                0x0000000000000000       0x20 csys68k.o
 .debug_aranges
                0x0000000000000020       0x20 mtk_c.o
 .debug_aranges
                0x0000000000000040       0x28 test3.o
 .debug_aranges
                0x0000000000000068       0x20 /usr/local/m68k-elf/lib/libc.a(libc_a-exit.o)
 .debug_aranges
                0x0000000000000088       0x20 /usr/local/m68k-elf/lib/libc.a(libc_a-fdopen.o)
 .debug_aranges
                0x00000000000000a8       0x20 /usr/local/m68k-elf/lib/libc.a(libc_a-findfp.o)
 .debug_aranges
                0x00000000000000c8       0x20 /usr/local/m68k-elf/lib/libc.a(libc_a-flags.o)
 .debug_aranges
                0x00000000000000e8       0x20 /usr/local/m68k-elf/lib/libc.a(libc_a-fprintf.o)
 .debug_aranges
                0x0000000000000108       0x20 /usr/local/m68k-elf/lib/libc.a(libc_a-fscanf.o)
 .debug_aranges
                0x0000000000000128       0x20 /usr/local/m68k-elf/lib/libc.a(libc_a-fwalk.o)
 .debug_aranges
                0x0000000000000148       0x20 /usr/local/m68k-elf/lib/libc.a(libc_a-fwrite.o)
 .debug_aranges
                0x0000000000000168       0x20 /usr/local/m68k-elf/lib/libc.a(libc_a-perror.o)
 .debug_aranges
                0x0000000000000188       0x20 /usr/local/m68k-elf/lib/libc.a(libc_a-puts.o)
 .debug_aranges
                0x00000000000001a8       0x20 /usr/local/m68k-elf/lib/libc.a(libc_a-stdio.o)
 .debug_aranges
                0x00000000000001c8       0x20 /usr/local/m68k-elf/lib/libc.a(libc_a-strerror.o)
 .debug_aranges
                0x00000000000001e8       0x20 /usr/local/m68k-elf/lib/libc.a(libc_a-u_strerr.o)
 .debug_aranges
                0x0000000000000208       0x20 /usr/local/m68k-elf/lib/libc.a(libc_a-closer.o)
 .debug_aranges
                0x0000000000000228       0x20 /usr/local/m68k-elf/lib/libc.a(libc_a-reent.o)
 .debug_aranges
                0x0000000000000248       0x18 /usr/local/m68k-elf/lib/libc.a(libc_a-impure.o)
 .debug_aranges
                0x0000000000000260       0x20 /usr/local/m68k-elf/lib/libc.a(libc_a-lseekr.o)
 .debug_aranges
                0x0000000000000280       0x20 /usr/local/m68k-elf/lib/libc.a(libc_a-readr.o)
 .debug_aranges
                0x00000000000002a0       0x20 /usr/local/m68k-elf/lib/libc.a(libc_a-writer.o)
 .debug_aranges
                0x00000000000002c0       0x20 /usr/local/m68k-elf/lib/libc.a(libc_a-strlen.o)
 .debug_aranges
                0x00000000000002e0       0x20 /usr/local/m68k-elf/lib/libc.a(libc_a-memcpy.o)
 .debug_aranges
                0x0000000000000300       0x20 /usr/local/m68k-elf/lib/libc.a(libc_a-memset.o)
 .debug_aranges
                0x0000000000000320       0x20 /usr/local/m68k-elf/lib/libc.a(libc_a-__call_atexit.o)
 .debug_aranges
                0x0000000000000340       0x20 /usr/local/m68k-elf/lib/libc.a(libc_a-freer.o)
 .debug_aranges
                0x0000000000000360       0x20 /usr/local/m68k-elf/lib/libc.a(libc_a-mallocr.o)
 .debug_aranges
                0x0000000000000380       0x20 /usr/local/m68k-elf/lib/libc.a(libc_a-mlock.o)
 .debug_aranges
                0x00000000000003a0       0x20 /usr/local/m68k-elf/lib/libc.a(libc_a-vfprintf.o)
 .debug_aranges
                0x00000000000003c0       0x20 /usr/local/m68k-elf/lib/libc.a(libc_a-vfiprintf.o)
 .debug_aranges
                0x00000000000003e0       0x20 /usr/local/m68k-elf/lib/libc.a(libc_a-vfscanf.o)
 .debug_aranges
                0x0000000000000400       0x20 /usr/local/m68k-elf/lib/libc.a(libc_a-fclose.o)
 .debug_aranges
                0x0000000000000420       0x20 /usr/local/m68k-elf/lib/libc.a(libc_a-fflush.o)
 .debug_aranges
                0x0000000000000440       0x20 /usr/local/m68k-elf/lib/libc.a(libc_a-fileno.o)
 .debug_aranges
                0x0000000000000460       0x20 /usr/local/m68k-elf/lib/libc.a(libc_a-fread.o)
 .debug_aranges
                0x0000000000000480       0x20 /usr/local/m68k-elf/lib/libc.a(libc_a-fvwrite.o)
 .debug_aranges
                0x00000000000004a0       0x20 /usr/local/m68k-elf/lib/libc.a(libc_a-refill.o)
 .debug_aranges
                0x00000000000004c0       0x20 /usr/local/m68k-elf/lib/libc.a(libc_a-sccl.o)
 .debug_aranges
                0x00000000000004e0       0x20 /usr/local/m68k-elf/lib/libc.a(libc_a-sprintf.o)
 .debug_aranges
                0x0000000000000500       0x20 /usr/local/m68k-elf/lib/libc.a(libc_a-ungetc.o)
 .debug_aranges
                0x0000000000000520       0x20 /usr/local/m68k-elf/lib/libc.a(libc_a-wsetup.o)
 .debug_aranges
                0x0000000000000540       0x20 /usr/local/m68k-elf/lib/libc.a(libc_a-fputwc.o)
 .debug_aranges
                0x0000000000000560       0x20 /usr/local/m68k-elf/lib/libc.a(libc_a-memchr.o)
 .debug_aranges
                0x0000000000000580       0x20 /usr/local/m68k-elf/lib/libc.a(libc_a-memmove.o)
 .debug_aranges
                0x00000000000005a0       0x20 /usr/local/m68k-elf/lib/libc.a(libc_a-locale.o)
 .debug_aranges
                0x00000000000005c0       0x20 /usr/local/m68k-elf/lib/libc.a(libc_a-localeconv.o)
 .debug_aranges
                0x00000000000005e0       0x20 /usr/local/m68k-elf/lib/libc.a(libc_a-sbrkr.o)
 .debug_aranges
                0x0000000000000600       0x20 /usr/local/m68k-elf/lib/libc.a(libm_a-sf_nan.o)
 .debug_aranges
                0x0000000000000620       0x20 /usr/local/m68k-elf/lib/libc.a(libc_a-dtoa.o)
 .debug_aranges
                0x0000000000000640       0x20 /usr/local/m68k-elf/lib/libc.a(libc_a-mbtowc_r.o)
 .debug_aranges
                0x0000000000000660       0x20 /usr/local/m68k-elf/lib/libc.a(libc_a-mprec.o)
 .debug_aranges
                0x0000000000000680       0x20 /usr/local/m68k-elf/lib/libc.a(libc_a-reallocr.o)
 .debug_aranges
                0x00000000000006a0       0x20 /usr/local/m68k-elf/lib/libc.a(libc_a-strtod.o)
 .debug_aranges
                0x00000000000006c0       0x20 /usr/local/m68k-elf/lib/libc.a(libc_a-strtol.o)
 .debug_aranges
                0x00000000000006e0       0x20 /usr/local/m68k-elf/lib/libc.a(libc_a-strtoul.o)
 .debug_aranges
                0x0000000000000700       0x20 /usr/local/m68k-elf/lib/libc.a(libc_a-wctomb_r.o)
 .debug_aranges
                0x0000000000000720       0x20 /usr/local/m68k-elf/lib/libc.a(libc_a-mbrtowc.o)
 .debug_aranges
                0x0000000000000740       0x20 /usr/local/m68k-elf/lib/libc.a(libc_a-wcrtomb.o)
 .debug_aranges
                0x0000000000000760       0x18 /usr/local/m68k-elf/lib/libc.a(libc_a-ctype_.o)
 .debug_aranges
                0x0000000000000778       0x20 /usr/local/m68k-elf/lib/libc.a(libc_a-iswspace.o)
 .debug_aranges
                0x0000000000000798       0x20 /usr/local/m68k-elf/lib/libc.a(libc_a-iswspace_l.o)
 .debug_aranges
                0x00000000000007b8       0x20 /usr/local/m68k-elf/lib/libc.a(libc_a-svfprintf.o)
 .debug_aranges
                0x00000000000007d8       0x20 /usr/local/m68k-elf/lib/libc.a(libc_a-makebuf.o)
 .debug_aranges